******************************************************************************
                  TI ARM Linker PC v20.2.1                     
******************************************************************************
>> Linked Wed May 26 20:05:24 2021

OUTPUT FILE NAME:   <LS1.out>
ENTRY POINT SYMBOL: "_c_int00_noargs"  address: 00000949


MEMORY CONFIGURATION

         name            origin    length      used     unused   attr    fill
----------------------  --------  ---------  --------  --------  ----  --------
  MAIN                  00000000   00040000  000009bc  0003f644  R  X
  INFO                  00200000   00004000  00000000  00004000  R  X
  SRAM_CODE             01000000   00010000  00000205  0000fdfb  RW X
  SRAM_DATA             20000000   00010000  00000205  0000fdfb  RW  


SEGMENT ALLOCATION MAP

run origin  load origin   length   init length attrs members
----------  ----------- ---------- ----------- ----- -------
00000000    00000000    000009bc   000009bc    r-x
  00000000    00000000    000000e4   000000e4    r-- .intvecs
  000000e4    000000e4    000008bc   000008bc    r-x .text
  000009a0    000009a0    0000001c   0000001c    r-- .cinit
20000000    20000000    00000005   00000000    rw-
  20000000    20000000    00000005   00000000    rw- .data
2000fe00    2000fe00    00000200   00000000    rw-
  2000fe00    2000fe00    00000200   00000000    rw- .stack


SECTION ALLOCATION MAP

 output                                  attributes/
section   page    origin      length       input sections
--------  ----  ----------  ----------   ----------------
.intvecs   0    00000000    000000e4     
                  00000000    000000e4     startup_msp432p401r_ccs.obj (.intvecs:retain)

.text      0    000000e4    000008bc     
                  000000e4    000003e8     main.obj (.text)
                  000004cc    00000334     system_msp432p401r.obj (.text)
                  00000800    0000009c     rtsv7M4_T_le_v4SPD16_eabi.lib : memcpy_t2.asm.obj (.text)
                  0000089c    00000068                                   : copy_decompress_lzss.c.obj (.text:decompress:lzss:__TI_decompress_lzss)
                  00000904    00000044                                   : autoinit.c.obj (.text:__TI_auto_init_nobinit_nopinit:__TI_auto_init_nobinit_nopinit)
                  00000948    00000034                                   : boot_cortex_m.c.obj (.text:_c_int00_noargs:_c_int00_noargs)
                  0000097c    0000000e                                   : copy_decompress_none.c.obj (.text:decompress:none:__TI_decompress_none)
                  0000098a    0000000e     startup_msp432p401r_ccs.obj (.text)
                  00000998    00000004     rtsv7M4_T_le_v4SPD16_eabi.lib : pre_init.c.obj (.text:_system_pre_init)
                  0000099c    00000004                                   : exit.c.obj (.text:abort:abort)

.cinit     0    000009a0    0000001c     
                  000009a0    00000009     (.cinit..data.load) [load image, compression = lzss]
                  000009a9    00000003     --HOLE-- [fill = 0]
                  000009ac    00000008     (__TI_handler_table)
                  000009b4    00000008     (__TI_cinit_table)

.init_array 
*          0    00000000    00000000     UNINITIALIZED

.binit     0    00000000    00000000     

.data      0    20000000    00000005     UNINITIALIZED
                  20000000    00000004     system_msp432p401r.obj (.data)
                  20000004    00000001     main.obj (.data)

.stack     0    2000fe00    00000200     UNINITIALIZED
                  2000fe00    00000004     rtsv7M4_T_le_v4SPD16_eabi.lib : boot_cortex_m.c.obj (.stack)
                  2000fe04    000001fc     --HOLE--

__llvm_prf_cnts 
*          0    20000000    00000000     UNINITIALIZED

MODULE SUMMARY

       Module                        code   ro data   rw data
       ------                        ----   -------   -------
    .\
       main.obj                      1000   0         2      
       system_msp432p401r.obj        820    0         8      
       startup_msp432p401r_ccs.obj   14     228       0      
    +--+-----------------------------+------+---------+---------+
       Total:                        1834   228       10     
                                                             
    C:\ti\ccs1011\ccs\tools\compiler\ti-cgt-arm_20.2.1.LTS\lib\rtsv7M4_T_le_v4SPD16_eabi.lib
       memcpy_t2.asm.obj             156    0         0      
       copy_decompress_lzss.c.obj    104    0         0      
       autoinit.c.obj                68     0         0      
       boot_cortex_m.c.obj           52     0         0      
       copy_decompress_none.c.obj    14     0         0      
       exit.c.obj                    4      0         0      
       pre_init.c.obj                4      0         0      
    +--+-----------------------------+------+---------+---------+
       Total:                        402    0         0      
                                                             
       Stack:                        0      0         1024   
       Linker Generated:             0      25        0      
    +--+-----------------------------+------+---------+---------+
       Grand Total:                  2236   253       1034   


LINKER GENERATED COPY TABLES

__TI_cinit_table @ 000009b4 records: 1, size/record: 8, table size: 8
	.data: load addr=000009a0, load size=00000009 bytes, run addr=20000000, run size=00000005 bytes, compression=lzss


LINKER GENERATED HANDLER TABLE

__TI_handler_table @ 000009ac records: 2, size/record: 4, table size: 8
	index: 0, handler: __TI_decompress_lzss
	index: 1, handler: __TI_decompress_none


GLOBAL SYMBOLS: SORTED ALPHABETICALLY BY Name 

address   name                          
-------   ----                          
00000997  ADC14_IRQHandler              
00000997  AES256_IRQHandler             
00000997  BusFault_Handler              
0000099d  C$$EXIT                       
00000997  COMP_E0_IRQHandler            
00000997  COMP_E1_IRQHandler            
00000997  CS_IRQHandler                 
00000111  Clock_vInit                   
00000997  DMA_ERR_IRQHandler            
00000997  DMA_INT0_IRQHandler           
00000997  DMA_INT1_IRQHandler           
00000997  DMA_INT2_IRQHandler           
00000997  DMA_INT3_IRQHandler           
00000997  DebugMon_Handler              
00000997  Default_Handler               
00000997  EUSCIA0_IRQHandler            
00000997  EUSCIA1_IRQHandler            
00000997  EUSCIA2_IRQHandler            
00000997  EUSCIA3_IRQHandler            
00000997  EUSCIB0_IRQHandler            
00000997  EUSCIB1_IRQHandler            
00000997  EUSCIB2_IRQHandler            
00000997  EUSCIB3_IRQHandler            
20000004  FASE                          
00000997  FLCTL_IRQHandler              
00000997  FPU_IRQHandler                
00000997  HardFault_Handler             
00000997  MemManage_Handler             
00000997  NMI_Handler                   
00000997  PCM_IRQHandler                
00000281  PORT1_IRQHandler              
00000281  PORT1_IRQHandler              
00000997  PORT2_IRQHandler              
00000997  PORT3_IRQHandler              
00000997  PORT4_IRQHandler              
00000997  PORT5_IRQHandler              
00000997  PORT6_IRQHandler              
00000997  PSS_IRQHandler                
00000997  PendSV_Handler                
00000997  RTC_C_IRQHandler              
0000098b  Reset_Handler                 
00000997  SVC_Handler                   
00000997  SysTick_Handler               
20000000  SystemCoreClock               
000004cd  SystemCoreClockUpdate         
00000745  SystemInit                    
00000997  T32_INT1_IRQHandler           
00000997  T32_INT2_IRQHandler           
00000997  T32_INTC_IRQHandler           
00000997  TA0_0_IRQHandler              
00000997  TA0_N_IRQHandler              
00000331  TA1_0_IRQHandler              
00000331  TA1_0_IRQHandler              
00000997  TA1_N_IRQHandler              
00000997  TA2_0_IRQHandler              
00000997  TA2_N_IRQHandler              
00000997  TA3_0_IRQHandler              
00000997  TA3_N_IRQHandler              
00000997  UsageFault_Handler            
4000480c  WDTCTL_SYM                    
00000997  WDT_A_IRQHandler              
20010000  __STACK_END                   
00000200  __STACK_SIZE                  
000009b4  __TI_CINIT_Base               
000009bc  __TI_CINIT_Limit              
000009ac  __TI_Handler_Table_Base       
000009b4  __TI_Handler_Table_Limit      
00000905  __TI_auto_init_nobinit_nopinit
0000089d  __TI_decompress_lzss          
0000097d  __TI_decompress_none          
ffffffff  __TI_pprof_out_hndl           
ffffffff  __TI_prof_data_size           
ffffffff  __TI_prof_data_start          
00000000  __TI_static_base__            
00000801  __aeabi_memcpy                
00000801  __aeabi_memcpy4               
00000801  __aeabi_memcpy8               
ffffffff  __binit__                     
ffffffff  __c_args__                    
UNDEFED   __mpu_init                    
2000fe00  __stack                       
20000000  __start___llvm_prf_cnts       
20000000  __stop___llvm_prf_cnts        
00000949  _c_int00_noargs               
UNDEFED   _system_post_cinit            
00000999  _system_pre_init              
0000099d  abort                         
ffffffff  binit                         
0000013d  ini_GPIO_control_duty         
000001db  ini_GPIO_map                  
00000249  init_interrupciones           
0000018b  init_timerA0                  
000001c3  init_timerA1                  
00000000  interruptVectors              
00000259  main                          
00000801  memcpy                        


GLOBAL SYMBOLS: SORTED BY Symbol Address 

address   name                          
-------   ----                          
00000000  __TI_static_base__            
00000000  interruptVectors              
00000111  Clock_vInit                   
0000013d  ini_GPIO_control_duty         
0000018b  init_timerA0                  
000001c3  init_timerA1                  
000001db  ini_GPIO_map                  
00000200  __STACK_SIZE                  
00000249  init_interrupciones           
00000259  main                          
00000281  PORT1_IRQHandler              
00000281  PORT1_IRQHandler              
00000331  TA1_0_IRQHandler              
00000331  TA1_0_IRQHandler              
000004cd  SystemCoreClockUpdate         
00000745  SystemInit                    
00000801  __aeabi_memcpy                
00000801  __aeabi_memcpy4               
00000801  __aeabi_memcpy8               
00000801  memcpy                        
0000089d  __TI_decompress_lzss          
00000905  __TI_auto_init_nobinit_nopinit
00000949  _c_int00_noargs               
0000097d  __TI_decompress_none          
0000098b  Reset_Handler                 
00000997  ADC14_IRQHandler              
00000997  AES256_IRQHandler             
00000997  BusFault_Handler              
00000997  COMP_E0_IRQHandler            
00000997  COMP_E1_IRQHandler            
00000997  CS_IRQHandler                 
00000997  DMA_ERR_IRQHandler            
00000997  DMA_INT0_IRQHandler           
00000997  DMA_INT1_IRQHandler           
00000997  DMA_INT2_IRQHandler           
00000997  DMA_INT3_IRQHandler           
00000997  DebugMon_Handler              
00000997  Default_Handler               
00000997  EUSCIA0_IRQHandler            
00000997  EUSCIA1_IRQHandler            
00000997  EUSCIA2_IRQHandler            
00000997  EUSCIA3_IRQHandler            
00000997  EUSCIB0_IRQHandler            
00000997  EUSCIB1_IRQHandler            
00000997  EUSCIB2_IRQHandler            
00000997  EUSCIB3_IRQHandler            
00000997  FLCTL_IRQHandler              
00000997  FPU_IRQHandler                
00000997  HardFault_Handler             
00000997  MemManage_Handler             
00000997  NMI_Handler                   
00000997  PCM_IRQHandler                
00000997  PORT2_IRQHandler              
00000997  PORT3_IRQHandler              
00000997  PORT4_IRQHandler              
00000997  PORT5_IRQHandler              
00000997  PORT6_IRQHandler              
00000997  PSS_IRQHandler                
00000997  PendSV_Handler                
00000997  RTC_C_IRQHandler              
00000997  SVC_Handler                   
00000997  SysTick_Handler               
00000997  T32_INT1_IRQHandler           
00000997  T32_INT2_IRQHandler           
00000997  T32_INTC_IRQHandler           
00000997  TA0_0_IRQHandler              
00000997  TA0_N_IRQHandler              
00000997  TA1_N_IRQHandler              
00000997  TA2_0_IRQHandler              
00000997  TA2_N_IRQHandler              
00000997  TA3_0_IRQHandler              
00000997  TA3_N_IRQHandler              
00000997  UsageFault_Handler            
00000997  WDT_A_IRQHandler              
00000999  _system_pre_init              
0000099d  C$$EXIT                       
0000099d  abort                         
000009ac  __TI_Handler_Table_Base       
000009b4  __TI_CINIT_Base               
000009b4  __TI_Handler_Table_Limit      
000009bc  __TI_CINIT_Limit              
20000000  SystemCoreClock               
20000000  __start___llvm_prf_cnts       
20000000  __stop___llvm_prf_cnts        
20000004  FASE                          
2000fe00  __stack                       
20010000  __STACK_END                   
4000480c  WDTCTL_SYM                    
ffffffff  __TI_pprof_out_hndl           
ffffffff  __TI_prof_data_size           
ffffffff  __TI_prof_data_start          
ffffffff  __binit__                     
ffffffff  __c_args__                    
ffffffff  binit                         
UNDEFED   __mpu_init                    
UNDEFED   _system_post_cinit            

[96 symbols]
