******************************************************************************
                  TI ARM Linker PC v20.2.5                     
******************************************************************************
>> Linked Sun Dec  5 12:39:48 2021

OUTPUT FILE NAME:   <LS2_closedloop.out>
ENTRY POINT SYMBOL: "_c_int00_noargs"  address: 00000e95


MEMORY CONFIGURATION

         name            origin    length      used     unused   attr    fill
----------------------  --------  ---------  --------  --------  ----  --------
  MAIN                  00000000   00040000  00000f08  0003f0f8  R  X
  INFO                  00200000   00004000  00000000  00004000  R  X
  SRAM_CODE             01000000   00010000  00000207  0000fdf9  RW X
  SRAM_DATA             20000000   00010000  00000207  0000fdf9  RW  


SEGMENT ALLOCATION MAP

run origin  load origin   length   init length attrs members
----------  ----------- ---------- ----------- ----- -------
00000000    00000000    00000f0c   00000f0c    r-x
  00000000    00000000    000000e4   000000e4    r-- .intvecs
  000000e4    000000e4    00000e08   00000e08    r-x .text
  00000ef0    00000ef0    0000001c   0000001c    r-- .cinit
20000000    20000000    00000007   00000000    rw-
  20000000    20000000    00000007   00000000    rw- .data
2000fe00    2000fe00    00000200   00000000    rw-
  2000fe00    2000fe00    00000200   00000000    rw- .stack


SECTION ALLOCATION MAP

 output                                  attributes/
section   page    origin      length       input sections
--------  ----  ----------  ----------   ----------------
.intvecs   0    00000000    000000e4     
                  00000000    000000e4     startup_msp432p401r_ccs.obj (.intvecs:retain)

.text      0    000000e4    00000e08     
                  000000e4    00000664     main.obj (.text)
                  00000748    00000334     system_msp432p401r.obj (.text)
                  00000a7c    000002d0     init.obj (.text)
                  00000d4c    0000009c     rtsv7M4_T_le_v4SPD16_eabi.lib : memcpy_t2.asm.obj (.text)
                  00000de8    00000068                                   : copy_decompress_lzss.c.obj (.text:decompress:lzss:__TI_decompress_lzss)
                  00000e50    00000044                                   : autoinit.c.obj (.text:__TI_auto_init_nobinit_nopinit:__TI_auto_init_nobinit_nopinit)
                  00000e94    00000034                                   : boot_cortex_m.c.obj (.text:_c_int00_noargs:_c_int00_noargs)
                  00000ec8    0000000e                                   : copy_decompress_none.c.obj (.text:decompress:none:__TI_decompress_none)
                  00000ed6    0000000e     startup_msp432p401r_ccs.obj (.text)
                  00000ee4    00000004     rtsv7M4_T_le_v4SPD16_eabi.lib : pre_init.c.obj (.text:_system_pre_init)
                  00000ee8    00000004                                   : exit.c.obj (.text:abort:abort)

.cinit     0    00000ef0    0000001c     
                  00000ef0    0000000b     (.cinit..data.load) [load image, compression = lzss]
                  00000efb    00000001     --HOLE-- [fill = 0]
                  00000efc    00000008     (__TI_handler_table)
                  00000f04    00000008     (__TI_cinit_table)

.init_array 
*          0    00000000    00000000     UNINITIALIZED

.binit     0    00000000    00000000     

.data      0    20000000    00000007     UNINITIALIZED
                  20000000    00000004     system_msp432p401r.obj (.data)
                  20000004    00000003     main.obj (.data)

.stack     0    2000fe00    00000200     UNINITIALIZED
                  2000fe00    00000004     rtsv7M4_T_le_v4SPD16_eabi.lib : boot_cortex_m.c.obj (.stack)
                  2000fe04    000001fc     --HOLE--

__llvm_prf_cnts 
*          0    20000000    00000000     UNINITIALIZED

MODULE SUMMARY

       Module                        code   ro data   rw data
       ------                        ----   -------   -------
    .\
       main.obj                      1636   0         6      
       system_msp432p401r.obj        820    0         8      
       init.obj                      720    0         0      
       startup_msp432p401r_ccs.obj   14     228       0      
    +--+-----------------------------+------+---------+---------+
       Total:                        3190   228       14     
                                                             
    C:\ti\ccs1040\ccs\tools\compiler\ti-cgt-arm_20.2.5.LTS\lib\rtsv7M4_T_le_v4SPD16_eabi.lib
       memcpy_t2.asm.obj             156    0         0      
       copy_decompress_lzss.c.obj    104    0         0      
       autoinit.c.obj                68     0         0      
       boot_cortex_m.c.obj           52     0         0      
       copy_decompress_none.c.obj    14     0         0      
       exit.c.obj                    4      0         0      
       pre_init.c.obj                4      0         0      
    +--+-----------------------------+------+---------+---------+
       Total:                        402    0         0      
                                                             
       Stack:                        0      0         1024   
       Linker Generated:             0      27        0      
    +--+-----------------------------+------+---------+---------+
       Grand Total:                  3592   255       1038   


LINKER GENERATED COPY TABLES

__TI_cinit_table @ 00000f04 records: 1, size/record: 8, table size: 8
	.data: load addr=00000ef0, load size=0000000b bytes, run addr=20000000, run size=00000007 bytes, compression=lzss


LINKER GENERATED HANDLER TABLE

__TI_handler_table @ 00000efc records: 2, size/record: 4, table size: 8
	index: 0, handler: __TI_decompress_lzss
	index: 1, handler: __TI_decompress_none


GLOBAL SYMBOLS: SORTED ALPHABETICALLY BY Name 

address   name                          
-------   ----                          
00000369  ADC14_IRQHandler              
00000369  ADC14_IRQHandler              
00000ee3  AES256_IRQHandler             
00000ee3  BusFault_Handler              
00000ee9  C$$EXIT                       
00000ee3  COMP_E0_IRQHandler            
00000ee3  COMP_E1_IRQHandler            
00000ee3  CS_IRQHandler                 
00000aa9  Clock_vInit                   
00000ee3  DMA_ERR_IRQHandler            
00000ee3  DMA_INT0_IRQHandler           
00000ee3  DMA_INT1_IRQHandler           
00000ee3  DMA_INT2_IRQHandler           
00000ee3  DMA_INT3_IRQHandler           
00000ee3  DebugMon_Handler              
00000ee3  Default_Handler               
00000ee3  EUSCIA0_IRQHandler            
00000ee3  EUSCIA1_IRQHandler            
00000ee3  EUSCIA2_IRQHandler            
00000ee3  EUSCIA3_IRQHandler            
00000ee3  EUSCIB0_IRQHandler            
00000ee3  EUSCIB1_IRQHandler            
00000ee3  EUSCIB2_IRQHandler            
00000ee3  EUSCIB3_IRQHandler            
20000004  FASE                          
00000ee3  FLCTL_IRQHandler              
00000ee3  FPU_IRQHandler                
00000ee3  HardFault_Handler             
00000ee3  MemManage_Handler             
00000ee3  NMI_Handler                   
00000ee3  PCM_IRQHandler                
00000241  PORT1_IRQHandler              
00000241  PORT1_IRQHandler              
00000ee3  PORT2_IRQHandler              
00000ee3  PORT3_IRQHandler              
00000ee3  PORT4_IRQHandler              
00000ee3  PORT5_IRQHandler              
00000ee3  PORT6_IRQHandler              
00000ee3  PSS_IRQHandler                
00000ee3  PendSV_Handler                
00000ee3  RTC_C_IRQHandler              
00000ed7  Reset_Handler                 
00000ee3  SVC_Handler                   
00000ee3  SysTick_Handler               
20000000  SystemCoreClock               
00000749  SystemCoreClockUpdate         
000009c1  SystemInit                    
00000ee3  T32_INT1_IRQHandler           
00000ee3  T32_INT2_IRQHandler           
00000ee3  T32_INTC_IRQHandler           
00000ee3  TA0_0_IRQHandler              
00000ee3  TA0_N_IRQHandler              
0000031f  TA1_0_IRQHandler              
0000031f  TA1_0_IRQHandler              
00000ee3  TA1_N_IRQHandler              
00000ee3  TA2_0_IRQHandler              
00000ee3  TA2_N_IRQHandler              
00000ee3  TA3_0_IRQHandler              
00000ee3  TA3_N_IRQHandler              
00000ee3  UsageFault_Handler            
4000480c  WDTCTL_SYM                    
00000ee3  WDT_A_IRQHandler              
20010000  __STACK_END                   
00000200  __STACK_SIZE                  
00000f04  __TI_CINIT_Base               
00000f0c  __TI_CINIT_Limit              
00000efc  __TI_Handler_Table_Base       
00000f04  __TI_Handler_Table_Limit      
00000e51  __TI_auto_init_nobinit_nopinit
00000de9  __TI_decompress_lzss          
00000ec9  __TI_decompress_none          
ffffffff  __TI_pprof_out_hndl           
ffffffff  __TI_prof_data_size           
ffffffff  __TI_prof_data_start          
00000000  __TI_static_base__            
00000d4d  __aeabi_memcpy                
00000d4d  __aeabi_memcpy4               
00000d4d  __aeabi_memcpy8               
ffffffff  __binit__                     
ffffffff  __c_args__                    
UNDEFED   __mpu_init                    
2000fe00  __stack                       
20000000  __start___llvm_prf_cnts       
20000000  __stop___llvm_prf_cnts        
00000e95  _c_int00_noargs               
UNDEFED   _system_post_cinit            
00000ee5  _system_pre_init              
00000ee9  abort                         
ffffffff  binit                         
20000005  control_ADC                   
000000e5  control_de_fases              
00000ad5  ini_GPIO_control_duty         
00000b85  ini_GPIO_map                  
00000c0b  init_ADC                      
00000bf3  init_interrupciones           
00000b23  init_timerA0                  
00000b5b  init_timerA1                  
00000000  interruptVectors              
000001d1  main                          
00000d4d  memcpy                        
20000006  rampa_completa                


GLOBAL SYMBOLS: SORTED BY Symbol Address 

address   name                          
-------   ----                          
00000000  __TI_static_base__            
00000000  interruptVectors              
000000e5  control_de_fases              
000001d1  main                          
00000200  __STACK_SIZE                  
00000241  PORT1_IRQHandler              
00000241  PORT1_IRQHandler              
0000031f  TA1_0_IRQHandler              
0000031f  TA1_0_IRQHandler              
00000369  ADC14_IRQHandler              
00000369  ADC14_IRQHandler              
00000749  SystemCoreClockUpdate         
000009c1  SystemInit                    
00000aa9  Clock_vInit                   
00000ad5  ini_GPIO_control_duty         
00000b23  init_timerA0                  
00000b5b  init_timerA1                  
00000b85  ini_GPIO_map                  
00000bf3  init_interrupciones           
00000c0b  init_ADC                      
00000d4d  __aeabi_memcpy                
00000d4d  __aeabi_memcpy4               
00000d4d  __aeabi_memcpy8               
00000d4d  memcpy                        
00000de9  __TI_decompress_lzss          
00000e51  __TI_auto_init_nobinit_nopinit
00000e95  _c_int00_noargs               
00000ec9  __TI_decompress_none          
00000ed7  Reset_Handler                 
00000ee3  AES256_IRQHandler             
00000ee3  BusFault_Handler              
00000ee3  COMP_E0_IRQHandler            
00000ee3  COMP_E1_IRQHandler            
00000ee3  CS_IRQHandler                 
00000ee3  DMA_ERR_IRQHandler            
00000ee3  DMA_INT0_IRQHandler           
00000ee3  DMA_INT1_IRQHandler           
00000ee3  DMA_INT2_IRQHandler           
00000ee3  DMA_INT3_IRQHandler           
00000ee3  DebugMon_Handler              
00000ee3  Default_Handler               
00000ee3  EUSCIA0_IRQHandler            
00000ee3  EUSCIA1_IRQHandler            
00000ee3  EUSCIA2_IRQHandler            
00000ee3  EUSCIA3_IRQHandler            
00000ee3  EUSCIB0_IRQHandler            
00000ee3  EUSCIB1_IRQHandler            
00000ee3  EUSCIB2_IRQHandler            
00000ee3  EUSCIB3_IRQHandler            
00000ee3  FLCTL_IRQHandler              
00000ee3  FPU_IRQHandler                
00000ee3  HardFault_Handler             
00000ee3  MemManage_Handler             
00000ee3  NMI_Handler                   
00000ee3  PCM_IRQHandler                
00000ee3  PORT2_IRQHandler              
00000ee3  PORT3_IRQHandler              
00000ee3  PORT4_IRQHandler              
00000ee3  PORT5_IRQHandler              
00000ee3  PORT6_IRQHandler              
00000ee3  PSS_IRQHandler                
00000ee3  PendSV_Handler                
00000ee3  RTC_C_IRQHandler              
00000ee3  SVC_Handler                   
00000ee3  SysTick_Handler               
00000ee3  T32_INT1_IRQHandler           
00000ee3  T32_INT2_IRQHandler           
00000ee3  T32_INTC_IRQHandler           
00000ee3  TA0_0_IRQHandler              
00000ee3  TA0_N_IRQHandler              
00000ee3  TA1_N_IRQHandler              
00000ee3  TA2_0_IRQHandler              
00000ee3  TA2_N_IRQHandler              
00000ee3  TA3_0_IRQHandler              
00000ee3  TA3_N_IRQHandler              
00000ee3  UsageFault_Handler            
00000ee3  WDT_A_IRQHandler              
00000ee5  _system_pre_init              
00000ee9  C$$EXIT                       
00000ee9  abort                         
00000efc  __TI_Handler_Table_Base       
00000f04  __TI_CINIT_Base               
00000f04  __TI_Handler_Table_Limit      
00000f0c  __TI_CINIT_Limit              
20000000  SystemCoreClock               
20000000  __start___llvm_prf_cnts       
20000000  __stop___llvm_prf_cnts        
20000004  FASE                          
20000005  control_ADC                   
20000006  rampa_completa                
2000fe00  __stack                       
20010000  __STACK_END                   
4000480c  WDTCTL_SYM                    
ffffffff  __TI_pprof_out_hndl           
ffffffff  __TI_prof_data_size           
ffffffff  __TI_prof_data_start          
ffffffff  __binit__                     
ffffffff  __c_args__                    
ffffffff  binit                         
UNDEFED   __mpu_init                    
UNDEFED   _system_post_cinit            

[101 symbols]
