******************************************************************************
                  TI ARM Linker PC v20.2.5                     
******************************************************************************
>> Linked Sun Jan 30 21:01:33 2022

OUTPUT FILE NAME:   <LS2_closedloop2_SPI.out>
ENTRY POINT SYMBOL: "_c_int00_noargs"  address: 00001579


MEMORY CONFIGURATION

         name            origin    length      used     unused   attr    fill
----------------------  --------  ---------  --------  --------  ----  --------
  MAIN                  00000000   00040000  00001624  0003e9dc  R  X
  INFO                  00200000   00004000  00000000  00004000  R  X
  SRAM_CODE             01000000   00010000  00000209  0000fdf7  RW X
  SRAM_DATA             20000000   00010000  00000209  0000fdf7  RW  


SEGMENT ALLOCATION MAP

run origin  load origin   length   init length attrs members
----------  ----------- ---------- ----------- ----- -------
00000000    00000000    00001628   00001628    r-x
  00000000    00000000    000000e4   000000e4    r-- .intvecs
  000000e4    000000e4    00001508   00001508    r-x .text
  000015f0    000015f0    00000038   00000038    r-- .cinit
20000000    20000000    00000009   00000000    rw-
  20000000    20000000    00000008   00000000    rw- .data
  20000008    20000008    00000001   00000000    rw- .bss
2000fe00    2000fe00    00000200   00000000    rw-
  2000fe00    2000fe00    00000200   00000000    rw- .stack


SECTION ALLOCATION MAP

 output                                  attributes/
section   page    origin      length       input sections
--------  ----  ----------  ----------   ----------------
.intvecs   0    00000000    000000e4     
                  00000000    000000e4     startup_msp432p401r_ccs.obj (.intvecs:retain)

.text      0    000000e4    00001508     
                  000000e4    00000cc8     main.obj (.text)
                  00000dac    00000350     init.obj (.text)
                  000010fc    00000334     system_msp432p401r.obj (.text)
                  00001430    0000009c     rtsv7M4_T_le_v4SPD16_eabi.lib : memcpy_t2.asm.obj (.text)
                  000014cc    00000068                                   : copy_decompress_lzss.c.obj (.text:decompress:lzss:__TI_decompress_lzss)
                  00001534    00000044                                   : autoinit.c.obj (.text:__TI_auto_init_nobinit_nopinit:__TI_auto_init_nobinit_nopinit)
                  00001578    00000034                                   : boot_cortex_m.c.obj (.text:_c_int00_noargs:_c_int00_noargs)
                  000015ac    0000001c                                   : copy_zero_init.c.obj (.text:decompress:ZI:__TI_zero_init_nomemset:__TI_zero_init_nomemset)
                  000015c8    0000000e                                   : copy_decompress_none.c.obj (.text:decompress:none:__TI_decompress_none)
                  000015d6    0000000e     startup_msp432p401r_ccs.obj (.text)
                  000015e4    00000004     rtsv7M4_T_le_v4SPD16_eabi.lib : pre_init.c.obj (.text:_system_pre_init)
                  000015e8    00000004                                   : exit.c.obj (.text:abort:abort)

.cinit     0    000015f0    00000038     
                  000015f0    0000000d     (.cinit..data.load) [load image, compression = lzss]
                  000015fd    00000003     --HOLE-- [fill = 0]
                  00001600    0000000c     (__TI_handler_table)
                  0000160c    00000004     --HOLE-- [fill = 0]
                  00001610    00000008     (.cinit..bss.load) [load image, compression = zero_init]
                  00001618    00000010     (__TI_cinit_table)

.init_array 
*          0    00000000    00000000     UNINITIALIZED

.binit     0    00000000    00000000     

.data      0    20000000    00000008     UNINITIALIZED
                  20000000    00000004     main.obj (.data)
                  20000004    00000004     system_msp432p401r.obj (.data)

.bss       0    20000008    00000001     UNINITIALIZED
                  20000008    00000001     (.common:duty_actual)

.stack     0    2000fe00    00000200     UNINITIALIZED
                  2000fe00    00000004     rtsv7M4_T_le_v4SPD16_eabi.lib : boot_cortex_m.c.obj (.stack)
                  2000fe04    000001fc     --HOLE--

__llvm_prf_cnts 
*          0    20000000    00000000     UNINITIALIZED

MODULE SUMMARY

       Module                        code   ro data   rw data
       ------                        ----   -------   -------
    .\
       main.obj                      3272   0         10     
       init.obj                      848    0         0      
       system_msp432p401r.obj        820    0         8      
       startup_msp432p401r_ccs.obj   14     228       0      
    +--+-----------------------------+------+---------+---------+
       Total:                        4954   228       18     
                                                             
    C:\ti\ccs1040\ccs\tools\compiler\ti-cgt-arm_20.2.5.LTS\lib\rtsv7M4_T_le_v4SPD16_eabi.lib
       memcpy_t2.asm.obj             156    0         0      
       copy_decompress_lzss.c.obj    104    0         0      
       autoinit.c.obj                68     0         0      
       boot_cortex_m.c.obj           52     0         0      
       copy_zero_init.c.obj          28     0         0      
       copy_decompress_none.c.obj    14     0         0      
       exit.c.obj                    4      0         0      
       pre_init.c.obj                4      0         0      
    +--+-----------------------------+------+---------+---------+
       Total:                        430    0         0      
                                                             
       Stack:                        0      0         1024   
       Linker Generated:             0      49        0      
    +--+-----------------------------+------+---------+---------+
       Grand Total:                  5384   277       1042   


LINKER GENERATED COPY TABLES

__TI_cinit_table @ 00001618 records: 2, size/record: 8, table size: 16
	.data: load addr=000015f0, load size=0000000d bytes, run addr=20000000, run size=00000008 bytes, compression=lzss
	.bss: load addr=00001610, load size=00000008 bytes, run addr=20000008, run size=00000001 bytes, compression=zero_init


LINKER GENERATED HANDLER TABLE

__TI_handler_table @ 00001600 records: 3, size/record: 4, table size: 12
	index: 0, handler: __TI_decompress_lzss
	index: 1, handler: __TI_decompress_none
	index: 2, handler: __TI_zero_init


GLOBAL SYMBOLS: SORTED ALPHABETICALLY BY Name 

address   name                          
-------   ----                          
000009c9  ADC14_IRQHandler              
000009c9  ADC14_IRQHandler              
000015e3  AES256_IRQHandler             
000015e3  BusFault_Handler              
000015e9  C$$EXIT                       
000015e3  COMP_E0_IRQHandler            
000015e3  COMP_E1_IRQHandler            
000015e3  CS_IRQHandler                 
00000dd9  Clock_vInit                   
000015e3  DMA_ERR_IRQHandler            
000015e3  DMA_INT0_IRQHandler           
000015e3  DMA_INT1_IRQHandler           
000015e3  DMA_INT2_IRQHandler           
000015e3  DMA_INT3_IRQHandler           
000015e3  DebugMon_Handler              
000015e3  Default_Handler               
000015e3  EUSCIA0_IRQHandler            
000015e3  EUSCIA1_IRQHandler            
000015e3  EUSCIA2_IRQHandler            
000015e3  EUSCIA3_IRQHandler            
000015e3  EUSCIB0_IRQHandler            
000015e3  EUSCIB1_IRQHandler            
000015e3  EUSCIB2_IRQHandler            
000015e3  EUSCIB3_IRQHandler            
20000000  FASE                          
000015e3  FLCTL_IRQHandler              
000015e3  FPU_IRQHandler                
000015e3  HardFault_Handler             
000015e3  MemManage_Handler             
000015e3  NMI_Handler                   
000015e3  PCM_IRQHandler                
0000093f  PORT1_IRQHandler              
0000093f  PORT1_IRQHandler              
000015e3  PORT2_IRQHandler              
000015e3  PORT3_IRQHandler              
000015e3  PORT4_IRQHandler              
000015e3  PORT5_IRQHandler              
000015e3  PORT6_IRQHandler              
000015e3  PSS_IRQHandler                
000015e3  PendSV_Handler                
000015e3  RTC_C_IRQHandler              
000015d7  Reset_Handler                 
000015e3  SVC_Handler                   
000015e3  SysTick_Handler               
20000004  SystemCoreClock               
000010fd  SystemCoreClockUpdate         
00001375  SystemInit                    
000015e3  T32_INT1_IRQHandler           
000015e3  T32_INT2_IRQHandler           
000015e3  T32_INTC_IRQHandler           
000015e3  TA0_0_IRQHandler              
000015e3  TA0_N_IRQHandler              
00000981  TA1_0_IRQHandler              
00000981  TA1_0_IRQHandler              
000015e3  TA1_N_IRQHandler              
000015e3  TA2_0_IRQHandler              
000015e3  TA2_N_IRQHandler              
000015e3  TA3_0_IRQHandler              
000015e3  TA3_N_IRQHandler              
000015e3  UsageFault_Handler            
4000480c  WDTCTL_SYM                    
000015e3  WDT_A_IRQHandler              
20010000  __STACK_END                   
00000200  __STACK_SIZE                  
00001618  __TI_CINIT_Base               
00001628  __TI_CINIT_Limit              
00001600  __TI_Handler_Table_Base       
0000160c  __TI_Handler_Table_Limit      
00001535  __TI_auto_init_nobinit_nopinit
000014cd  __TI_decompress_lzss          
000015c9  __TI_decompress_none          
ffffffff  __TI_pprof_out_hndl           
ffffffff  __TI_prof_data_size           
ffffffff  __TI_prof_data_start          
00000000  __TI_static_base__            
000015ad  __TI_zero_init_nomemset       
00001431  __aeabi_memcpy                
00001431  __aeabi_memcpy4               
00001431  __aeabi_memcpy8               
ffffffff  __binit__                     
ffffffff  __c_args__                    
UNDEFED   __mpu_init                    
2000fe00  __stack                       
20000000  __start___llvm_prf_cnts       
20000000  __stop___llvm_prf_cnts        
00001579  _c_int00_noargs               
UNDEFED   _system_post_cinit            
000015e5  _system_pre_init              
000015e9  abort                         
ffffffff  binit                         
000001e5  check_duty                    
20000001  control_ADC                   
000000e5  control_de_fases              
20000008  duty_actual                   
20000003  duty_anterior                 
00000e05  ini_GPIO_control_duty         
00000ee7  ini_GPIO_map                  
00000fa7  init_ADC                      
00000f6d  init_SPI                      
00000f55  init_interrupciones           
00000e85  init_timerA0                  
00000ebd  init_timerA1                  
00000000  interruptVectors              
0000081b  main                          
00001431  memcpy                        
20000002  rampa_completa                


GLOBAL SYMBOLS: SORTED BY Symbol Address 

address   name                          
-------   ----                          
00000000  __TI_static_base__            
00000000  interruptVectors              
000000e5  control_de_fases              
000001e5  check_duty                    
00000200  __STACK_SIZE                  
0000081b  main                          
0000093f  PORT1_IRQHandler              
0000093f  PORT1_IRQHandler              
00000981  TA1_0_IRQHandler              
00000981  TA1_0_IRQHandler              
000009c9  ADC14_IRQHandler              
000009c9  ADC14_IRQHandler              
00000dd9  Clock_vInit                   
00000e05  ini_GPIO_control_duty         
00000e85  init_timerA0                  
00000ebd  init_timerA1                  
00000ee7  ini_GPIO_map                  
00000f55  init_interrupciones           
00000f6d  init_SPI                      
00000fa7  init_ADC                      
000010fd  SystemCoreClockUpdate         
00001375  SystemInit                    
00001431  __aeabi_memcpy                
00001431  __aeabi_memcpy4               
00001431  __aeabi_memcpy8               
00001431  memcpy                        
000014cd  __TI_decompress_lzss          
00001535  __TI_auto_init_nobinit_nopinit
00001579  _c_int00_noargs               
000015ad  __TI_zero_init_nomemset       
000015c9  __TI_decompress_none          
000015d7  Reset_Handler                 
000015e3  AES256_IRQHandler             
000015e3  BusFault_Handler              
000015e3  COMP_E0_IRQHandler            
000015e3  COMP_E1_IRQHandler            
000015e3  CS_IRQHandler                 
000015e3  DMA_ERR_IRQHandler            
000015e3  DMA_INT0_IRQHandler           
000015e3  DMA_INT1_IRQHandler           
000015e3  DMA_INT2_IRQHandler           
000015e3  DMA_INT3_IRQHandler           
000015e3  DebugMon_Handler              
000015e3  Default_Handler               
000015e3  EUSCIA0_IRQHandler            
000015e3  EUSCIA1_IRQHandler            
000015e3  EUSCIA2_IRQHandler            
000015e3  EUSCIA3_IRQHandler            
000015e3  EUSCIB0_IRQHandler            
000015e3  EUSCIB1_IRQHandler            
000015e3  EUSCIB2_IRQHandler            
000015e3  EUSCIB3_IRQHandler            
000015e3  FLCTL_IRQHandler              
000015e3  FPU_IRQHandler                
000015e3  HardFault_Handler             
000015e3  MemManage_Handler             
000015e3  NMI_Handler                   
000015e3  PCM_IRQHandler                
000015e3  PORT2_IRQHandler              
000015e3  PORT3_IRQHandler              
000015e3  PORT4_IRQHandler              
000015e3  PORT5_IRQHandler              
000015e3  PORT6_IRQHandler              
000015e3  PSS_IRQHandler                
000015e3  PendSV_Handler                
000015e3  RTC_C_IRQHandler              
000015e3  SVC_Handler                   
000015e3  SysTick_Handler               
000015e3  T32_INT1_IRQHandler           
000015e3  T32_INT2_IRQHandler           
000015e3  T32_INTC_IRQHandler           
000015e3  TA0_0_IRQHandler              
000015e3  TA0_N_IRQHandler              
000015e3  TA1_N_IRQHandler              
000015e3  TA2_0_IRQHandler              
000015e3  TA2_N_IRQHandler              
000015e3  TA3_0_IRQHandler              
000015e3  TA3_N_IRQHandler              
000015e3  UsageFault_Handler            
000015e3  WDT_A_IRQHandler              
000015e5  _system_pre_init              
000015e9  C$$EXIT                       
000015e9  abort                         
00001600  __TI_Handler_Table_Base       
0000160c  __TI_Handler_Table_Limit      
00001618  __TI_CINIT_Base               
00001628  __TI_CINIT_Limit              
20000000  FASE                          
20000000  __start___llvm_prf_cnts       
20000000  __stop___llvm_prf_cnts        
20000001  control_ADC                   
20000002  rampa_completa                
20000003  duty_anterior                 
20000004  SystemCoreClock               
20000008  duty_actual                   
2000fe00  __stack                       
20010000  __STACK_END                   
4000480c  WDTCTL_SYM                    
ffffffff  __TI_pprof_out_hndl           
ffffffff  __TI_prof_data_size           
ffffffff  __TI_prof_data_start          
ffffffff  __binit__                     
ffffffff  __c_args__                    
ffffffff  binit                         
UNDEFED   __mpu_init                    
UNDEFED   _system_post_cinit            

[106 symbols]
