******************************************************************************
                  TI ARM Linker PC v20.2.5                     
******************************************************************************
>> Linked Mon Jan 31 16:39:40 2022

OUTPUT FILE NAME:   <PID_MSP_EXP432P401R_tirtos_ccs2.out>
ENTRY POINT SYMBOL: "_c_int00"  address: 00008099


MEMORY CONFIGURATION

         name            origin    length      used     unused   attr    fill
----------------------  --------  ---------  --------  --------  ----  --------
  MAIN                  00000000   00040000  0000c8a9  00033757  R  X
  INFO                  00200000   00004000  00000000  00004000  R  X
  SRAM_CODE             01000000   00010000  0000ab6d  00005493  RW X
  SRAM_DATA             20000000   00010000  0000ab6d  00005493  RW  


SEGMENT ALLOCATION MAP

run origin  load origin   length   init length attrs members
----------  ----------- ---------- ----------- ----- -------
00000000    00000000    0000c8b8   0000c8b8    r-x
  00000000    00000000    0000003c   0000003c    r-- .resetVecs
  00000040    00000040    0000a482   0000a482    r-x .text
  0000a4c8    0000a4c8    000020c3   000020c3    r-- .const
  0000c590    0000c590    00000328   00000328    r-- .cinit
20000140    20000140    00008000   00000000    r--
  20000140    20000140    00008000   00000000    r-- .priheap
20008200    20008200    0000262e   00000000    rw-
  20008200    20008200    00001deb   00000000    rw- .bss
  20009fec    20009fec    00000842   00000000    rw- .data
2000fc00    2000fc00    00000400   00000000    rw-
  2000fc00    2000fc00    00000400   00000000    rw- .stack


SECTION ALLOCATION MAP

 output                                  attributes/
section   page    origin      length       input sections
--------  ----  ----------  ----------   ----------------
.text      0    00000040    0000a482     
                  00000040    000009d0     rtsv7M4_T_le_v4SPD16_eabi.lib : e_pow.c.obj (.text:pow)
                  00000a10    000006dc     main.obj (.text:PIDFxn)
                  000010ec    00000004     msp432p4xx_driverlib.lib : cpu.o (.text:CPU_wfi)
                  000010f0    00000430     sysbios.aem4f : BIOS.obj (.text:ti_sysbios_family_arm_m3_Hwi_excDumpRegs__I)
                  00001520    00000340     ti.targets.arm.rtsarm.aem4f : System.oem4f (.text:xdc_runtime_System_doPrint__I)
                  00001860    00000308     main.obj (.text:I2CFxn)
                  00001b68    000002f8     drivers_msp432p401x.aem4f : PowerMSP432.oem4f (.text:Power_sleep)
                  00001e60    000002e8     sysbios.aem4f : BIOS.obj (.text:ti_sysbios_knl_Semaphore_pend__E)
                  00002148    0000028c     drivers_msp432p401x.aem4f : SPIMSP432DMA.oem4f (.text:SPIMSP432DMA_open)
                  000023d4    0000028a     msp432p4xx_driverlib.lib : pcm.o (.text:__PCM_setPowerStateAdvanced)
                  0000265e    00000002     drivers_msp432p401x.aem4f : I2CMSP432.oem4f (.text:I2CMSP432_init)
                  00002660    00000288                               : PowerMSP432.oem4f (.text:initPerfControl)
                  000028e8    0000023c     sysbios.aem4f : BIOS.obj (.text:ti_sysbios_heaps_HeapMem_freeUnprotected__E)
                  00002b24    0000020c     main.obj (.text:SPITaskFxn)
                  00002d30    00000200     sysbios.aem4f : BIOS.obj (.text:ti_sysbios_heaps_HeapMem_allocUnprotected__E)
                  00002f30    000001f8     drivers_msp432p401x.aem4f : I2CMSP432.oem4f (.text:I2CMSP432_open)
                  00003128    000001f8     empty_min_pem4f.oem4f (.text:xdc_runtime_System_printfExtend__I)
                  00003320    000001f4     sysbios.aem4f : BIOS.obj (.text:ti_sysbios_family_arm_m3_Hwi_excHandlerMax__I)
                  00003514    000001e0     main.obj (.text:SPI1TaskFxn)
                  000036f4    000001b6     rtsv7M4_T_le_v4SPD16_eabi.lib : fd_add_t2.asm.obj (.text)
                  000038aa    00000184     drivers_msp432p401x.aem4f : I2CMSP432.oem4f (.text:I2CMSP432_hwiIntFxn)
                  00003a2e    00000002     dpl_msp432p401x.aem4f : PowerMSP432_tirtos.oem4f (.text:PowerMSP432_initPolicy)
                  00003a30    00000174     sysbios.aem4f : BIOS.obj (.text:ti_sysbios_family_arm_m3_Hwi_excBusFault__I)
                  00003ba4    00000170     drivers_msp432p401x.aem4f : GPIOMSP432.oem4f (.text:GPIO_setConfig)
                  00003d14    00000004     dpl_msp432p401x.aem4f : HwiP_tirtos.oem4f (.text:HwiP_clearInterrupt)
                  00003d18    00000164     sysbios.aem4f : BIOS.obj (.text:ti_sysbios_family_arm_m3_Hwi_excUsageFault__I)
                  00003e7c    0000015c     msp432p4xx_driverlib.lib : pcm.o (.text:__PCM_setPowerModeAdvanced)
                  00003fd8    00000158     rtsv7M4_T_le_v4SPD16_eabi.lib : e_sqrt.c.obj (.text:sqrt)
                  00004130    00000150                                   : s_atanf.c.obj (.text:atanf)
                  00004280    0000014c                                   : vla_alloc.c.obj (.text:__vla_alloc)
                  000043cc    00000004     dpl_msp432p401x.aem4f : HwiP_tirtos.oem4f (.text:HwiP_disable)
                  000043d0    00000148     sysbios.aem4f : BIOS.obj (.text:ti_sysbios_family_arm_m3_Hwi_excMemFault__I)
                  00004518    00000144                   : BIOS.obj (.text:ti_sysbios_knl_Clock_workFunc__E)
                  0000465c    00000004     dpl_msp432p401x.aem4f : HwiP_tirtos.oem4f (.text:HwiP_disableInterrupt)
                  00004660    00000140     sysbios.aem4f : BIOS.obj (.text:ti_sysbios_family_arm_m3_Hwi_dispatchC__I)
                  000047a0    0000013c                   : BIOS.obj (.text:ti_sysbios_heaps_HeapMem_Instance_init__E)
                  000048dc    00000004     dpl_msp432p401x.aem4f : HwiP_tirtos.oem4f (.text:HwiP_enableInterrupt)
                  000048e0    0000013c     sysbios.aem4f : BIOS.obj (.text:ti_sysbios_knl_Semaphore_post__E)
                  00004a1c    00000136     rtsv7M4_T_le_v4SPD16_eabi.lib : fd_div_t2.asm.obj (.text)
                  00004b52    00000002                                   : _lock.c.obj (.text:_nop)
                  00004b54    00000130     drivers_msp432p401x.aem4f : UDMAMSP432.oem4f (.text:setupInterrupt)
                  00004c84    0000012c                               : SPIMSP432DMA.oem4f (.text:SPIMSP432DMA_transfer)
                  00004db0    00000120     sysbios.aem4f : BIOS.obj (.text:ti_sysbios_knl_Swi_run__I)
                  00004ed0    0000011c     drivers_msp432p401x.aem4f : I2CMSP432.oem4f (.text:primeTransfer)
                  00004fec    00000110     rtsv7M4_T_le_v4SPD16_eabi.lib : s_scalbn.c.obj (.text:scalbn)
                  000050fc    00000108     msp432p4xx_driverlib.lib : pcm.o (.text:__PCM_setCoreVoltageLevelAdvanced)
                  00005204    00000104     drivers_msp432p401x.aem4f : SPIMSP432DMA.oem4f (.text:SPIMSP432DMA_transferCancel)
                  00005308    000000fc                               : SPIMSP432DMA.oem4f (.text:configDMA)
                  00005404    000000fc     rtsv7M4_T_le_v4SPD16_eabi.lib : fd_mul_t2.asm.obj (.text)
                  00005500    000000fc     ti.targets.arm.rtsarm.aem4f : Startup.oem4f (.text:xdc_runtime_Startup_startMods__I)
                  000055fc    00000004     drivers_msp432p401x.aem4f : SPIMSP432DMA.oem4f (.text:SPIMSP432DMA_init)
                  00005600    000000f8     sysbios.aem4f : BIOS.obj (.text:ti_sysbios_family_arm_msp432_init_Boot_configureClocksHigh)
                  000056f8    000000f0     msp432p4xx_driverlib.lib : dma.o (.text:DMA_setChannelTransfer)
                  000057e8    000000f0     drivers_msp432p401x.aem4f : I2CMSP432.oem4f (.text:I2CMSP432_transfer)
                  000058d8    000000f0     sysbios.aem4f : m3_Hwi_asm.obj (.text:ti_sysbios_family_arm_m3_Hwi_dispatch__I)
                  000059c8    000000e8     ti.targets.arm.rtsarm.aem4f : Core-mem.oem4f (.text:xdc_runtime_Core_createObject__I)
                  00005ab0    000000e8                                 : Error.oem4f (.text:xdc_runtime_Error_policyDefault__E)
                  00005b98    000000e4     msp432p4xx_driverlib.lib : cs.o (.text:CS_startHFXTWithTimeout)
                  00005c7c    000000e0                              : cs.o (.text:CS_startLFXTWithTimeout)
                  00005d5c    000000dc     drivers_msp432p401x.aem4f : UDMAMSP432.oem4f (.text:UDMAMSP432_close)
                  00005e38    000000dc     msp432p4xx_driverlib.lib : cs.o (.text:_CSGetHFXTFrequency)
                  00005f14    00000004     dpl_msp432p401x.aem4f : SemaphoreP_tirtos.oem4f (.text:SemaphoreP_post)
                  00005f18    000000d0     sysbios.aem4f : BIOS.obj (.text:ti_sysbios_knl_Task_schedule__I)
                  00005fe8    000000cc     ti.targets.arm.rtsarm.aem4f : Core-smem.oem4f (.text:xdc_runtime_Core_constructObject__I)
                  000060b4    00000004     rtsv7M4_T_le_v4SPD16_eabi.lib : error.c.obj (.text:__abort_execution)
                  000060b8    000000bc     sysbios.aem4f : BIOS.obj (.text:ti_sysbios_family_arm_m3_Hwi_excDebugMon__I)
                  00006174    00000004     rtsv7M4_T_le_v4SPD16_eabi.lib : exit.c.obj (.text:abort:abort)
                  00006178    000000bc     sysbios.aem4f : BIOS.obj (.text:ti_sysbios_family_arm_m3_Hwi_excHardFault__I)
                  00006234    00000004     empty_min_pem4f.oem4f (.text:ti_sysbios_BIOS_RtsGateProxy_enter__E)
                  00006238    000000bc     sysbios.aem4f : BIOS.obj (.text:ti_sysbios_knl_Task_startCore__E)
                  000062f4    00000004     empty_min_pem4f.oem4f (.text:ti_sysbios_BIOS_RtsGateProxy_leave__E)
                  000062f8    000000b4     sysbios.aem4f : BIOS.obj (.text:ti_sysbios_gates_GateMutex_enter__E)
                  000063ac    00000004     empty_min_pem4f.oem4f (.text:ti_sysbios_family_arm_m3_Hwi_delete)
                  000063b0    000000b4     sysbios.aem4f : BIOS.obj (.text:ti_sysbios_knl_Task_checkStacks__E)
                  00006464    000000b0     msp432p4xx_driverlib.lib : spi.o (.text:SPI_initMaster)
                  00006514    000000ac     drivers_msp432p401x.aem4f : GPIOMSP432.oem4f (.text:GPIO_init)
                  000065c0    000000ac                               : I2CMSP432.oem4f (.text:I2CMSP432_cancel)
                  0000666c    00000004     empty_min_pem4f.oem4f (.text:ti_sysbios_family_arm_m3_TaskSupport_Module__startupDone__S)
                  00006670    000000ac     sysbios.aem4f : BIOS.obj (.text:ti_sysbios_family_arm_m3_Hwi_Instance_init__E)
                  0000671c    00000004     empty_min_pem4f.oem4f (.text:ti_sysbios_heaps_HeapMem_Module_GateProxy_enter__E)
                  00006720    000000ac     sysbios.aem4f : BIOS.obj (.text:ti_sysbios_knl_Swi_post__E)
                  000067cc    000000a8     main.obj (.text:HwiButtons)
                  00006874    00000004     empty_min_pem4f.oem4f (.text:ti_sysbios_heaps_HeapMem_Module_GateProxy_leave__E)
                  00006878    000000a8     sysbios.aem4f : BIOS.obj (.text:ti_sysbios_family_arm_msp432_Timer_periodicStub__E)
                  00006920    000000a8                   : BIOS.obj (.text:ti_sysbios_knl_Task_blockI__E)
                  000069c8    000000a2     ti.targets.arm.rtsarm.aem4f : Text.oem4f (.text:xdc_runtime_Text_putSite__E)
                  00006a6a    00000002     rtsv7M4_T_le_v4SPD16_eabi.lib : div0.asm.obj (.text)
                  00006a6c    000000a0     auto_init.aem4f : auto_init.oem4f (.text)
                  00006b0c    0000009c     drivers_msp432p401x.aem4f : PowerMSP432.oem4f (.text:Power_init)
                  00006ba8    0000009c     rtsv7M4_T_le_v4SPD16_eabi.lib : memcpy_t2.asm.obj (.text)
                  00006c44    00000004     empty_min_pem4f.oem4f (.text:ti_sysbios_knl_Clock_TimerProxy_getMaxTicks__E)
                  00006c48    0000009c     sysbios.aem4f : BIOS.obj (.text:ti_sysbios_knl_Semaphore_Instance_init__E)
                  00006ce4    00000004     empty_min_pem4f.oem4f (.text:ti_sysbios_knl_Semaphore_delete)
                  00006ce8    0000009c     sysbios.aem4f : BIOS.obj (.text:ti_sysbios_knl_Task_postInit__I)
                  00006d84    00000004     ti.targets.arm.rtsarm.aem4f : Error.oem4f (.text:xdc_runtime_Error_getSite__E)
                  00006d88    00000098     sysbios.aem4f : BIOS.obj (.text:ti_sysbios_knl_Task_exit__E)
                  00006e20    00000094     drivers_msp432p401x.aem4f : UDMAMSP432.oem4f (.text:UDMAMSP432_init)
                  00006eb4    00000094                               : UDMAMSP432.oem4f (.text:UDMAMSP432_open)
                  00006f48    00000094     sysbios.aem4f : BIOS.obj (.text:ti_sysbios_family_arm_m3_Hwi_initNVIC__E)
                  00006fdc    00000004     empty_min_pem4f.oem4f (.text:xdc_runtime_System_Module_GateProxy_enter__E)
                  00006fe0    00000094     sysbios.aem4f : BIOS.obj (.text:ti_sysbios_knl_Task_unblockI__E)
                  00007074    0000008c                   : m3_TaskSupport_asm.obj (.text:ti_sysbios_family_arm_m3_TaskSupport_buildTaskStack)
                  00007100    00000088                   : BIOS.obj (.text:ti_sysbios_family_arm_msp432_Timer_Module_startup__E)
                  00007188    00000086     rtsv7M4_T_le_v4SPD16_eabi.lib : fd_cmp_t2.asm.obj (.text:__aeabi_cdcmple)
                  0000720e    00000086                                   : fd_cmp_t2.asm.obj (.text:__aeabi_cdrcmple)
                  00007294    00000086     drivers_msp432p401x.aem4f : SPIMSP432DMA.oem4f (.text:initHw)
                  0000731a    00000002     empty_min_pem4f.oem4f (.text:ti_sysbios_BIOS_nullFunc__I)
                  0000731c    00000084     msp432p4xx_driverlib.lib : pcm.o (.text:PCM_gotoLPM3)
                  000073a0    00000084     drivers_msp432p401x.aem4f : PowerMSP432.oem4f (.text:restartHFXT)
                  00007424    00000004     empty_min_pem4f.oem4f (.text:xdc_runtime_System_Module_GateProxy_leave__E)
                  00007428    00000084     sysbios.aem4f : BIOS.obj (.text:ti_sysbios_family_arm_m3_Hwi_postInit__I)
                  000074ac    0000007a     rtsv7M4_T_le_v4SPD16_eabi.lib : memset_t2.asm.obj (.text)
                  00007526    00000002     --HOLE-- [fill = 0]
                  00007528    00000078                                   : vla_alloc.c.obj (.text:_ZN33_INTERNAL_11_vla_alloc_c_be8bd49b21free_dead_allocationsEPv)
                  000075a0    00000078     sysbios.aem4f : BIOS.obj (.text:ti_sysbios_heaps_HeapMem_initPrimary__I)
                  00007618    00000076     drivers_msp432p401x.aem4f : I2CMSP432.oem4f (.text:I2CMSP432_close)
                  0000768e    00000002     --HOLE-- [fill = 0]
                  00007690    00000074     sysbios.aem4f : BIOS.obj (.text:ti_sysbios_knl_Clock_start__E)
                  00007704    00000074     ti.targets.arm.rtsarm.aem4f : Error.oem4f (.text:xdc_runtime_Error_print__E)
                  00007778    00000074                                 : Text.oem4f (.text:xdc_runtime_Text_putMod__E)
                  000077ec    00000070                                 : Memory.oem4f (.text:xdc_runtime_Memory_alloc__E)
                  0000785c    0000006e     rtsv7M4_T_le_v4SPD16_eabi.lib : fd_tos_t2.asm.obj (.text)
                  000078ca    00000002     --HOLE-- [fill = 0]
                  000078cc    0000006d     ti.targets.arm.rtsarm.aem4f : System.oem4f (.text:xdc_runtime_System_formatNum__I)
                  00007939    00000003     --HOLE-- [fill = 0]
                  0000793c    0000006c     msp432p4xx_driverlib.lib : i2c.o (.text:I2C_masterSendMultiByteFinish)
                  000079a8    0000006c     sysbios.aem4f : BIOS.obj (.text:ti_sysbios_knl_Swi_restoreHwi__E)
                  00007a14    00000068     drivers_msp432p401x.aem4f : GPIOMSP432.oem4f (.text:GPIO_hwiIntFxn)
                  00007a7c    00000068                               : PowerMSP432.oem4f (.text:PowerMSP432_getFreqs)
                  00007ae4    00000068     rtsv7M4_T_le_v4SPD16_eabi.lib : copy_decompress_lzss.c.obj (.text:decompress:lzss:__TI_decompress_lzss)
                  00007b4c    00000068     drivers_msp432p401x.aem4f : I2CMSP432.oem4f (.text:initHw)
                  00007bb4    00000066     ti.targets.arm.rtsarm.aem4f : Core-mem.oem4f (.text:xdc_runtime_Core_deleteObject__I)
                  00007c1a    00000064     drivers_msp432p401x.aem4f : SPIMSP432DMA.oem4f (.text:SPIMSP432DMA_close)
                  00007c7e    00000002     --HOLE-- [fill = 0]
                  00007c80    00000064     sysbios.aem4f : BIOS.obj (.text:ti_sysbios_knl_Clock_logTick__E)
                  00007ce4    00000060     drivers_msp432p401x.aem4f : GPIOMSP432.oem4f (.text:GPIO_setCallback)
                  00007d44    00000004     ti.targets.arm.rtsarm.aem4f : System.oem4f (.text:xdc_runtime_System_aprintf_va__F)
                  00007d48    00000060     sysbios.aem4f : BIOS.obj (.text:ti_sysbios_family_arm_m3_TimestampProvider_get32__E)
                  00007da8    0000005f     ti.targets.arm.rtsarm.aem4f : Text.oem4f (.text:xdc_runtime_Text_putLab__E)
                  00007e07    00000001     --HOLE-- [fill = 0]
                  00007e08    0000005e     msp432p4xx_driverlib.lib : pcm.o (.text:PCM_getCoreVoltageLevel)
                  00007e66    00000002     --HOLE-- [fill = 0]
                  00007e68    0000005c     main.obj (.text:main)
                  00007ec4    00000004     ti.targets.arm.rtsarm.aem4f : System.oem4f (.text:xdc_runtime_System_printf_va__F)
                  00007ec8    0000005c     sysbios.aem4f : BIOS.obj (.text:ti_sysbios_family_arm_m3_Timer_start__E)
                  00007f24    00000004     --HOLE-- [fill = 0]
                  00007f28    0000005c                   : BIOS.obj (.text:ti_sysbios_knl_Swi_schedule__I)
                  00007f84    00000004     --HOLE-- [fill = 0]
                  00007f88    0000005c                   : BIOS.obj (.text:ti_sysbios_knl_Task_Module_startup__E)
                  00007fe4    0000005a     msp432p4xx_driverlib.lib : pcm.o (.text:PCM_getPowerMode)
                  0000803e    00000002     --HOLE-- [fill = 0]
                  00008040    00000058     rtsv7M4_T_le_v4SPD16_eabi.lib : hostwrite.c.obj (.text:HOSTwrite)
                  00008098    00000058     boot.aem4f : boot.oem4f (.text)
                  000080f0    00000058     drivers_msp432p401x.aem4f : SPIMSP432DMA.oem4f (.text:spiHwiFxn)
                  00008148    00000058     sysbios.aem4f : m3_Hwi_asm_switch.obj (.text:ti_sysbios_family_arm_m3_Hwi_initStacks__E)
                  000081a0    00000058                   : BIOS.obj (.text:ti_sysbios_heaps_HeapMem_alloc__E)
                  000081f8    00000056     drivers_msp432p401x.aem4f : I2CMSP432.oem4f (.text:completeTransfer)
                  0000824e    00000002     --HOLE-- [fill = 0]
                  00008250    00000054     msp432p4xx_driverlib.lib : pcm.o (.text:PCM_shutdownDevice)
                  000082a4    00000054     empty_min_pem4f.oem4f (.text:ti_sysbios_family_arm_m3_Hwi_create)
                  000082f8    00000054     sysbios.aem4f : BIOS.obj (.text:ti_sysbios_family_arm_msp432_Timer_initDevice__I)
                  0000834c    00000050     drivers_msp432p401x.aem4f : UDMAMSP432.oem4f (.text:UDMAMSP432_hwiFxn)
                  0000839c    00000004     --HOLE-- [fill = 0]
                  000083a0    00000050     sysbios.aem4f : BIOS.obj (.text:ti_sysbios_family_arm_m3_Hwi_Module_startup__E)
                  000083f0    00000050     ti.targets.arm.rtsarm.aem4f : Startup.oem4f (.text:xdc_runtime_Startup_exec__E)
                  00008440    00000050                                 : Text.oem4f (.text:xdc_runtime_Text_visitRope2__I)
                  00008490    0000004c     dpl_msp432p401x.aem4f : PowerMSP432_tirtos.oem4f (.text:PowerMSP432_sleepPolicy)
                  000084dc    0000004c     rtsv7M4_T_le_v4SPD16_eabi.lib : cpy_tbl.c.obj (.text:copy_in)
                  00008528    0000004c     main.obj (.text:init_SPI)
                  00008574    00000004     --HOLE-- [fill = 0]
                  00008578    0000004c     sysbios.aem4f : BIOS.obj (.text:ti_sysbios_family_arm_msp432_Timer_start__E)
                  000085c4    00000004     --HOLE-- [fill = 0]
                  000085c8    0000004c                   : BIOS.obj (.text:ti_sysbios_heaps_HeapMem_getStats__E)
                  00008614    00000004     --HOLE-- [fill = 0]
                  00008618    0000004c                   : BIOS.obj (.text:ti_sysbios_knl_Swi_runLoop__I)
                  00008664    00000004     --HOLE-- [fill = 0]
                  00008668    0000004c                   : BIOS.obj (.text:ti_sysbios_knl_Task_allBlockedFunction__I)
                  000086b4    0000004c     ti.targets.arm.rtsarm.aem4f : Assert.oem4f (.text:xdc_runtime_Assert_raise__I)
                  00008700    00000048     drivers_msp432p401x.aem4f : PowerMSP432.oem4f (.text:Power_releaseConstraint)
                  00008748    00000048     sysbios.aem4f : BIOS.obj (.text:ti_sysbios_family_arm_m3_Hwi_disableInterrupt__E)
                  00008790    00000048                   : BIOS.obj (.text:ti_sysbios_family_arm_m3_Hwi_enableInterrupt__E)
                  000087d8    00000048                   : BIOS.obj (.text:ti_sysbios_family_arm_m3_Hwi_excReserved__I)
                  00008820    00000048                   : BIOS.obj (.text:ti_sysbios_family_arm_m3_Timer_initDevice__I)
                  00008868    00000048                   : BIOS.obj (.text:ti_sysbios_family_arm_m3_Timer_setPeriod__E)
                  000088b0    00000048     ti.targets.arm.rtsarm.aem4f : Core-params.oem4f (.text:xdc_runtime_Core_assignParams__I)
                  000088f8    00000044     drivers_msp432p401x.aem4f : I2C.oem4f (.text:I2C_init)
                  0000893c    00000044                               : SPI.oem4f (.text:SPI_init)
                  00008980    00000044                               : I2CMSP432.oem4f (.text:perfChangeNotifyFxn)
                  000089c4    00000044     rtsv7M4_T_le_v4SPD16_eabi.lib : fd_tou_t2.asm.obj (.text)
                  00008a08    00000044     sysbios.aem4f : BIOS.obj (.text:ti_sysbios_family_arm_m3_Hwi_getStackInfo__E)
                  00008a4c    00000044     ti.targets.arm.rtsarm.aem4f : Error.oem4f (.text:xdc_runtime_Error_setX__E)
                  00008a90    00000044                                 : SysMin.oem4f (.text:xdc_runtime_SysMin_flush__E)
                  00008ad4    00000044                                 : Text.oem4f (.text:xdc_runtime_Text_xprintf__I)
                  00008b18    00000040     dpl_msp432p401x.aem4f : HwiP_tirtos.oem4f (.text:HwiP_create)
                  00008b58    00000040     drivers_msp432p401x.aem4f : I2C.oem4f (.text:I2C_open)
                  00008b98    00000040                               : SPI.oem4f (.text:SPI_open)
                  00008bd8    00000040     msp432p4xx_driverlib.lib : spi.o (.text:is_A_Module)
                  00008c18    00000040     rtsv7M4_T_le_v4SPD16_eabi.lib : u_divt2.asm.obj (.text)
                  00008c58    00000040     sysbios.aem4f : BIOS.obj (.text:ti_sysbios_family_arm_msp432_Timer_startup__E)
                  00008c98    0000003e     empty_min_pem4f.oem4f (.text:realloc)
                  00008cd6    00000002     --HOLE-- [fill = 0]
                  00008cd8    0000003c     dpl_msp432p401x.aem4f : SemaphoreP_tirtos.oem4f (.text:SemaphoreP_create)
                  00008d14    00000004     --HOLE-- [fill = 0]
                  00008d18    0000003c     sysbios.aem4f : BIOS.obj (.text:ti_sysbios_family_arm_m3_Hwi_Instance_finalize__E)
                  00008d54    00000004     --HOLE-- [fill = 0]
                  00008d58    0000003c                   : BIOS.obj (.text:ti_sysbios_family_arm_m3_Hwi_excSvCall__I)
                  00008d94    00000004     --HOLE-- [fill = 0]
                  00008d98    0000003c                   : BIOS.obj (.text:ti_sysbios_knl_Swi_restore__E)
                  00008dd4    00000038     drivers_msp432p401x.aem4f : GPIOMSP432.oem4f (.text:GPIO_toggle)
                  00008e0c    00000038                               : PowerMSP432.oem4f (.text:Power_setConstraint)
                  00008e44    00000038     rtsv7M4_T_le_v4SPD16_eabi.lib : trgmsg.c.obj (.text:__TI_writemsg)
                  00008e7c    00000038     drivers_msp432p401x.aem4f : PowerMSP432.oem4f (.text:notify)
                  00008eb4    00000038     rtsv7M4_T_le_v4SPD16_eabi.lib : fs_tod_t2.asm.obj (.text)
                  00008eec    00000004     --HOLE-- [fill = 0]
                  00008ef0    00000038     sysbios.aem4f : BIOS.obj (.text:ti_sysbios_family_arm_m3_Hwi_excNoIsr__I)
                  00008f28    00000038                   : BIOS.obj (.text:ti_sysbios_knl_Task_processVitalTaskFlag__I)
                  00008f60    00000038     ti.targets.arm.rtsarm.aem4f : System.oem4f (.text:xdc_runtime_System_atexit__E)
                  00008f98    00000034     drivers_msp432p401x.aem4f : GPIOMSP432.oem4f (.text:GPIO_clearInt)
                  00008fcc    00000034                               : GPIOMSP432.oem4f (.text:GPIO_enableInt)
                  00009000    00000034     rtsv7M4_T_le_v4SPD16_eabi.lib : trgmsg.c.obj (.text:__TI_readmsg)
                  00009034    00000034     empty_min_pem4f.oem4f (.text:ti_sysbios_BIOS_startFunc__I)
                  00009068    00000034     sysbios.aem4f : BIOS.obj (.text:ti_sysbios_family_arm_m3_Hwi_excNmi__I)
                  0000909c    00000004     --HOLE-- [fill = 0]
                  000090a0    00000034                   : BIOS.obj (.text:ti_sysbios_family_arm_m3_Timer_Module_startup__E)
                  000090d4    00000004     --HOLE-- [fill = 0]
                  000090d8    00000034                   : BIOS.obj (.text:ti_sysbios_family_arm_m3_Timer_periodicStub__I)
                  0000910c    00000004     --HOLE-- [fill = 0]
                  00009110    00000034                   : BIOS.obj (.text:ti_sysbios_hal_Hwi_checkStack)
                  00009144    00000034     empty_min_pem4f.oem4f (.text:ti_sysbios_knl_Semaphore_create)
                  00009178    00000034     empty_min_pem4f.oem4f (.text:xdc_runtime_Error_policyLog__I)
                  000091ac    00000034     ti.targets.arm.rtsarm.aem4f : SysMin.oem4f (.text:xdc_runtime_SysMin_abort__E)
                  000091e0    00000034                                 : SysMin.oem4f (.text:xdc_runtime_SysMin_putch__E)
                  00009214    00000004     --HOLE-- [fill = 0]
                  00009218    00000032     sysbios.aem4f : BIOS.obj (.text:ti_sysbios_hal_Hwi_initStack)
                  0000924a    00000006     drivers_msp432p401x.aem4f : I2CMSP432.oem4f (.text:I2CMSP432_control)
                  00009250    00000032     sysbios.aem4f : BIOS.obj (.text:ti_sysbios_knl_Semaphore_pendTimeout__I)
                  00009282    00000002     --HOLE-- [fill = 0]
                  00009284    00000030     drivers_msp432p401x.aem4f : I2CMSP432.oem4f (.text:mapPin)
                  000092b4    00000030                               : SPIMSP432DMA.oem4f (.text:mapPin)
                  000092e4    00000030     empty_min_pem4f.oem4f (.text:ti_sysbios_BIOS_atExitFunc__I)
                  00009314    00000004     --HOLE-- [fill = 0]
                  00009318    00000030     sysbios.aem4f : BIOS.obj (.text:ti_sysbios_family_arm_m3_TaskSupport_start__E)
                  00009348    00000030     empty_min_pem4f.oem4f (.text:ti_sysbios_gates_GateHwi_Object__create__S)
                  00009378    00000030     empty_min_pem4f.oem4f (.text:ti_sysbios_gates_GateMutex_Object__create__S)
                  000093a8    00000030     empty_min_pem4f.oem4f (.text:ti_sysbios_heaps_HeapMem_Object__create__S)
                  000093d8    00000030     sysbios.aem4f : BIOS.obj (.text:ti_sysbios_heaps_HeapMem_free__E)
                  00009408    00000030     empty_min_pem4f.oem4f (.text:ti_sysbios_knl_Semaphore_construct)
                  00009438    00000030     sysbios.aem4f : BIOS.obj (.text:ti_sysbios_knl_Task_restore__E)
                  00009468    00000030     ti.targets.arm.rtsarm.aem4f : System.oem4f (.text:xdc_runtime_System_processAtExit__E)
                  00009498    0000002f                                 : Text.oem4f (.text:xdc_runtime_Text_printVisFxn__I)
                  000094c7    00000001     --HOLE-- [fill = 0]
                  000094c8    0000002e     rtsv7M4_T_le_v4SPD16_eabi.lib : i_tofd_t2.asm.obj (.text)
                  000094f6    0000002e     empty_min_pem4f.oem4f (.text:ti_sysbios_rts_MemAlloc_alloc)
                  00009524    0000002c     dpl_msp432p401x.aem4f : PowerMSP432_tirtos.oem4f (.text:PowerMSP432_updateFreqs)
                  00009550    0000002c     msp432p4xx_driverlib.lib : rtc_c.o (.text:RTC_C_holdClock)
                  0000957c    0000002c     dpl_msp432p401x.aem4f : SemaphoreP_tirtos.oem4f (.text:SemaphoreP_createBinary)
                  000095a8    0000002c     main.obj (.text:init_I2C)
                  000095d4    0000002c     empty_min_pem4f.oem4f (.text:ti_sysbios_family_arm_m3_Hwi_Handle__label__S)
                  00009600    0000002c     sysbios.aem4f : BIOS.obj (.text:ti_sysbios_family_arm_m3_TimestampProvider_Module_startup__E)
                  0000962c    0000002c     empty_min_pem4f.oem4f (.text:ti_sysbios_gates_GateHwi_Handle__label__S)
                  00009658    0000002c     empty_min_pem4f.oem4f (.text:ti_sysbios_gates_GateMutex_Handle__label__S)
                  00009684    0000002c     empty_min_pem4f.oem4f (.text:ti_sysbios_heaps_HeapMem_Handle__label__S)
                  000096b0    0000002c     empty_min_pem4f.oem4f (.text:ti_sysbios_knl_Clock_doTick__I)
                  000096dc    0000002c     empty_min_pem4f.oem4f (.text:ti_sysbios_knl_Queue_construct)
                  00009708    0000002c     empty_min_pem4f.oem4f (.text:ti_sysbios_knl_Swi_Handle__label__S)
                  00009734    0000002c     empty_min_pem4f.oem4f (.text:ti_sysbios_knl_Task_Handle__label__S)
                  00009760    0000002c     ti.targets.arm.rtsarm.aem4f : System.oem4f (.text:xdc_runtime_System_putchar__I)
                  0000978c    0000002a     drivers_msp432p401x.aem4f : SPIMSP432DMA.oem4f (.text:perfChangeNotifyFxn)
                  000097b6    00000002     --HOLE-- [fill = 0]
                  000097b8    00000028     msp432p4xx_driverlib.lib : pcm.o (.text:PCM_gotoLPM0)
                  000097e0    00000028     drivers_msp432p401x.aem4f : PowerMSP432.oem4f (.text:Power_registerNotify)
                  00009808    00000028     msp432p4xx_driverlib.lib : spi.o (.text:SPI_getInterruptStatus)
                  00009830    00000028     drivers_msp432p401x.aem4f : PowerMSP432.oem4f (.text:disableFaultCounter)
                  00009858    00000028                               : PowerMSP432.oem4f (.text:disableHFXT)
                  00009880    00000028     sysbios.aem4f : m3_Hwi_asm.obj (.text:ti_sysbios_family_arm_m3_Hwi_excHandlerAsm__I)
                  000098a8    00000028                   : BIOS.obj (.text:ti_sysbios_knl_Clock_addI__E)
                  000098d0    00000028                   : BIOS.obj (.text:ti_sysbios_knl_Swi_Module_startup__E)
                  000098f8    00000028     ti.targets.arm.rtsarm.aem4f : System.oem4f (.text:xdc_runtime_System_avprintf__E)
                  00009920    00000026     drivers_msp432p401x.aem4f : List.oem4f (.text:List_put)
                  00009946    00000026                               : List.oem4f (.text:List_remove)
                  0000996c    00000026     sysbios.aem4f : m3_Hwi_asm.obj (.text:ti_sysbios_family_arm_m3_Hwi_pendSV__I)
                  00009992    00000026     ti.targets.arm.rtsarm.aem4f : System.oem4f (.text:xdc_runtime_System_vprintf__E)
                  000099b8    00000024     msp432p4xx_driverlib.lib : wdt_a.o (.text:WDT_A_holdTimer)
                  000099dc    00000024     empty_min_pem4f.oem4f (.text:ti_sysbios_BIOS_errorRaiseHook__I)
                  00009a00    00000024     empty_min_pem4f.oem4f (.text:ti_sysbios_BIOS_registerRTSLock__I)
                  00009a24    00000024     empty_min_pem4f.oem4f (.text:ti_sysbios_BIOS_removeRTSLock__I)
                  00009a48    00000024     sysbios.aem4f : BIOS.obj (.text:ti_sysbios_family_arm_m3_Timer_startup__E)
                  00009a6c    00000004     --HOLE-- [fill = 0]
                  00009a70    00000024                   : BIOS.obj (.text:ti_sysbios_family_arm_msp432_ClockFreqs_setFrequency__E)
                  00009a94    00000024     empty_min_pem4f.oem4f (.text:ti_sysbios_gates_GateMutex_Object__delete__S)
                  00009ab8    00000024     sysbios.aem4f : BIOS.obj (.text:ti_sysbios_knl_Clock_Module_startup__E)
                  00009adc    00000024     empty_min_pem4f.oem4f (.text:ti_sysbios_knl_Semaphore_Object__delete__S)
                  00009b00    00000024     sysbios.aem4f : BIOS.obj (.text:ti_sysbios_knl_Task_restoreHwi__E)
                  00009b24    00000022     empty_min_pem4f.oem4f (.text:xdc_runtime_SysMin_output__I)
                  00009b46    00000002     --HOLE-- [fill = 0]
                  00009b48    00000020     msp432p4xx_driverlib.lib : cs.o (.text:CS_setExternalClockSourceFrequency)
                  00009b68    00000020     drivers_msp432p401x.aem4f : PowerMSP432.oem4f (.text:Power_unregisterNotify)
                  00009b88    00000020     rtsv7M4_T_le_v4SPD16_eabi.lib : u_tofd_t2.asm.obj (.text)
                  00009ba8    00000020     empty_min_pem4f.oem4f (.text:ti_sysbios_BIOS_rtsLock__I)
                  00009bc8    00000020     empty_min_pem4f.oem4f (.text:ti_sysbios_family_arm_m3_Hwi_Object__delete__S)
                  00009be8    00000020     sysbios.aem4f : BIOS.obj (.text:ti_sysbios_family_arm_m3_Hwi_clearInterrupt__E)
                  00009c08    00000020     empty_min_pem4f.oem4f (.text:ti_sysbios_gates_GateHwi_Object__delete__S)
                  00009c28    00000020     empty_min_pem4f.oem4f (.text:ti_sysbios_heaps_HeapMem_Object__delete__S)
                  00009c48    00000020     sysbios.aem4f : BIOS.obj (.text:ti_sysbios_knl_Idle_run__E)
                  00009c68    00000020     empty_min_pem4f.oem4f (.text:ti_sysbios_knl_Semaphore_destruct)
                  00009c88    00000020     ti.targets.arm.rtsarm.aem4f : SysMin.oem4f (.text:xdc_runtime_SysMin_Module_startup__E)
                  00009ca8    0000001e     sysbios.aem4f : m3_Hwi_asm_switch.obj (.text:ti_sysbios_family_xxx_Hwi_switchAndRunFunc)
                  00009cc6    00000002     --HOLE-- [fill = 0]
                  00009cc8    0000001c     MSP_EXP432P401R.obj (.text:dmaErrorHwi)
                  00009ce4    00000004     --HOLE-- [fill = 0]
                  00009ce8    0000001c     sysbios.aem4f : BIOS.obj (.text:ti_sysbios_family_arm_m3_Hwi_excHandler__I)
                  00009d04    00000004     --HOLE-- [fill = 0]
                  00009d08    0000001c                   : BIOS.obj (.text:ti_sysbios_family_arm_m3_Timer_stop__E)
                  00009d24    00000004     --HOLE-- [fill = 0]
                  00009d28    0000001c                   : BIOS.obj (.text:ti_sysbios_gates_GateMutex_Instance_init__E)
                  00009d44    0000001c     empty_min_pem4f.oem4f (.text:ti_sysbios_knl_Queue_destruct)
                  00009d60    0000001c     sysbios.aem4f : BIOS.obj (.text:ti_sysbios_knl_Queue_put__E)
                  00009d7c    00000004     --HOLE-- [fill = 0]
                  00009d80    0000001c                   : BIOS.obj (.text:ti_sysbios_knl_Task_enter__I)
                  00009d9c    0000001c     ti.targets.arm.rtsarm.aem4f : Error.oem4f (.text:xdc_runtime_Error_check__E)
                  00009db8    0000001c                                 : Error.oem4f (.text:xdc_runtime_Error_raiseX__E)
                  00009dd4    0000001c                                 : Memory.oem4f (.text:xdc_runtime_Memory_valloc__E)
                  00009df0    0000001c                                 : Registry.oem4f (.text:xdc_runtime_Registry_findById__E)
                  00009e0c    0000001c                                 : SysMin.oem4f (.text:xdc_runtime_SysMin_exit__E)
                  00009e28    0000001c                                 : System.oem4f (.text:xdc_runtime_System_abort__E)
                  00009e44    0000001c                                 : Text.oem4f (.text:xdc_runtime_Text_ropeText__E)
                  00009e60    0000001a     rtsv7M4_T_le_v4SPD16_eabi.lib : s_copysign.c.obj (.text:copysign)
                  00009e7a    0000001a     empty_min_pem4f.oem4f (.text:free)
                  00009e94    0000001a     empty_min_pem4f.oem4f (.text:xdc_runtime_System_aprintf__E)
                  00009eae    0000001a     empty_min_pem4f.oem4f (.text:xdc_runtime_System_printf__E)
                  00009ec8    00000018     empty_min_pem4f.oem4f (.text:.bootCodeSection:ti_sysbios_family_arm_msp432_init_Boot_init__I)
                  00009ee0    00000018     msp432p4xx_driverlib.lib : spi.o (.text:EUSCI_A_SPI_getInterruptStatus)
                  00009ef8    00000018                              : spi.o (.text:EUSCI_B_SPI_getInterruptStatus)
                  00009f10    00000018     drivers_msp432p401x.aem4f : I2C.oem4f (.text:I2C_transfer)
                  00009f28    00000018     msp432p4xx_driverlib.lib : sysctl_a.o (.text:SysCtl_A_disableNMISource)
                  00009f40    00000018                              : sysctl_a.o (.text:SysCtl_A_enableNMISource)
                  00009f58    00000018     rtsv7M4_T_le_v4SPD16_eabi.lib : args_main.c.obj (.text:_args_main)
                  00009f70    00000018     empty_min_pem4f.oem4f (.text:ti_sysbios_BIOS_rtsUnlock__I)
                  00009f88    00000018     empty_min_pem4f.oem4f (.text:ti_sysbios_family_arm_m3_Hwi_Module__startupDone__F)
                  00009fa0    00000018     sysbios.aem4f : m3_TaskSupport_asm.obj (.text:ti_sysbios_family_arm_m3_TaskSupport_swap__E)
                  00009fb8    00000018     empty_min_pem4f.oem4f (.text:ti_sysbios_family_arm_m3_Timer_Module__startupDone__F)
                  00009fd0    00000018     empty_min_pem4f.oem4f (.text:ti_sysbios_family_arm_msp432_Timer_Module__startupDone__F)
                  00009fe8    00000018     sysbios.aem4f : BIOS.obj (.text:ti_sysbios_gates_GateMutex_leave__E)
                  0000a000    00000018     ti.targets.arm.rtsarm.aem4f : Error.oem4f (.text:xdc_runtime_Error_init__E)
                  0000a018    00000018                                 : System.oem4f (.text:xdc_runtime_System_exit__E)
                  0000a030    00000016     empty_min_pem4f.oem4f (.text:ti_sysbios_BIOS_exitFunc__I)
                  0000a046    00000002     --HOLE-- [fill = 0]
                  0000a048    00000014     main.obj (.text:DataClock)
                  0000a05c    00000014     msp432p4xx_driverlib.lib : pcm.o (.text:PCM_getPowerState)
                  0000a070    00000014     drivers_msp432p401x.aem4f : SPI.oem4f (.text:SPI_Params_init)
                  0000a084    00000014     rtsv7M4_T_le_v4SPD16_eabi.lib : strcpy.c.obj (.text:strcpy)
                  0000a098    00000014                                   : strlen.c.obj (.text:strlen)
                  0000a0ac    00000014     empty_min_pem4f.oem4f (.text:ti_sysbios_family_arm_m3_Hwi_Object__get__S)
                  0000a0c0    00000014     sysbios.aem4f : BIOS.obj (.text:ti_sysbios_family_arm_m3_Hwi_switchFromBootStack__E)
                  0000a0d4    00000014     empty_min_pem4f.oem4f (.text:ti_sysbios_heaps_HeapMem_Object__get__S)
                  0000a0e8    00000014     empty_min_pem4f.oem4f (.text:ti_sysbios_knl_Swi_Object__get__S)
                  0000a0fc    00000012     dpl_msp432p401x.aem4f : SemaphoreP_tirtos.oem4f (.text:SemaphoreP_pend)
                  0000a10e    00000002     --HOLE-- [fill = 0]
                  0000a110    00000012     sysbios.aem4f : BIOS.obj (.text:ti_sysbios_hal_Hwi_Module_startup__E)
                  0000a122    00000012     empty_min_pem4f.oem4f (.text:xdc_runtime_Startup_exec__I)
                  0000a134    00000010     dpl_msp432p401x.aem4f : HwiP_tirtos.oem4f (.text:HwiP_Params_init)
                  0000a144    00000010     drivers_msp432p401x.aem4f : I2C.oem4f (.text:I2C_Params_init)
                  0000a154    00000010     msp432p4xx_driverlib.lib : pcm.o (.text:PCM_gotoLPM4)
                  0000a164    00000010                              : pcm.o (.text:PCM_setPowerMode)
                  0000a174    00000010                              : pcm.o (.text:PCM_setPowerState)
                  0000a184    00000010     drivers_msp432p401x.aem4f : PowerMSP432.oem4f (.text:PowerMSP432_getNumPerfLevels)
                  0000a194    00000010     msp432p4xx_driverlib.lib : sysctl_a.o (.text:SysCtl_A_getNMISourceStatus)
                  0000a1a4    00000010                              : sysctl.o (.text:SysCtl_getNMISourceStatus)
                  0000a1b4    00000004     --HOLE-- [fill = 0]
                  0000a1b8    00000010     sysbios.aem4f : BIOS.obj (.text:ti_sysbios_BIOS_getCpuFreq__E)
                  0000a1c8    00000010                   : BIOS.obj (.text:ti_sysbios_BIOS_setCpuFreq__E)
                  0000a1d8    00000010                   : BIOS.obj (.text:ti_sysbios_BIOS_setThreadType__E)
                  0000a1e8    00000010                   : BIOS.obj (.text:ti_sysbios_BIOS_start__E)
                  0000a1f8    00000010                   : m3_TaskSupport_asm.obj (.text:ti_sysbios_family_arm_m3_TaskSupport_glue)
                  0000a208    00000010                   : BIOS.obj (.text:ti_sysbios_family_arm_msp432_init_Boot_disableWatchdog)
                  0000a218    00000010                   : BIOS.obj (.text:ti_sysbios_gates_GateMutex_Instance_finalize__E)
                  0000a228    00000010                   : BIOS.obj (.text:ti_sysbios_knl_Semaphore_Instance_finalize__E)
                  0000a238    00000010                   : BIOS.obj (.text:ti_sysbios_knl_Swi_disable__E)
                  0000a248    00000010     empty_min_pem4f.oem4f (.text:ti_sysbios_knl_Task_Object__get__S)
                  0000a258    00000010     sysbios.aem4f : BIOS.obj (.text:ti_sysbios_knl_Task_disable__E)
                  0000a268    00000010     ti.targets.arm.rtsarm.aem4f : Gate.oem4f (.text:xdc_runtime_Gate_leaveSystem__E)
                  0000a278    00000010                                 : Memory.oem4f (.text:xdc_runtime_Memory_free__E)
                  0000a288    00000010                                 : SysMin.oem4f (.text:xdc_runtime_SysMin_ready__E)
                  0000a298    00000010                                 : System.oem4f (.text:xdc_runtime_System_vsnprintf__E)
                  0000a2a8    00000010     empty_min_pem4f.oem4f (.text:xdc_runtime_Text_visitRope__I)
                  0000a2b8    0000000e     rtsv7M4_T_le_v4SPD16_eabi.lib : copy_decompress_none.c.obj (.text:decompress:none:__TI_decompress_none)
                  0000a2c6    0000000e     main.obj (.text:spiBusTransmitFinished)
                  0000a2d4    00000004     --HOLE-- [fill = 0]
                  0000a2d8    0000000e     sysbios.aem4f : BIOS.obj (.text:ti_sysbios_knl_Idle_loop__E)
                  0000a2e6    00000002     --HOLE-- [fill = 0]
                  0000a2e8    0000000e                   : BIOS.obj (.text:ti_sysbios_knl_Queue_empty__E)
                  0000a2f6    0000000c     msp432p4xx_driverlib.lib : cpu.o (.text:CPU_cpsid)
                  0000a302    0000000c                              : cpu.o (.text:CPU_cpsie)
                  0000a30e    0000000c     dpl_msp432p401x.aem4f : HwiP_tirtos.oem4f (.text:HwiP_delete)
                  0000a31a    00000002     --HOLE-- [fill = 0]
                  0000a31c    0000000c     drivers_msp432p401x.aem4f : PowerMSP432.oem4f (.text:Power_getConstraintMask)
                  0000a328    0000000c                               : PowerMSP432.oem4f (.text:Power_getPerformanceLevel)
                  0000a334    0000000c     dpl_msp432p401x.aem4f : SemaphoreP_tirtos.oem4f (.text:SemaphoreP_delete)
                  0000a340    0000000c     rtsv7M4_T_le_v4SPD16_eabi.lib : _lock.c.obj (.text:_register_lock)
                  0000a34c    0000000c                                   : _lock.c.obj (.text:_register_unlock)
                  0000a358    0000000c                                   : copy_zero_init.c.obj (.text:decompress:ZI:__TI_zero_init)
                  0000a364    0000000c     empty_min_pem4f.oem4f (.text:ti_sysbios_family_arm_m3_Hwi_Params__init__S)
                  0000a370    0000000c     sysbios.aem4f : BIOS.obj (.text:ti_sysbios_family_arm_m3_Hwi_disableFxn__E)
                  0000a37c    00000004     --HOLE-- [fill = 0]
                  0000a380    0000000c                   : BIOS.obj (.text:ti_sysbios_family_arm_m3_TaskSupport_checkStack__E)
                  0000a38c    00000004     --HOLE-- [fill = 0]
                  0000a390    0000000c                   : BIOS.obj (.text:ti_sysbios_family_arm_msp432_Timer_getMaxTicks__E)
                  0000a39c    00000004     --HOLE-- [fill = 0]
                  0000a3a0    0000000c                   : BIOS.obj (.text:ti_sysbios_gates_GateHwi_enter__E)
                  0000a3ac    0000000c     empty_min_pem4f.oem4f (.text:ti_sysbios_knl_Queue_Object__get__S)
                  0000a3b8    0000000c     empty_min_pem4f.oem4f (.text:ti_sysbios_knl_Semaphore_Params__init__S)
                  0000a3c4    0000000c     ti.targets.arm.rtsarm.aem4f : Gate.oem4f (.text:xdc_runtime_Gate_enterSystem__E)
                  0000a3d0    0000000c                                 : Memory.oem4f (.text:xdc_runtime_Memory_calloc__E)
                  0000a3dc    0000000c                                 : Memory.oem4f (.text:xdc_runtime_Memory_getMaxDefaultTypeAlign__E)
                  0000a3e8    0000000c                                 : Startup.oem4f (.text:xdc_runtime_Startup_rtsDone__E)
                  0000a3f4    0000000a     drivers_msp432p401x.aem4f : SPI.oem4f (.text:SPI_transfer)
                  0000a3fe    0000000a     empty_min_pem4f.oem4f (.text:xdc_runtime_IHeap_alloc)
                  0000a408    0000000a     empty_min_pem4f.oem4f (.text:xdc_runtime_IHeap_free)
                  0000a412    00000008     MSP_EXP432P401R.obj (.text:Board_init)
                  0000a41a    00000008     MSP_EXP432P401R.obj (.text:MSP_EXP432P401R_initGeneral)
                  0000a422    00000008     dpl_msp432p401x.aem4f : SemaphoreP_tirtos.oem4f (.text:SemaphoreP_Params_init)
                  0000a42a    00000002     --HOLE-- [fill = 0]
                  0000a42c    00000008     rtsv7M4_T_le_v4SPD16_eabi.lib : errno.c.obj (.text:__aeabi_errno_addr)
                  0000a434    00000008     drivers_msp432p401x.aem4f : I2CMSP432.oem4f (.text:blockingTransferCallback)
                  0000a43c    00000008                               : SPIMSP432DMA.oem4f (.text:blockingTransferCallback)
                  0000a444    00000004     --HOLE-- [fill = 0]
                  0000a448    00000008     sysbios.aem4f : BIOS.obj (.text:ti_sysbios_family_arm_m3_Hwi_doSwiRestore__I)
                  0000a450    00000008                   : BIOS.obj (.text:ti_sysbios_family_arm_m3_Hwi_startup__E)
                  0000a458    00000006     drivers_msp432p401x.aem4f : SPIMSP432DMA.oem4f (.text:SPIMSP432DMA_control)
                  0000a45e    00000002     --HOLE-- [fill = 0]
                  0000a460    00000006     sysbios.aem4f : BIOS.obj (.text:ti_sysbios_family_arm_m3_Hwi_doTaskRestore__I)
                  0000a466    00000002     --HOLE-- [fill = 0]
                  0000a468    00000006                   : BIOS.obj (.text:ti_sysbios_family_arm_m3_Hwi_restoreFxn__E)
                  0000a46e    00000002     --HOLE-- [fill = 0]
                  0000a470    00000006                   : BIOS.obj (.text:ti_sysbios_gates_GateHwi_leave__E)
                  0000a476    00000002     --HOLE-- [fill = 0]
                  0000a478    00000006                   : BIOS.obj (.text:ti_sysbios_heaps_HeapMem_isBlocking__E)
                  0000a47e    00000002     --HOLE-- [fill = 0]
                  0000a480    00000006                   : BIOS.obj (.text:ti_sysbios_knl_Queue_Instance_init__E)
                  0000a486    00000002     --HOLE-- [fill = 0]
                  0000a488    00000006                   : BIOS.obj (.text:ti_sysbios_knl_Swi_startup__E)
                  0000a48e    00000006     ti.targets.arm.rtsarm.aem4f : System.oem4f (.text:xdc_runtime_System_Module_startup__E)
                  0000a494    00000004     --HOLE-- [fill = 0]
                  0000a498    00000004     sysbios.aem4f : BIOS.obj (.text:ti_sysbios_gates_GateHwi_query__E)
                  0000a49c    00000004     --HOLE-- [fill = 0]
                  0000a4a0    00000004                   : BIOS.obj (.text:ti_sysbios_gates_GateMutex_query__E)
                  0000a4a4    00000004     --HOLE-- [fill = 0]
                  0000a4a8    00000004                   : BIOS.obj (.text:ti_sysbios_knl_Task_startup__E)
                  0000a4ac    00000004     --HOLE-- [fill = 0]
                  0000a4b0    00000002                   : BIOS.obj (.text:ti_sysbios_BIOS_linkedWithIncorrectBootLibrary__E)
                  0000a4b2    00000006     --HOLE-- [fill = 0]
                  0000a4b8    00000002                   : BIOS.obj (.text:ti_sysbios_family_arm_m3_TimestampProvider_rolloverFunc__E)
                  0000a4ba    00000006     --HOLE-- [fill = 0]
                  0000a4c0    00000002                   : BIOS.obj (.text:ti_sysbios_gates_GateHwi_Instance_init__E)

.const     0    0000a4c8    000020c3     
                  0000a4c8    000018e4     empty_min_pem4f.oem4f (.const:xdc_runtime_Text_charTab__A)
                  0000bdac    000000bc     empty_min_pem4f.oem4f (.const:xdc_runtime_Text_nodeTab__A)
                  0000be68    00000090     MSP_EXP432P401R.obj (.const:spiMSP432DMAHWAttrs)
                  0000bef8    00000038     MSP_EXP432P401R.obj (.const:PowerMSP432_config)
                  0000bf30    00000034     rtsv7M4_T_le_v4SPD16_eabi.lib : s_atanf.c.obj (.const:$O1$$)
                  0000bf64    00000004     empty_min_pem4f.oem4f (.const:ti_sysbios_family_arm_m3_Hwi_E_NMI__C)
                  0000bf68    00000030     rtsv7M4_T_le_v4SPD16_eabi.lib : e_pow.c.obj (.const:$O1$$)
                  0000bf98    00000030     MSP_EXP432P401R.obj (.const:SPI_config)
                  0000bfc8    00000030     empty_min_pem4f.oem4f (.const:ti_sysbios_family_arm_m3_Hwi_Object__PARAMS__C)
                  0000bff8    0000002c     empty_min_pem4f.oem4f (.const)
                  0000c024    00000028     MSP_EXP432P401R.obj (.const:i2cMSP432HWAttrs)
                  0000c04c    00000028     empty_min_pem4f.oem4f (.const:ti_sysbios_heaps_HeapMem_Module__FXNS__C)
                  0000c074    00000028     empty_min_pem4f.oem4f (.const:xdc_runtime_Startup_sfxnTab__A)
                  0000c09c    00000024     empty_min_pem4f.oem4f (.const:ti_sysbios_gates_GateHwi_Module__FXNS__C)
                  0000c0c0    00000024     empty_min_pem4f.oem4f (.const:ti_sysbios_gates_GateMutex_Module__FXNS__C)
                  0000c0e4    00000024     empty_min_pem4f.oem4f (.const:ti_sysbios_heaps_HeapMem_Object__PARAMS__C)
                  0000c108    00000024     empty_min_pem4f.oem4f (.const:ti_sysbios_knl_Semaphore_Object__PARAMS__C)
                  0000c12c    00000020     drivers_msp432p401x.aem4f : SPI.oem4f (.const:SPI_defaultParams)
                  0000c14c    00000020     empty_min_pem4f.oem4f (.const:ti_sysbios_family_arm_m3_Hwi_Object__DESC__C)
                  0000c16c    00000020     empty_min_pem4f.oem4f (.const:ti_sysbios_gates_GateHwi_Object__DESC__C)
                  0000c18c    00000020     empty_min_pem4f.oem4f (.const:ti_sysbios_gates_GateMutex_Object__DESC__C)
                  0000c1ac    00000020     empty_min_pem4f.oem4f (.const:ti_sysbios_heaps_HeapMem_Object__DESC__C)
                  0000c1cc    00000020     empty_min_pem4f.oem4f (.const:ti_sysbios_knl_Queue_Object__DESC__C)
                  0000c1ec    00000020     empty_min_pem4f.oem4f (.const:ti_sysbios_knl_Semaphore_Object__DESC__C)
                  0000c20c    0000001c     main.obj (.const:$P$T0$1)
                  0000c228    00000018     drivers_msp432p401x.aem4f : I2CMSP432.oem4f (.const:I2CMSP432_fxnTable)
                  0000c240    00000018     MSP_EXP432P401R.obj (.const:I2C_config)
                  0000c258    00000018     drivers_msp432p401x.aem4f : SPIMSP432DMA.oem4f (.const:SPIMSP432DMA_fxnTable)
                  0000c270    00000018     empty_min_pem4f.oem4f (.const:ti_sysbios_gates_GateHwi_Object__PARAMS__C)
                  0000c288    00000018     empty_min_pem4f.oem4f (.const:ti_sysbios_gates_GateMutex_Object__PARAMS__C)
                  0000c2a0    00000018     empty_min_pem4f.oem4f (.const:ti_sysbios_knl_Queue_Object__PARAMS__C)
                  0000c2b8    00000014     MSP_EXP432P401R.obj (.const:GPIOMSP432_config)
                  0000c2cc    00000014     empty_min_pem4f.oem4f (.const:xdc_runtime_Startup_sfxnRts__A)
                  0000c2e0    00000010     drivers_msp432p401x.aem4f : I2C.oem4f (.const:I2C_defaultParams)
                  0000c2f0    0000000e     MSP_EXP432P401R.obj (.const)
                  0000c2fe    00000002     empty_min_pem4f.oem4f (.const:ti_sysbios_family_arm_m3_Hwi_Module__id__C)
                  0000c300    0000000c     drivers_msp432p401x.aem4f : I2CMSP432.oem4f (.const:bitRates)
                  0000c30c    0000000c     MSP_EXP432P401R.obj (.const:udmaMSP432HWAttrs)
                  0000c318    0000000c     empty_min_pem4f.oem4f (.const:xdc_runtime_Startup_firstFxns__A)
                  0000c324    00000008     MSP_EXP432P401R.obj (.const:UDMAMSP432_config)
                  0000c32c    00000008     drivers_msp432p401x.aem4f : SPIMSP432DMA.oem4f (.const:frameFormat)
                  0000c334    00000008     empty_min_pem4f.oem4f (.const:ti_sysbios_family_arm_m3_Hwi_excHookFuncs__A)
                  0000c33c    00000008     empty_min_pem4f.oem4f (.const:ti_sysbios_knl_Idle_funcList__C)
                  0000c344    00000008     empty_min_pem4f.oem4f (.const:xdc_runtime_Startup_firstFxns__C)
                  0000c34c    00000008     empty_min_pem4f.oem4f (.const:xdc_runtime_Startup_lastFxns__C)
                  0000c354    00000006     drivers_msp432p401x.aem4f : GPIOMSP432.oem4f (.const:.string:interruptType)
                  0000c35a    00000006                               : GPIOMSP432.oem4f (.const:.string:portInterruptIds)
                  0000c360    00000004     empty_min_pem4f.oem4f (.const:ti_sysbios_family_arm_m3_Hwi_E_alreadyDefined__C)
                  0000c364    00000004     empty_min_pem4f.oem4f (.const:ti_sysbios_family_arm_m3_Hwi_E_badIntNum__C)
                  0000c368    00000004     empty_min_pem4f.oem4f (.const:ti_sysbios_family_arm_m3_Hwi_E_busFault__C)
                  0000c36c    00000004     empty_min_pem4f.oem4f (.const:ti_sysbios_family_arm_m3_Hwi_E_debugMon__C)
                  0000c370    00000004     empty_min_pem4f.oem4f (.const:ti_sysbios_family_arm_m3_Hwi_E_hardFault__C)
                  0000c374    00000004     empty_min_pem4f.oem4f (.const:ti_sysbios_family_arm_m3_Hwi_E_memFault__C)
                  0000c378    00000004     empty_min_pem4f.oem4f (.const:ti_sysbios_family_arm_m3_Hwi_E_noIsr__C)
                  0000c37c    00000004     empty_min_pem4f.oem4f (.const:ti_sysbios_family_arm_m3_Hwi_E_reserved__C)
                  0000c380    00000004     empty_min_pem4f.oem4f (.const:ti_sysbios_family_arm_m3_Hwi_E_svCall__C)
                  0000c384    00000004     empty_min_pem4f.oem4f (.const:ti_sysbios_family_arm_m3_Hwi_E_usageFault__C)
                  0000c388    00000004     empty_min_pem4f.oem4f (.const:ti_sysbios_family_arm_m3_Hwi_LD_end__C)
                  0000c38c    00000004     empty_min_pem4f.oem4f (.const:ti_sysbios_family_arm_m3_Hwi_LM_begin__C)
                  0000c390    00000004     empty_min_pem4f.oem4f (.const:ti_sysbios_family_arm_m3_Hwi_Module__diagsEnabled__C)
                  0000c394    00000004     empty_min_pem4f.oem4f (.const:ti_sysbios_family_arm_m3_Hwi_Module__diagsIncluded__C)
                  0000c398    00000004     empty_min_pem4f.oem4f (.const:ti_sysbios_family_arm_m3_Hwi_Module__diagsMask__C)
                  0000c39c    00000004     empty_min_pem4f.oem4f (.const:ti_sysbios_family_arm_m3_Hwi_Module__loggerFxn1__C)
                  0000c3a0    00000004     empty_min_pem4f.oem4f (.const:ti_sysbios_family_arm_m3_Hwi_Module__loggerFxn8__C)
                  0000c3a4    00000004     empty_min_pem4f.oem4f (.const:ti_sysbios_family_arm_m3_Hwi_Module__loggerObj__C)
                  0000c3a8    00000004     empty_min_pem4f.oem4f (.const:ti_sysbios_family_arm_m3_Hwi_NUM_INTERRUPTS__C)
                  0000c3ac    00000004     empty_min_pem4f.oem4f (.const:ti_sysbios_family_arm_m3_Hwi_Object__count__C)
                  0000c3b0    00000004     empty_min_pem4f.oem4f (.const:ti_sysbios_family_arm_m3_Hwi_ccr__C)
                  0000c3b4    00000004     empty_min_pem4f.oem4f (.const:ti_sysbios_family_arm_m3_Hwi_excHandlerFunc__C)
                  0000c3b8    00000004     empty_min_pem4f.oem4f (.const:ti_sysbios_family_arm_m3_Hwi_excHookFuncs__C)
                  0000c3bc    00000004     empty_min_pem4f.oem4f (.const:ti_sysbios_family_arm_m3_Hwi_nullIsrFunc__C)
                  0000c3c0    00000004     empty_min_pem4f.oem4f (.const:ti_sysbios_family_arm_m3_Hwi_priGroup__C)
                  0000c3c4    00000004     empty_min_pem4f.oem4f (.const:ti_sysbios_family_arm_m3_Hwi_swiDisable__C)
                  0000c3c8    00000004     empty_min_pem4f.oem4f (.const:ti_sysbios_family_arm_m3_Hwi_swiRestore__C)
                  0000c3cc    00000004     empty_min_pem4f.oem4f (.const:ti_sysbios_family_arm_m3_Timer_E_cannotSupport__C)
                  0000c3d0    00000004     empty_min_pem4f.oem4f (.const:ti_sysbios_family_arm_m3_Timer_startupNeeded__C)
                  0000c3d4    00000004     empty_min_pem4f.oem4f (.const:ti_sysbios_family_arm_msp432_Timer_numTimerDevices__C)
                  0000c3d8    00000004     empty_min_pem4f.oem4f (.const:ti_sysbios_family_arm_msp432_Timer_startupNeeded__C)
                  0000c3dc    00000004     empty_min_pem4f.oem4f (.const:ti_sysbios_gates_GateMutex_A_badContext__C)
                  0000c3e0    00000004     empty_min_pem4f.oem4f (.const:ti_sysbios_gates_GateMutex_Instance_State_sem__O)
                  0000c3e4    00000004     empty_min_pem4f.oem4f (.const:ti_sysbios_gates_GateMutex_Module__diagsEnabled__C)
                  0000c3e8    00000004     empty_min_pem4f.oem4f (.const:ti_sysbios_gates_GateMutex_Module__diagsIncluded__C)
                  0000c3ec    00000004     empty_min_pem4f.oem4f (.const:ti_sysbios_gates_GateMutex_Module__diagsMask__C)
                  0000c3f0    00000004     empty_min_pem4f.oem4f (.const:ti_sysbios_hal_Hwi_E_stackOverflow__C)
                  0000c3f4    00000004     empty_min_pem4f.oem4f (.const:ti_sysbios_heaps_HeapMem_A_align__C)
                  0000c3f8    00000004     empty_min_pem4f.oem4f (.const:ti_sysbios_heaps_HeapMem_A_heapSize__C)
                  0000c3fc    00000004     empty_min_pem4f.oem4f (.const:ti_sysbios_heaps_HeapMem_A_invalidFree__C)
                  0000c400    00000004     empty_min_pem4f.oem4f (.const:ti_sysbios_heaps_HeapMem_A_zeroBlock__C)
                  0000c404    00000004     empty_min_pem4f.oem4f (.const:ti_sysbios_heaps_HeapMem_E_memory__C)
                  0000c408    00000004     empty_min_pem4f.oem4f (.const:ti_sysbios_heaps_HeapMem_Module__diagsEnabled__C)
                  0000c40c    00000004     empty_min_pem4f.oem4f (.const:ti_sysbios_heaps_HeapMem_Module__diagsIncluded__C)
                  0000c410    00000004     empty_min_pem4f.oem4f (.const:ti_sysbios_heaps_HeapMem_Module__diagsMask__C)
                  0000c414    00000004     empty_min_pem4f.oem4f (.const:ti_sysbios_heaps_HeapMem_Module__gateObj__C)
                  0000c418    00000004     empty_min_pem4f.oem4f (.const:ti_sysbios_heaps_HeapMem_Object__count__C)
                  0000c41c    00000004     empty_min_pem4f.oem4f (.const:ti_sysbios_heaps_HeapMem_primaryHeapBaseAddr__C)
                  0000c420    00000004     empty_min_pem4f.oem4f (.const:ti_sysbios_heaps_HeapMem_primaryHeapEndAddr__C)
                  0000c424    00000004     empty_min_pem4f.oem4f (.const:ti_sysbios_heaps_HeapMem_reqAlign__C)
                  0000c428    00000004     empty_min_pem4f.oem4f (.const:ti_sysbios_knl_Clock_LM_begin__C)
                  0000c42c    00000004     empty_min_pem4f.oem4f (.const:ti_sysbios_knl_Clock_LM_tick__C)
                  0000c430    00000004     empty_min_pem4f.oem4f (.const:ti_sysbios_knl_Clock_LW_delayed__C)
                  0000c434    00000004     empty_min_pem4f.oem4f (.const:ti_sysbios_knl_Clock_Module_State_clockQ__O)
                  0000c438    00000004     empty_min_pem4f.oem4f (.const:ti_sysbios_knl_Clock_Module__diagsEnabled__C)
                  0000c43c    00000004     empty_min_pem4f.oem4f (.const:ti_sysbios_knl_Clock_Module__diagsIncluded__C)
                  0000c440    00000004     empty_min_pem4f.oem4f (.const:ti_sysbios_knl_Clock_Module__diagsMask__C)
                  0000c444    00000004     empty_min_pem4f.oem4f (.const:ti_sysbios_knl_Clock_Module__loggerFxn1__C)
                  0000c448    00000004     empty_min_pem4f.oem4f (.const:ti_sysbios_knl_Clock_Module__loggerFxn2__C)
                  0000c44c    00000004     empty_min_pem4f.oem4f (.const:ti_sysbios_knl_Clock_Module__loggerObj__C)
                  0000c450    00000004     empty_min_pem4f.oem4f (.const:ti_sysbios_knl_Idle_funcList__A)
                  0000c454    00000004     empty_min_pem4f.oem4f (.const:ti_sysbios_knl_Semaphore_A_badContext__C)
                  0000c458    00000004     empty_min_pem4f.oem4f (.const:ti_sysbios_knl_Semaphore_A_noEvents__C)
                  0000c45c    00000004     empty_min_pem4f.oem4f (.const:ti_sysbios_knl_Semaphore_A_overflow__C)
                  0000c460    00000004     empty_min_pem4f.oem4f (.const:ti_sysbios_knl_Semaphore_A_pendTaskDisabled__C)
                  0000c464    00000004     empty_min_pem4f.oem4f (.const:ti_sysbios_knl_Semaphore_Instance_State_pendQ__O)
                  0000c468    00000004     empty_min_pem4f.oem4f (.const:ti_sysbios_knl_Semaphore_LM_pend__C)
                  0000c46c    00000004     empty_min_pem4f.oem4f (.const:ti_sysbios_knl_Semaphore_LM_post__C)
                  0000c470    00000004     empty_min_pem4f.oem4f (.const:ti_sysbios_knl_Semaphore_Module__diagsEnabled__C)
                  0000c474    00000004     empty_min_pem4f.oem4f (.const:ti_sysbios_knl_Semaphore_Module__diagsIncluded__C)
                  0000c478    00000004     empty_min_pem4f.oem4f (.const:ti_sysbios_knl_Semaphore_Module__diagsMask__C)
                  0000c47c    00000004     empty_min_pem4f.oem4f (.const:ti_sysbios_knl_Semaphore_Module__loggerFxn2__C)
                  0000c480    00000004     empty_min_pem4f.oem4f (.const:ti_sysbios_knl_Semaphore_Module__loggerFxn4__C)
                  0000c484    00000004     empty_min_pem4f.oem4f (.const:ti_sysbios_knl_Semaphore_Module__loggerObj__C)
                  0000c488    00000004     empty_min_pem4f.oem4f (.const:ti_sysbios_knl_Swi_LD_end__C)
                  0000c48c    00000004     empty_min_pem4f.oem4f (.const:ti_sysbios_knl_Swi_LM_begin__C)
                  0000c490    00000004     empty_min_pem4f.oem4f (.const:ti_sysbios_knl_Swi_LM_post__C)
                  0000c494    00000004     empty_min_pem4f.oem4f (.const:ti_sysbios_knl_Swi_Module__diagsEnabled__C)
                  0000c498    00000004     empty_min_pem4f.oem4f (.const:ti_sysbios_knl_Swi_Module__diagsIncluded__C)
                  0000c49c    00000004     empty_min_pem4f.oem4f (.const:ti_sysbios_knl_Swi_Module__diagsMask__C)
                  0000c4a0    00000004     empty_min_pem4f.oem4f (.const:ti_sysbios_knl_Swi_Module__loggerFxn1__C)
                  0000c4a4    00000004     empty_min_pem4f.oem4f (.const:ti_sysbios_knl_Swi_Module__loggerFxn4__C)
                  0000c4a8    00000004     empty_min_pem4f.oem4f (.const:ti_sysbios_knl_Swi_Module__loggerObj__C)
                  0000c4ac    00000004     empty_min_pem4f.oem4f (.const:ti_sysbios_knl_Swi_Object__count__C)
                  0000c4b0    00000004     empty_min_pem4f.oem4f (.const:ti_sysbios_knl_Task_E_spOutOfBounds__C)
                  0000c4b4    00000004     empty_min_pem4f.oem4f (.const:ti_sysbios_knl_Task_E_stackOverflow__C)
                  0000c4b8    00000004     empty_min_pem4f.oem4f (.const:ti_sysbios_knl_Task_LD_block__C)
                  0000c4bc    00000004     empty_min_pem4f.oem4f (.const:ti_sysbios_knl_Task_LD_exit__C)
                  0000c4c0    00000004     empty_min_pem4f.oem4f (.const:ti_sysbios_knl_Task_LD_ready__C)
                  0000c4c4    00000004     empty_min_pem4f.oem4f (.const:ti_sysbios_knl_Task_LM_switch__C)
                  0000c4c8    00000004     empty_min_pem4f.oem4f (.const:ti_sysbios_knl_Task_Module_State_inactiveQ__O)
                  0000c4cc    00000004     empty_min_pem4f.oem4f (.const:ti_sysbios_knl_Task_Module__diagsEnabled__C)
                  0000c4d0    00000004     empty_min_pem4f.oem4f (.const:ti_sysbios_knl_Task_Module__diagsIncluded__C)
                  0000c4d4    00000004     empty_min_pem4f.oem4f (.const:ti_sysbios_knl_Task_Module__diagsMask__C)
                  0000c4d8    00000004     empty_min_pem4f.oem4f (.const:ti_sysbios_knl_Task_Module__loggerFxn2__C)
                  0000c4dc    00000004     empty_min_pem4f.oem4f (.const:ti_sysbios_knl_Task_Module__loggerFxn4__C)
                  0000c4e0    00000004     empty_min_pem4f.oem4f (.const:ti_sysbios_knl_Task_Module__loggerObj__C)
                  0000c4e4    00000004     empty_min_pem4f.oem4f (.const:ti_sysbios_knl_Task_Object__count__C)
                  0000c4e8    00000004     empty_min_pem4f.oem4f (.const:ti_sysbios_knl_Task_allBlockedFunc__C)
                  0000c4ec    00000004     empty_min_pem4f.oem4f (.const:ti_sysbios_knl_Task_numConstructedTasks__C)
                  0000c4f0    00000004     empty_min_pem4f.oem4f (.const:xdc_runtime_Assert_E_assertFailed__C)
                  0000c4f4    00000004     empty_min_pem4f.oem4f (.const:xdc_runtime_Core_A_initializedParams__C)
                  0000c4f8    00000004     empty_min_pem4f.oem4f (.const:xdc_runtime_Core_Module__diagsEnabled__C)
                  0000c4fc    00000004     empty_min_pem4f.oem4f (.const:xdc_runtime_Core_Module__diagsIncluded__C)
                  0000c500    00000004     empty_min_pem4f.oem4f (.const:xdc_runtime_Core_Module__diagsMask__C)
                  0000c504    00000004     empty_min_pem4f.oem4f (.const:xdc_runtime_Error_E_memory__C)
                  0000c508    00000004     empty_min_pem4f.oem4f (.const:xdc_runtime_Error_policyFxn__C)
                  0000c50c    00000004     empty_min_pem4f.oem4f (.const:xdc_runtime_Error_raiseHook__C)
                  0000c510    00000004     empty_min_pem4f.oem4f (.const:xdc_runtime_IGateProvider_Interface__BASE__C)
                  0000c514    00000004     empty_min_pem4f.oem4f (.const:xdc_runtime_IHeap_Interface__BASE__C)
                  0000c518    00000004     empty_min_pem4f.oem4f (.const:xdc_runtime_IModule_Interface__BASE__C)
                  0000c51c    00000004     empty_min_pem4f.oem4f (.const:xdc_runtime_Memory_defaultHeapInstance__C)
                  0000c520    00000004     empty_min_pem4f.oem4f (.const:xdc_runtime_Startup_execImpl__C)
                  0000c524    00000004     empty_min_pem4f.oem4f (.const:xdc_runtime_Startup_maxPasses__C)
                  0000c528    00000004     empty_min_pem4f.oem4f (.const:xdc_runtime_Startup_sfxnRts__C)
                  0000c52c    00000004     empty_min_pem4f.oem4f (.const:xdc_runtime_Startup_sfxnTab__C)
                  0000c530    00000004     empty_min_pem4f.oem4f (.const:xdc_runtime_SysMin_bufSize__C)
                  0000c534    00000004     empty_min_pem4f.oem4f (.const:xdc_runtime_SysMin_outputFunc__C)
                  0000c538    00000004     empty_min_pem4f.oem4f (.const:xdc_runtime_System_Module__gateObj__C)
                  0000c53c    00000004     empty_min_pem4f.oem4f (.const:xdc_runtime_System_abortFxn__C)
                  0000c540    00000004     empty_min_pem4f.oem4f (.const:xdc_runtime_System_exitFxn__C)
                  0000c544    00000004     empty_min_pem4f.oem4f (.const:xdc_runtime_System_extendFxn__C)
                  0000c548    00000004     empty_min_pem4f.oem4f (.const:xdc_runtime_System_maxAtexitHandlers__C)
                  0000c54c    00000004     empty_min_pem4f.oem4f (.const:xdc_runtime_Text_charTab__C)
                  0000c550    00000004     empty_min_pem4f.oem4f (.const:xdc_runtime_Text_nodeTab__C)
                  0000c554    00000004     empty_min_pem4f.oem4f (.const:xdc_runtime_Text_visitRopeFxn__C)
                  0000c558    00000002     empty_min_pem4f.oem4f (.const:ti_sysbios_family_arm_m3_Hwi_Module__loggerDefined__C)
                  0000c55a    00000002     empty_min_pem4f.oem4f (.const:ti_sysbios_family_arm_m3_Timer_Module__id__C)
                  0000c55c    00000002     empty_min_pem4f.oem4f (.const:ti_sysbios_family_arm_msp432_init_Boot_bypassHFXT__C)
                  0000c55e    00000002     empty_min_pem4f.oem4f (.const:ti_sysbios_family_arm_msp432_init_Boot_bypassLFXT__C)
                  0000c560    00000002     empty_min_pem4f.oem4f (.const:ti_sysbios_family_arm_msp432_init_Boot_enableHFXT__C)
                  0000c562    00000002     empty_min_pem4f.oem4f (.const:ti_sysbios_family_arm_msp432_init_Boot_enableLFXT__C)
                  0000c564    00000002     empty_min_pem4f.oem4f (.const:ti_sysbios_gates_GateMutex_Module__id__C)
                  0000c566    00000002     empty_min_pem4f.oem4f (.const:ti_sysbios_hal_Hwi_Module__id__C)
                  0000c568    00000002     empty_min_pem4f.oem4f (.const:ti_sysbios_heaps_HeapMem_Module__id__C)
                  0000c56a    00000002     empty_min_pem4f.oem4f (.const:ti_sysbios_knl_Clock_Module__id__C)
                  0000c56c    00000002     empty_min_pem4f.oem4f (.const:ti_sysbios_knl_Clock_Module__loggerDefined__C)
                  0000c56e    00000002     empty_min_pem4f.oem4f (.const:ti_sysbios_knl_Semaphore_Module__id__C)
                  0000c570    00000002     empty_min_pem4f.oem4f (.const:ti_sysbios_knl_Semaphore_Module__loggerDefined__C)
                  0000c572    00000002     empty_min_pem4f.oem4f (.const:ti_sysbios_knl_Swi_Module__id__C)
                  0000c574    00000002     empty_min_pem4f.oem4f (.const:ti_sysbios_knl_Swi_Module__loggerDefined__C)
                  0000c576    00000002     empty_min_pem4f.oem4f (.const:ti_sysbios_knl_Task_Module__id__C)
                  0000c578    00000002     empty_min_pem4f.oem4f (.const:ti_sysbios_knl_Task_Module__loggerDefined__C)
                  0000c57a    00000002     empty_min_pem4f.oem4f (.const:xdc_runtime_Core_Module__id__C)
                  0000c57c    00000002     empty_min_pem4f.oem4f (.const:xdc_runtime_Error_Module__loggerDefined__C)
                  0000c57e    00000002     empty_min_pem4f.oem4f (.const:xdc_runtime_Error_maxDepth__C)
                  0000c580    00000002     empty_min_pem4f.oem4f (.const:xdc_runtime_Memory_Module__id__C)
                  0000c582    00000002     empty_min_pem4f.oem4f (.const:xdc_runtime_SysMin_flushAtExit__C)
                  0000c584    00000002     empty_min_pem4f.oem4f (.const:xdc_runtime_Text_isLoaded__C)
                  0000c586    00000002     empty_min_pem4f.oem4f (.const:xdc_runtime_Text_registryModsLastId__C)
                  0000c588    00000002     empty_min_pem4f.oem4f (.const:xdc_runtime_Text_unnamedModsLastId__C)
                  0000c58a    00000001     empty_min_pem4f.oem4f (.const:xdc_runtime_Error_policy__C)

.cinit     0    0000c590    00000328     
                  0000c590    00000301     (.cinit..data.load) [load image, compression = lzss]
                  0000c891    00000003     --HOLE-- [fill = 0]
                  0000c894    0000000c     (__TI_handler_table)
                  0000c8a0    00000008     (.cinit..bss.load) [load image, compression = zero_init]
                  0000c8a8    00000010     (__TI_cinit_table)

.init_array 
*          0    00000000    00000000     UNINITIALIZED

.bss       0    20008200    00001deb     UNINITIALIZED
                  20008200    00001400     empty_min_pem4f.oem4f (.bss:taskStackSection)
                  20009600    00000400     (.common:xdc_runtime_SysMin_Module_State_0_outbuf__A)
                  20009a00    00000140     (.common:ti_sysbios_family_arm_m3_Hwi_dispatchTable)
                  20009b40    00000120     rtsv7M4_T_le_v4SPD16_eabi.lib : trgmsg.c.obj (.bss:_CIOBUF_)
                  20009c60    00000120     (.common:spiMSP432DMAObjects)
                  20009d80    00000030     drivers_msp432p401x.aem4f : GPIOMSP432.oem4f (.bss:gpioCallbackInfo)
                  20009db0    00000020                               : UDMAMSP432.oem4f (.bss:hwiFxnArgs)
                  20009dd0    00000020                               : UDMAMSP432.oem4f (.bss:hwiFxnHandlers)
                  20009df0    00000010                               : UDMAMSP432.oem4f (.bss:hwiHandles)
                  20009e00    00000100     MSP_EXP432P401R.obj (.bss:dmaControlTable)
                  20009f00    000000a0     (.common:i2cMSP432Objects)
                  20009fa0    00000008     msp432p4xx_driverlib.lib : cs.o (.bss)
                  20009fa8    00000008     (.common:Acceleration_angle)
                  20009fb0    00000008     (.common:Total_angle)
                  20009fb8    00000008     (.common:parmbuf)
                  20009fc0    00000004     drivers_msp432p401x.aem4f : GPIOMSP432.oem4f (.bss)
                  20009fc4    00000004     (.common:elapsedTime)
                  20009fc8    00000004     (.common:timeAct)
                  20009fcc    00000004     (.common:timePrev)
                  20009fd0    00000002     (.common:acc_x_cal)
                  20009fd2    00000002     (.common:acc_y_cal)
                  20009fd4    00000002     (.common:acc_z_cal)
                  20009fd6    00000002     (.common:gyro_x_cal)
                  20009fd8    00000002     (.common:gyro_y_cal)
                  20009fda    00000002     (.common:gyro_z_cal)
                  20009fdc    00000002     (.common:x_acc)
                  20009fde    00000002     (.common:x_gyro)
                  20009fe0    00000002     (.common:y_acc)
                  20009fe2    00000002     (.common:y_gyro)
                  20009fe4    00000002     (.common:z_acc)
                  20009fe6    00000002     (.common:z_gyro)
                  20009fe8    00000001     (.common:L)
                  20009fe9    00000001     (.common:R)
                  20009fea    00000001     (.common:udmaMSP432Object)

.data      0    20009fec    00000842     UNINITIALIZED
                  20009fec    0000017c     empty_min_pem4f.oem4f (.data:ti_sysbios_knl_Task_Object__table__V)
                  2000a168    00000140     drivers_msp432p401x.aem4f : PowerMSP432.oem4f (.data:PowerMSP432_perfLevels)
                  2000a2a8    00000080     empty_min_pem4f.oem4f (.data:ti_sysbios_knl_Swi_Module_State_0_readyQ__A)
                  2000a328    00000080     empty_min_pem4f.oem4f (.data:ti_sysbios_knl_Task_Module_State_0_readyQ__A)
                  2000a3a8    00000050     MSP_EXP432P401R.obj (.data:myPerfLevels)
                  2000a3f8    00000050     empty_min_pem4f.oem4f (.data:ti_sysbios_knl_Semaphore_Object__table__V)
                  2000a448    00000048     empty_min_pem4f.oem4f (.data:ti_sysbios_family_arm_m3_Hwi_Object__table__V)
                  2000a490    00000044     empty_min_pem4f.oem4f (.data:ti_sysbios_family_arm_msp432_Timer_Object__table__V)
                  2000a4d4    00000044     empty_min_pem4f.oem4f (.data:ti_sysbios_knl_Task_Module__state__V)
                  2000a518    0000003c     MSP_EXP432P401R.obj (.data:gpioPinConfigs)
                  2000a554    00000038     empty_min_pem4f.oem4f (.data:ti_sysbios_gates_GateMutex_Object__table__V)
                  2000a58c    00000034     empty_min_pem4f.oem4f (.data:ti_sysbios_family_arm_m3_Hwi_Module__state__V)
                  2000a5c0    00000030     empty_min_pem4f.oem4f (.data:ti_sysbios_family_arm_m3_Timer_Object__table__V)
                  2000a5f0    00000030     empty_min_pem4f.oem4f (.data:ti_sysbios_knl_Swi_Object__table__V)
                  2000a620    0000002c     drivers_msp432p401x.aem4f : PowerMSP432.oem4f (.data:PowerMSP432_module)
                  2000a64c    0000002c     empty_min_pem4f.oem4f (.data:ti_sysbios_knl_Clock_Module__state__V)
                  2000a678    00000024     empty_min_pem4f.oem4f (.data:ti_sysbios_BIOS_Module__state__V)
                  2000a69c    00000020     empty_min_pem4f.oem4f (.data:ti_sysbios_family_arm_msp432_Timer_Module_State_0_device__A)
                  2000a6bc    00000020     empty_min_pem4f.oem4f (.data:ti_sysbios_knl_Clock_Object__table__V)
                  2000a6dc    00000020     empty_min_pem4f.oem4f (.data:xdc_runtime_Error_IgnoreBlock)
                  2000a6fc    0000001c     empty_min_pem4f.oem4f (.data:ti_sysbios_knl_Swi_Module__state__V)
                  2000a718    00000018     empty_min_pem4f.oem4f (.data:ti_sysbios_heaps_HeapMem_Object__table__V)
                  2000a730    00000012     main.obj (.data)
                  2000a742    00000002     drivers_msp432p401x.aem4f : GPIOMSP432.oem4f (.data)
                  2000a744    00000010                               : UDMAMSP432.oem4f (.data)
                  2000a754    00000010     MSP_EXP432P401R.obj (.data:gpioCallbackFunctions)
                  2000a764    00000010     empty_min_pem4f.oem4f (.data:ti_sysbios_family_arm_msp432_Timer_Module_State_0_handles__A)
                  2000a774    0000000c     empty_min_pem4f.oem4f (.data:ti_sysbios_family_arm_m3_Timer_Module__state__V)
                  2000a780    0000000c     empty_min_pem4f.oem4f (.data:ti_sysbios_family_arm_msp432_ClockFreqs_Module__state__V)
                  2000a78c    0000000c     empty_min_pem4f.oem4f (.data:ti_sysbios_family_arm_msp432_Timer_Module__state__V)
                  2000a798    0000000c     empty_min_pem4f.oem4f (.data:xdc_runtime_SysMin_Module__state__V)
                  2000a7a4    00000008     rtsv7M4_T_le_v4SPD16_eabi.lib : _lock.c.obj (.data:$O1$$)
                  2000a7ac    00000008     empty_min_pem4f.oem4f (.data:ti_sysbios_family_arm_m3_Hwi_Module__root__V)
                  2000a7b4    00000008     empty_min_pem4f.oem4f (.data:ti_sysbios_gates_GateHwi_Module__root__V)
                  2000a7bc    00000008     empty_min_pem4f.oem4f (.data:ti_sysbios_gates_GateMutex_Module__root__V)
                  2000a7c4    00000008     empty_min_pem4f.oem4f (.data:ti_sysbios_hal_Hwi_Object__table__V)
                  2000a7cc    00000008     empty_min_pem4f.oem4f (.data:ti_sysbios_heaps_HeapMem_Module__root__V)
                  2000a7d4    00000008     empty_min_pem4f.oem4f (.data:ti_sysbios_knl_Queue_Module__root__V)
[...]
0000c324  UDMAMSP432_config                                               
0000c334  ti_sysbios_family_arm_m3_Hwi_excHookFuncs__A                    
0000c33c  ti_sysbios_knl_Idle_funcList__C                                 
0000c344  xdc_runtime_Startup_firstFxns__C                                
0000c34c  xdc_runtime_Startup_lastFxns__C                                 
0000c360  ti_sysbios_family_arm_m3_Hwi_E_alreadyDefined__C                
0000c364  ti_sysbios_family_arm_m3_Hwi_E_badIntNum__C                     
0000c368  ti_sysbios_family_arm_m3_Hwi_E_busFault__C                      
0000c36c  ti_sysbios_family_arm_m3_Hwi_E_debugMon__C                      
0000c370  ti_sysbios_family_arm_m3_Hwi_E_hardFault__C                     
0000c374  ti_sysbios_family_arm_m3_Hwi_E_memFault__C                      
0000c378  ti_sysbios_family_arm_m3_Hwi_E_noIsr__C                         
0000c37c  ti_sysbios_family_arm_m3_Hwi_E_reserved__C                      
0000c380  ti_sysbios_family_arm_m3_Hwi_E_svCall__C                        
0000c384  ti_sysbios_family_arm_m3_Hwi_E_usageFault__C                    
0000c388  ti_sysbios_family_arm_m3_Hwi_LD_end__C                          
0000c38c  ti_sysbios_family_arm_m3_Hwi_LM_begin__C                        
0000c390  ti_sysbios_family_arm_m3_Hwi_Module__diagsEnabled__C            
0000c394  ti_sysbios_family_arm_m3_Hwi_Module__diagsIncluded__C           
0000c398  ti_sysbios_family_arm_m3_Hwi_Module__diagsMask__C               
0000c39c  ti_sysbios_family_arm_m3_Hwi_Module__loggerFxn1__C              
0000c3a0  ti_sysbios_family_arm_m3_Hwi_Module__loggerFxn8__C              
0000c3a4  ti_sysbios_family_arm_m3_Hwi_Module__loggerObj__C               
0000c3a8  ti_sysbios_family_arm_m3_Hwi_NUM_INTERRUPTS__C                  
0000c3ac  ti_sysbios_family_arm_m3_Hwi_Object__count__C                   
0000c3b0  ti_sysbios_family_arm_m3_Hwi_ccr__C                             
0000c3b4  ti_sysbios_family_arm_m3_Hwi_excHandlerFunc__C                  
0000c3b8  ti_sysbios_family_arm_m3_Hwi_excHookFuncs__C                    
0000c3bc  ti_sysbios_family_arm_m3_Hwi_nullIsrFunc__C                     
0000c3c0  ti_sysbios_family_arm_m3_Hwi_priGroup__C                        
0000c3c4  ti_sysbios_family_arm_m3_Hwi_swiDisable__C                      
0000c3c8  ti_sysbios_family_arm_m3_Hwi_swiRestore__C                      
0000c3cc  ti_sysbios_family_arm_m3_Timer_E_cannotSupport__C               
0000c3d0  ti_sysbios_family_arm_m3_Timer_startupNeeded__C                 
0000c3d4  ti_sysbios_family_arm_msp432_Timer_numTimerDevices__C           
0000c3d8  ti_sysbios_family_arm_msp432_Timer_startupNeeded__C             
0000c3dc  ti_sysbios_gates_GateMutex_A_badContext__C                      
0000c3e0  ti_sysbios_gates_GateMutex_Instance_State_sem__O                
0000c3e4  ti_sysbios_gates_GateMutex_Module__diagsEnabled__C              
0000c3e8  ti_sysbios_gates_GateMutex_Module__diagsIncluded__C             
0000c3ec  ti_sysbios_gates_GateMutex_Module__diagsMask__C                 
0000c3f0  ti_sysbios_hal_Hwi_E_stackOverflow__C                           
0000c3f4  ti_sysbios_heaps_HeapMem_A_align__C                             
0000c3f8  ti_sysbios_heaps_HeapMem_A_heapSize__C                          
0000c3fc  ti_sysbios_heaps_HeapMem_A_invalidFree__C                       
0000c400  ti_sysbios_heaps_HeapMem_A_zeroBlock__C                         
0000c404  ti_sysbios_heaps_HeapMem_E_memory__C                            
0000c408  ti_sysbios_heaps_HeapMem_Module__diagsEnabled__C                
0000c40c  ti_sysbios_heaps_HeapMem_Module__diagsIncluded__C               
0000c410  ti_sysbios_heaps_HeapMem_Module__diagsMask__C                   
0000c414  ti_sysbios_heaps_HeapMem_Module__gateObj__C                     
0000c418  ti_sysbios_heaps_HeapMem_Object__count__C                       
0000c41c  ti_sysbios_heaps_HeapMem_primaryHeapBaseAddr__C                 
0000c420  ti_sysbios_heaps_HeapMem_primaryHeapEndAddr__C                  
0000c424  ti_sysbios_heaps_HeapMem_reqAlign__C                            
0000c428  ti_sysbios_knl_Clock_LM_begin__C                                
0000c42c  ti_sysbios_knl_Clock_LM_tick__C                                 
0000c430  ti_sysbios_knl_Clock_LW_delayed__C                              
0000c434  ti_sysbios_knl_Clock_Module_State_clockQ__O                     
0000c438  ti_sysbios_knl_Clock_Module__diagsEnabled__C                    
0000c43c  ti_sysbios_knl_Clock_Module__diagsIncluded__C                   
0000c440  ti_sysbios_knl_Clock_Module__diagsMask__C                       
0000c444  ti_sysbios_knl_Clock_Module__loggerFxn1__C                      
0000c448  ti_sysbios_knl_Clock_Module__loggerFxn2__C                      
0000c44c  ti_sysbios_knl_Clock_Module__loggerObj__C                       
0000c450  ti_sysbios_knl_Idle_funcList__A                                 
0000c454  ti_sysbios_knl_Semaphore_A_badContext__C                        
0000c458  ti_sysbios_knl_Semaphore_A_noEvents__C                          
0000c45c  ti_sysbios_knl_Semaphore_A_overflow__C                          
0000c460  ti_sysbios_knl_Semaphore_A_pendTaskDisabled__C                  
0000c464  ti_sysbios_knl_Semaphore_Instance_State_pendQ__O                
0000c468  ti_sysbios_knl_Semaphore_LM_pend__C                             
0000c46c  ti_sysbios_knl_Semaphore_LM_post__C                             
0000c470  ti_sysbios_knl_Semaphore_Module__diagsEnabled__C                
0000c474  ti_sysbios_knl_Semaphore_Module__diagsIncluded__C               
0000c478  ti_sysbios_knl_Semaphore_Module__diagsMask__C                   
0000c47c  ti_sysbios_knl_Semaphore_Module__loggerFxn2__C                  
0000c480  ti_sysbios_knl_Semaphore_Module__loggerFxn4__C                  
0000c484  ti_sysbios_knl_Semaphore_Module__loggerObj__C                   
0000c488  ti_sysbios_knl_Swi_LD_end__C                                    
0000c48c  ti_sysbios_knl_Swi_LM_begin__C                                  
0000c490  ti_sysbios_knl_Swi_LM_post__C                                   
0000c494  ti_sysbios_knl_Swi_Module__diagsEnabled__C                      
0000c498  ti_sysbios_knl_Swi_Module__diagsIncluded__C                     
0000c49c  ti_sysbios_knl_Swi_Module__diagsMask__C                         
0000c4a0  ti_sysbios_knl_Swi_Module__loggerFxn1__C                        
0000c4a4  ti_sysbios_knl_Swi_Module__loggerFxn4__C                        
0000c4a8  ti_sysbios_knl_Swi_Module__loggerObj__C                         
0000c4ac  ti_sysbios_knl_Swi_Object__count__C                             
0000c4b0  ti_sysbios_knl_Task_E_spOutOfBounds__C                          
0000c4b4  ti_sysbios_knl_Task_E_stackOverflow__C                          
0000c4b8  ti_sysbios_knl_Task_LD_block__C                                 
0000c4bc  ti_sysbios_knl_Task_LD_exit__C                                  
0000c4c0  ti_sysbios_knl_Task_LD_ready__C                                 
0000c4c4  ti_sysbios_knl_Task_LM_switch__C                                
0000c4c8  ti_sysbios_knl_Task_Module_State_inactiveQ__O                   
0000c4cc  ti_sysbios_knl_Task_Module__diagsEnabled__C                     
0000c4d0  ti_sysbios_knl_Task_Module__diagsIncluded__C                    
0000c4d4  ti_sysbios_knl_Task_Module__diagsMask__C                        
0000c4d8  ti_sysbios_knl_Task_Module__loggerFxn2__C                       
0000c4dc  ti_sysbios_knl_Task_Module__loggerFxn4__C                       
0000c4e0  ti_sysbios_knl_Task_Module__loggerObj__C                        
0000c4e4  ti_sysbios_knl_Task_Object__count__C                            
0000c4e8  ti_sysbios_knl_Task_allBlockedFunc__C                           
0000c4ec  ti_sysbios_knl_Task_numConstructedTasks__C                      
0000c4f0  xdc_runtime_Assert_E_assertFailed__C                            
0000c4f4  xdc_runtime_Core_A_initializedParams__C                         
0000c4f8  xdc_runtime_Core_Module__diagsEnabled__C                        
0000c4fc  xdc_runtime_Core_Module__diagsIncluded__C                       
0000c500  xdc_runtime_Core_Module__diagsMask__C                           
0000c504  xdc_runtime_Error_E_memory__C                                   
0000c508  xdc_runtime_Error_policyFxn__C                                  
0000c50c  xdc_runtime_Error_raiseHook__C                                  
0000c510  xdc_runtime_IGateProvider_Interface__BASE__C                    
0000c514  xdc_runtime_IHeap_Interface__BASE__C                            
0000c518  xdc_runtime_IModule_Interface__BASE__C                          
0000c51c  xdc_runtime_Memory_defaultHeapInstance__C                       
0000c520  xdc_runtime_Startup_execImpl__C                                 
0000c524  xdc_runtime_Startup_maxPasses__C                                
0000c528  xdc_runtime_Startup_sfxnRts__C                                  
0000c52c  xdc_runtime_Startup_sfxnTab__C                                  
0000c530  xdc_runtime_SysMin_bufSize__C                                   
0000c534  xdc_runtime_SysMin_outputFunc__C                                
0000c538  xdc_runtime_System_Module__gateObj__C                           
0000c53c  xdc_runtime_System_abortFxn__C                                  
0000c540  xdc_runtime_System_exitFxn__C                                   
0000c544  xdc_runtime_System_extendFxn__C                                 
0000c548  xdc_runtime_System_maxAtexitHandlers__C                         
0000c54c  xdc_runtime_Text_charTab__C                                     
0000c550  xdc_runtime_Text_nodeTab__C                                     
0000c554  xdc_runtime_Text_visitRopeFxn__C                                
0000c558  ti_sysbios_family_arm_m3_Hwi_Module__loggerDefined__C           
0000c55a  ti_sysbios_family_arm_m3_Timer_Module__id__C                    
0000c55c  ti_sysbios_family_arm_msp432_init_Boot_bypassHFXT__C            
0000c55e  ti_sysbios_family_arm_msp432_init_Boot_bypassLFXT__C            
0000c560  ti_sysbios_family_arm_msp432_init_Boot_enableHFXT__C            
0000c562  ti_sysbios_family_arm_msp432_init_Boot_enableLFXT__C            
0000c564  ti_sysbios_gates_GateMutex_Module__id__C                        
0000c566  ti_sysbios_hal_Hwi_Module__id__C                                
0000c568  ti_sysbios_heaps_HeapMem_Module__id__C                          
0000c56a  ti_sysbios_knl_Clock_Module__id__C                              
0000c56c  ti_sysbios_knl_Clock_Module__loggerDefined__C                   
0000c56e  ti_sysbios_knl_Semaphore_Module__id__C                          
0000c570  ti_sysbios_knl_Semaphore_Module__loggerDefined__C               
0000c572  ti_sysbios_knl_Swi_Module__id__C                                
0000c574  ti_sysbios_knl_Swi_Module__loggerDefined__C                     
0000c576  ti_sysbios_knl_Task_Module__id__C                               
0000c578  ti_sysbios_knl_Task_Module__loggerDefined__C                    
0000c57a  xdc_runtime_Core_Module__id__C                                  
0000c57c  xdc_runtime_Error_Module__loggerDefined__C                      
0000c57e  xdc_runtime_Error_maxDepth__C                                   
0000c580  xdc_runtime_Memory_Module__id__C                                
0000c582  xdc_runtime_SysMin_flushAtExit__C                               
0000c584  xdc_runtime_Text_isLoaded__C                                    
0000c586  xdc_runtime_Text_registryModsLastId__C                          
0000c588  xdc_runtime_Text_unnamedModsLastId__C                           
0000c58a  xdc_runtime_Error_policy__C                                     
0000c590  __TI_static_base__                                              
0000c894  __TI_Handler_Table_Base                                         
0000c8a0  __TI_Handler_Table_Limit                                        
0000c8a8  __TI_CINIT_Base                                                 
0000c8b8  __TI_CINIT_Limit                                                
20000000  __start___llvm_prf_cnts                                         
20000000  __stop___llvm_prf_cnts                                          
20000000  ti_sysbios_family_arm_m3_Hwi_ramVectors                         
20000140  __primary_heap_start__                                          
20008140  __primary_heap_end__                                            
20008200  ti_sysbios_knl_Task_Instance_State_0_stack__A                   
20008600  ti_sysbios_knl_Task_Instance_State_1_stack__A                   
20008a00  ti_sysbios_knl_Task_Instance_State_2_stack__A                   
20008e00  ti_sysbios_knl_Task_Instance_State_3_stack__A                   
20009200  ti_sysbios_knl_Task_Instance_State_4_stack__A                   
20009600  xdc_runtime_SysMin_Module_State_0_outbuf__A                     
20009a00  ti_sysbios_family_arm_m3_Hwi_dispatchTable                      
20009b40  __CIOBUF_                                                       
20009c60  spiMSP432DMAObjects                                             
20009f00  i2cMSP432Objects                                                
20009fa8  Acceleration_angle                                              
20009fb0  Total_angle                                                     
20009fb8  parmbuf                                                         
20009fc4  elapsedTime                                                     
20009fc8  timeAct                                                         
20009fcc  timePrev                                                        
20009fd0  acc_x_cal                                                       
20009fd2  acc_y_cal                                                       
20009fd4  acc_z_cal                                                       
20009fd6  gyro_x_cal                                                      
20009fd8  gyro_y_cal                                                      
20009fda  gyro_z_cal                                                      
20009fdc  x_acc                                                           
20009fde  x_gyro                                                          
20009fe0  y_acc                                                           
20009fe2  y_gyro                                                          
20009fe4  z_acc                                                           
20009fe6  z_gyro                                                          
20009fe8  L                                                               
20009fe9  R                                                               
20009fea  udmaMSP432Object                                                
20009fec  ti_sysbios_knl_Task_Object__table__V                            
2000a168  PowerMSP432_perfLevels                                          
2000a2a8  ti_sysbios_knl_Swi_Module_State_0_readyQ__A                     
2000a328  ti_sysbios_knl_Task_Module_State_0_readyQ__A                    
2000a3a8  myPerfLevels                                                    
2000a3f8  ti_sysbios_knl_Semaphore_Object__table__V                       
2000a448  ti_sysbios_family_arm_m3_Hwi_Object__table__V                   
2000a490  ti_sysbios_family_arm_msp432_Timer_Object__table__V             
2000a4d4  ti_sysbios_knl_Task_Module__state__V                            
2000a518  gpioPinConfigs                                                  
2000a554  ti_sysbios_gates_GateMutex_Object__table__V                     
2000a58c  ti_sysbios_family_arm_m3_Hwi_Module__state__V                   
2000a5c0  ti_sysbios_family_arm_m3_Timer_Object__table__V                 
2000a5f0  ti_sysbios_knl_Swi_Object__table__V                             
2000a620  PowerMSP432_module                                              
2000a64c  ti_sysbios_knl_Clock_Module__state__V                           
2000a678  ti_sysbios_BIOS_Module__state__V                                
2000a69c  ti_sysbios_family_arm_msp432_Timer_Module_State_0_device__A     
2000a6bc  ti_sysbios_knl_Clock_Object__table__V                           
2000a6dc  xdc_runtime_Error_IgnoreBlock                                   
2000a6fc  ti_sysbios_knl_Swi_Module__state__V                             
2000a718  ti_sysbios_heaps_HeapMem_Object__table__V                       
2000a730  angle_anterior                                                  
2000a734  desired_angle                                                   
2000a738  tstart                                                          
2000a73c  rad_to_deg                                                      
2000a740  cal_int                                                         
2000a754  gpioCallbackFunctions                                           
2000a764  ti_sysbios_family_arm_msp432_Timer_Module_State_0_handles__A    
2000a774  ti_sysbios_family_arm_m3_Timer_Module__state__V                 
2000a780  ti_sysbios_family_arm_msp432_ClockFreqs_Module__state__V        
2000a78c  ti_sysbios_family_arm_msp432_Timer_Module__state__V             
2000a798  xdc_runtime_SysMin_Module__state__V                             
2000a7a4  _lock                                                           
2000a7a8  _unlock                                                         
2000a7ac  ti_sysbios_family_arm_m3_Hwi_Module__root__V                    
2000a7b4  ti_sysbios_gates_GateHwi_Module__root__V                        
2000a7bc  ti_sysbios_gates_GateMutex_Module__root__V                      
2000a7c4  ti_sysbios_hal_Hwi_Object__table__V                             
2000a7cc  ti_sysbios_heaps_HeapMem_Module__root__V                        
2000a7d4  ti_sysbios_knl_Queue_Module__root__V                            
2000a7dc  ti_sysbios_knl_Semaphore_Module__root__V                        
2000a7e4  xdc_runtime_Registry_Module__state__V                           
2000a7ec  xdc_runtime_Startup_Module__state__V                            
2000a7f4  xdc_runtime_System_Module_State_0_atexitHandlers__A             
2000a7fc  xdc_runtime_System_Module__state__V                             
2000a804  errno                                                           
2000a808  main_func_sp                                                    
2000a810  ti_sysbios_family_arm_m3_Hwi_Module_State_0_excContext__A       
2000a814  ti_sysbios_family_arm_m3_Hwi_Module_State_0_excStack__A         
2000a818  ti_sysbios_family_arm_m3_TimestampProvider_Module__state__V     
2000a81c  ti_sysbios_gates_GateHwi_Object__table__V                       
2000a820  ti_sysbios_knl_Task_Module_State_0_idleTask__A                  
2000a824  xdc_runtime_Memory_Module__state__V                             
2000a828  ti_sysbios_family_arm_m3_Hwi_Module_State_0_excActive__A        
2000a82a  xdc_runtime_Error_Module__state__V                              
2000fc00  __stack                                                         
20010000  __STACK_END                                                     
4000480c  WDTCTL_SYM                                                      
e000e000  ti_sysbios_family_arm_m3_Hwi_nvic                               
ffffffff  __TI_pprof_out_hndl                                             
ffffffff  __TI_prof_data_size                                             
ffffffff  __TI_prof_data_start                                            
ffffffff  __binit__                                                       
ffffffff  __c_args__                                                      
ffffffff  binit                                                           
UNDEFED   SHT$$INIT_ARRAY$$Base                                           
UNDEFED   SHT$$INIT_ARRAY$$Limit                                          

[779 symbols]
