******************************************************************************
                  TI ARM Linker PC v20.2.5                     
******************************************************************************
>> Linked Mon Dec  6 20:21:58 2021

OUTPUT FILE NAME:   <projecte_2_MSP_EXP432P401R_tirtos_ccs.out>
ENTRY POINT SYMBOL: "_c_int00"  address: 00005c21


MEMORY CONFIGURATION

         name            origin    length      used     unused   attr    fill
----------------------  --------  ---------  --------  --------  ----  --------
  MAIN                  00000000   00040000  00009f75  0003608b  R  X
  INFO                  00200000   00004000  00000000  00004000  R  X
  SRAM_CODE             01000000   00010000  00009c9b  00006365  RW X
  SRAM_DATA             20000000   00010000  00009c9b  00006365  RW  


SEGMENT ALLOCATION MAP

run origin  load origin   length   init length attrs members
----------  ----------- ---------- ----------- ----- -------
00000000    00000000    00009f80   00009f80    r-x
  00000000    00000000    0000003c   0000003c    r-- .resetVecs
  00000040    00000040    00007c7a   00007c7a    r-x .text
  00007cbc    00007cbc    00001fcf   00001fcf    r-- .const
  00009c90    00009c90    000002f0   000002f0    r-- .cinit
20000140    20000140    00008000   00000000    r--
  20000140    20000140    00008000   00000000    r-- .priheap
20008140    20008140    0000175b   00000000    rw-
  20008140    20008140    00000fe8   00000000    rw- .bss
  20009128    20009128    00000773   00000000    rw- .data
2000fc00    2000fc00    00000400   00000000    rw-
  2000fc00    2000fc00    00000400   00000000    rw- .stack


SECTION ALLOCATION MAP

 output                                  attributes/
section   page    origin      length       input sections
--------  ----  ----------  ----------   ----------------
.text      0    00000040    00007c7a     
                  00000040    00000430     sysbios.aem4f : BIOS.obj (.text:ti_sysbios_family_arm_m3_Hwi_excDumpRegs__I)
                  00000470    0000036c     main.obj (.text:GetDataFxn)
                  000007dc    00000340     ti.targets.arm.rtsarm.aem4f : System.oem4f (.text:xdc_runtime_System_doPrint__I)
                  00000b1c    000002f8     drivers_msp432p401x.aem4f : PowerMSP432.oem4f (.text:Power_sleep)
                  00000e14    00000004     msp432p4xx_driverlib.lib : cpu.o (.text:CPU_wfi)
                  00000e18    000002e8     sysbios.aem4f : BIOS.obj (.text:ti_sysbios_knl_Semaphore_pend__E)
                  00001100    0000028a     msp432p4xx_driverlib.lib : pcm.o (.text:__PCM_setPowerStateAdvanced)
                  0000138a    00000002     drivers_msp432p401x.aem4f : I2CMSP432.oem4f (.text:I2CMSP432_init)
                  0000138c    00000288                               : PowerMSP432.oem4f (.text:initPerfControl)
                  00001614    0000025c     main.obj (.text:DataProcessFxn)
                  00001870    0000023c     sysbios.aem4f : BIOS.obj (.text:ti_sysbios_heaps_HeapMem_freeUnprotected__E)
                  00001aac    00000004     dpl_msp432p401x.aem4f : HwiP_tirtos.oem4f (.text:HwiP_disable)
                  00001ab0    00000200     sysbios.aem4f : BIOS.obj (.text:ti_sysbios_heaps_HeapMem_allocUnprotected__E)
                  00001cb0    000001f8     drivers_msp432p401x.aem4f : I2CMSP432.oem4f (.text:I2CMSP432_open)
                  00001ea8    000001f8     empty_min_pem4f.oem4f (.text:xdc_runtime_System_printfExtend__I)
                  000020a0    000001f4     sysbios.aem4f : BIOS.obj (.text:ti_sysbios_family_arm_m3_Hwi_excHandlerMax__I)
                  00002294    000001b6     rtsv7M4_T_le_v4SPD16_eabi.lib : fd_add_t2.asm.obj (.text)
                  0000244a    00000184     drivers_msp432p401x.aem4f : I2CMSP432.oem4f (.text:I2CMSP432_hwiIntFxn)
                  000025ce    00000002     dpl_msp432p401x.aem4f : PowerMSP432_tirtos.oem4f (.text:PowerMSP432_initPolicy)
                  000025d0    00000174     sysbios.aem4f : BIOS.obj (.text:ti_sysbios_family_arm_m3_Hwi_excBusFault__I)
                  00002744    00000170     drivers_msp432p401x.aem4f : GPIOMSP432.oem4f (.text:GPIO_setConfig)
                  000028b4    00000004     dpl_msp432p401x.aem4f : SemaphoreP_tirtos.oem4f (.text:SemaphoreP_post)
                  000028b8    00000164     sysbios.aem4f : BIOS.obj (.text:ti_sysbios_family_arm_m3_Hwi_excUsageFault__I)
                  00002a1c    0000015c     msp432p4xx_driverlib.lib : pcm.o (.text:__PCM_setPowerModeAdvanced)
                  00002b78    00000148     sysbios.aem4f : BIOS.obj (.text:ti_sysbios_family_arm_m3_Hwi_excMemFault__I)
                  00002cc0    00000144                   : BIOS.obj (.text:ti_sysbios_knl_Clock_workFunc__E)
                  00002e04    00000004     rtsv7M4_T_le_v4SPD16_eabi.lib : exit.c.obj (.text:abort:abort)
                  00002e08    00000140     sysbios.aem4f : BIOS.obj (.text:ti_sysbios_family_arm_m3_Hwi_dispatchC__I)
                  00002f48    0000013c                   : BIOS.obj (.text:ti_sysbios_heaps_HeapMem_Instance_init__E)
                  00003084    00000004     empty_min_pem4f.oem4f (.text:ti_sysbios_BIOS_RtsGateProxy_enter__E)
                  00003088    0000013c     sysbios.aem4f : BIOS.obj (.text:ti_sysbios_knl_Semaphore_post__E)
                  000031c4    00000004     empty_min_pem4f.oem4f (.text:ti_sysbios_BIOS_RtsGateProxy_leave__E)
                  000031c8    00000120     sysbios.aem4f : BIOS.obj (.text:ti_sysbios_knl_Swi_run__I)
                  000032e8    0000011c     drivers_msp432p401x.aem4f : I2CMSP432.oem4f (.text:primeTransfer)
                  00003404    00000108     msp432p4xx_driverlib.lib : pcm.o (.text:__PCM_setCoreVoltageLevelAdvanced)
                  0000350c    000000fc     rtsv7M4_T_le_v4SPD16_eabi.lib : fd_mul_t2.asm.obj (.text)
                  00003608    000000fc     ti.targets.arm.rtsarm.aem4f : Startup.oem4f (.text:xdc_runtime_Startup_startMods__I)
                  00003704    00000004     empty_min_pem4f.oem4f (.text:ti_sysbios_family_arm_m3_Hwi_delete)
                  00003708    000000f8     sysbios.aem4f : BIOS.obj (.text:ti_sysbios_family_arm_msp432_init_Boot_configureClocksHigh)
                  00003800    000000f0     drivers_msp432p401x.aem4f : I2CMSP432.oem4f (.text:I2CMSP432_transfer)
                  000038f0    000000f0     sysbios.aem4f : m3_Hwi_asm.obj (.text:ti_sysbios_family_arm_m3_Hwi_dispatch__I)
                  000039e0    000000e8     ti.targets.arm.rtsarm.aem4f : Core-mem.oem4f (.text:xdc_runtime_Core_createObject__I)
                  00003ac8    000000e8                                 : Error.oem4f (.text:xdc_runtime_Error_policyDefault__E)
                  00003bb0    000000e4     msp432p4xx_driverlib.lib : cs.o (.text:CS_startHFXTWithTimeout)
                  00003c94    000000e0                              : cs.o (.text:CS_startLFXTWithTimeout)
                  00003d74    000000dc                              : cs.o (.text:_CSGetHFXTFrequency)
                  00003e50    000000d0     sysbios.aem4f : BIOS.obj (.text:ti_sysbios_knl_Task_schedule__I)
                  00003f20    000000cc     ti.targets.arm.rtsarm.aem4f : Core-smem.oem4f (.text:xdc_runtime_Core_constructObject__I)
                  00003fec    00000004     empty_min_pem4f.oem4f (.text:ti_sysbios_family_arm_m3_TaskSupport_Module__startupDone__S)
                  00003ff0    000000bc     sysbios.aem4f : BIOS.obj (.text:ti_sysbios_family_arm_m3_Hwi_excDebugMon__I)
                  000040ac    00000004     empty_min_pem4f.oem4f (.text:ti_sysbios_heaps_HeapMem_Module_GateProxy_enter__E)
                  000040b0    000000bc     sysbios.aem4f : BIOS.obj (.text:ti_sysbios_family_arm_m3_Hwi_excHardFault__I)
                  0000416c    00000004     empty_min_pem4f.oem4f (.text:ti_sysbios_heaps_HeapMem_Module_GateProxy_leave__E)
                  00004170    000000bc     sysbios.aem4f : BIOS.obj (.text:ti_sysbios_knl_Task_startCore__E)
                  0000422c    00000004     empty_min_pem4f.oem4f (.text:ti_sysbios_knl_Clock_TimerProxy_getMaxTicks__E)
                  00004230    000000b4     sysbios.aem4f : BIOS.obj (.text:ti_sysbios_gates_GateMutex_enter__E)
                  000042e4    00000004     empty_min_pem4f.oem4f (.text:ti_sysbios_knl_Semaphore_delete)
                  000042e8    000000b4     sysbios.aem4f : BIOS.obj (.text:ti_sysbios_knl_Task_checkStacks__E)
                  0000439c    000000ac     drivers_msp432p401x.aem4f : GPIOMSP432.oem4f (.text:GPIO_init)
                  00004448    000000ac                               : I2CMSP432.oem4f (.text:I2CMSP432_cancel)
                  000044f4    00000004     ti.targets.arm.rtsarm.aem4f : Error.oem4f (.text:xdc_runtime_Error_getSite__E)
                  000044f8    000000ac     sysbios.aem4f : BIOS.obj (.text:ti_sysbios_family_arm_m3_Hwi_Instance_init__E)
                  000045a4    00000004     empty_min_pem4f.oem4f (.text:xdc_runtime_System_Module_GateProxy_enter__E)
                  000045a8    000000ac     sysbios.aem4f : BIOS.obj (.text:ti_sysbios_knl_Swi_post__E)
                  00004654    00000004     empty_min_pem4f.oem4f (.text:xdc_runtime_System_Module_GateProxy_leave__E)
                  00004658    000000a8     sysbios.aem4f : BIOS.obj (.text:ti_sysbios_family_arm_msp432_Timer_periodicStub__E)
                  00004700    000000a8                   : BIOS.obj (.text:ti_sysbios_knl_Task_blockI__E)
                  000047a8    000000a2     ti.targets.arm.rtsarm.aem4f : Text.oem4f (.text:xdc_runtime_Text_putSite__E)
                  0000484a    00000002     rtsv7M4_T_le_v4SPD16_eabi.lib : _lock.c.obj (.text:_nop)
                  0000484c    000000a0     auto_init.aem4f : auto_init.oem4f (.text)
                  000048ec    0000009c     drivers_msp432p401x.aem4f : PowerMSP432.oem4f (.text:Power_init)
                  00004988    0000009c     rtsv7M4_T_le_v4SPD16_eabi.lib : memcpy_t2.asm.obj (.text)
                  00004a24    00000004     ti.targets.arm.rtsarm.aem4f : System.oem4f (.text:xdc_runtime_System_aprintf_va__F)
                  00004a28    0000009c     sysbios.aem4f : BIOS.obj (.text:ti_sysbios_knl_Semaphore_Instance_init__E)
                  00004ac4    00000004     ti.targets.arm.rtsarm.aem4f : System.oem4f (.text:xdc_runtime_System_printf_va__F)
                  00004ac8    0000009c     sysbios.aem4f : BIOS.obj (.text:ti_sysbios_knl_Task_postInit__I)
                  00004b64    00000002     rtsv7M4_T_le_v4SPD16_eabi.lib : div0.asm.obj (.text)
                  00004b66    00000002     empty_min_pem4f.oem4f (.text:ti_sysbios_BIOS_nullFunc__I)
                  00004b68    00000098     sysbios.aem4f : BIOS.obj (.text:ti_sysbios_knl_Task_exit__E)
                  00004c00    00000094                   : BIOS.obj (.text:ti_sysbios_family_arm_m3_Hwi_initNVIC__E)
                  00004c94    00000004     --HOLE-- [fill = 0]
                  00004c98    00000094                   : BIOS.obj (.text:ti_sysbios_knl_Task_unblockI__E)
                  00004d2c    0000008c                   : m3_TaskSupport_asm.obj (.text:ti_sysbios_family_arm_m3_TaskSupport_buildTaskStack)
                  00004db8    00000088                   : BIOS.obj (.text:ti_sysbios_family_arm_msp432_Timer_Module_startup__E)
                  00004e40    00000088                   : BIOS.obj (.text:ti_sysbios_knl_Mailbox_post__E)
                  00004ec8    00000086     rtsv7M4_T_le_v4SPD16_eabi.lib : fd_cmp_t2.asm.obj (.text:__aeabi_cdcmple)
                  00004f4e    00000086                                   : fd_cmp_t2.asm.obj (.text:__aeabi_cdrcmple)
                  00004fd4    00000084     msp432p4xx_driverlib.lib : pcm.o (.text:PCM_gotoLPM3)
                  00005058    00000084     drivers_msp432p401x.aem4f : PowerMSP432.oem4f (.text:restartHFXT)
                  000050dc    00000004     --HOLE-- [fill = 0]
                  000050e0    00000084     sysbios.aem4f : BIOS.obj (.text:ti_sysbios_family_arm_m3_Hwi_postInit__I)
                  00005164    0000007a     rtsv7M4_T_le_v4SPD16_eabi.lib : memset_t2.asm.obj (.text)
                  000051de    00000002     --HOLE-- [fill = 0]
                  000051e0    00000078     sysbios.aem4f : BIOS.obj (.text:ti_sysbios_heaps_HeapMem_initPrimary__I)
                  00005258    00000076     drivers_msp432p401x.aem4f : I2CMSP432.oem4f (.text:I2CMSP432_close)
                  000052ce    00000002     --HOLE-- [fill = 0]
                  000052d0    00000074     sysbios.aem4f : BIOS.obj (.text:ti_sysbios_knl_Clock_start__E)
                  00005344    00000004     --HOLE-- [fill = 0]
                  00005348    00000074                   : BIOS.obj (.text:ti_sysbios_knl_Mailbox_pend__E)
                  000053bc    00000074     ti.targets.arm.rtsarm.aem4f : Error.oem4f (.text:xdc_runtime_Error_print__E)
                  00005430    00000074                                 : Text.oem4f (.text:xdc_runtime_Text_putMod__E)
                  000054a4    00000070                                 : Memory.oem4f (.text:xdc_runtime_Memory_alloc__E)
                  00005514    0000006d                                 : System.oem4f (.text:xdc_runtime_System_formatNum__I)
                  00005581    00000003     --HOLE-- [fill = 0]
                  00005584    0000006c     msp432p4xx_driverlib.lib : i2c.o (.text:I2C_masterSendMultiByteFinish)
                  000055f0    0000006c     sysbios.aem4f : BIOS.obj (.text:ti_sysbios_knl_Swi_restoreHwi__E)
                  0000565c    00000068     drivers_msp432p401x.aem4f : GPIOMSP432.oem4f (.text:GPIO_hwiIntFxn)
                  000056c4    00000068                               : PowerMSP432.oem4f (.text:PowerMSP432_getFreqs)
                  0000572c    00000068     rtsv7M4_T_le_v4SPD16_eabi.lib : copy_decompress_lzss.c.obj (.text:decompress:lzss:__TI_decompress_lzss)
                  00005794    00000068     drivers_msp432p401x.aem4f : I2CMSP432.oem4f (.text:initHw)
                  000057fc    00000066     ti.targets.arm.rtsarm.aem4f : Core-mem.oem4f (.text:xdc_runtime_Core_deleteObject__I)
                  00005862    00000006     drivers_msp432p401x.aem4f : I2CMSP432.oem4f (.text:I2CMSP432_control)
                  00005868    00000064     sysbios.aem4f : BIOS.obj (.text:ti_sysbios_knl_Clock_logTick__E)
                  000058cc    00000060     drivers_msp432p401x.aem4f : GPIOMSP432.oem4f (.text:GPIO_setCallback)
                  0000592c    00000004     --HOLE-- [fill = 0]
                  00005930    00000060     sysbios.aem4f : BIOS.obj (.text:ti_sysbios_family_arm_m3_TimestampProvider_get32__E)
                  00005990    0000005f     ti.targets.arm.rtsarm.aem4f : Text.oem4f (.text:xdc_runtime_Text_putLab__E)
                  000059ef    00000001     --HOLE-- [fill = 0]
                  000059f0    0000005e     msp432p4xx_driverlib.lib : pcm.o (.text:PCM_getCoreVoltageLevel)
                  00005a4e    00000002     --HOLE-- [fill = 0]
                  00005a50    0000005c     sysbios.aem4f : BIOS.obj (.text:ti_sysbios_family_arm_m3_Timer_start__E)
                  00005aac    00000004     --HOLE-- [fill = 0]
                  00005ab0    0000005c                   : BIOS.obj (.text:ti_sysbios_knl_Swi_schedule__I)
                  00005b0c    00000004     --HOLE-- [fill = 0]
                  00005b10    0000005c                   : BIOS.obj (.text:ti_sysbios_knl_Task_Module_startup__E)
                  00005b6c    0000005a     msp432p4xx_driverlib.lib : pcm.o (.text:PCM_getPowerMode)
                  00005bc6    00000002     --HOLE-- [fill = 0]
                  00005bc8    00000058     rtsv7M4_T_le_v4SPD16_eabi.lib : hostwrite.c.obj (.text:HOSTwrite)
                  00005c20    00000058     boot.aem4f : boot.oem4f (.text)
                  00005c78    00000058     sysbios.aem4f : m3_Hwi_asm_switch.obj (.text:ti_sysbios_family_arm_m3_Hwi_initStacks__E)
                  00005cd0    00000058                   : BIOS.obj (.text:ti_sysbios_family_arm_m3_Timer_setPeriod__E)
                  00005d28    00000058                   : BIOS.obj (.text:ti_sysbios_heaps_HeapMem_alloc__E)
                  00005d80    00000056     drivers_msp432p401x.aem4f : I2CMSP432.oem4f (.text:completeTransfer)
                  00005dd6    00000002     --HOLE-- [fill = 0]
                  00005dd8    00000054     msp432p4xx_driverlib.lib : pcm.o (.text:PCM_shutdownDevice)
                  00005e2c    00000054     empty_min_pem4f.oem4f (.text:ti_sysbios_family_arm_m3_Hwi_create)
                  00005e80    00000054     sysbios.aem4f : BIOS.obj (.text:ti_sysbios_family_arm_msp432_Timer_initDevice__I)
                  00005ed4    00000004     --HOLE-- [fill = 0]
                  00005ed8    00000050                   : BIOS.obj (.text:ti_sysbios_family_arm_m3_Hwi_Module_startup__E)
                  00005f28    00000050     ti.targets.arm.rtsarm.aem4f : Startup.oem4f (.text:xdc_runtime_Startup_exec__E)
                  00005f78    00000050                                 : Text.oem4f (.text:xdc_runtime_Text_visitRope2__I)
                  00005fc8    0000004c     dpl_msp432p401x.aem4f : PowerMSP432_tirtos.oem4f (.text:PowerMSP432_sleepPolicy)
                  00006014    0000004c     rtsv7M4_T_le_v4SPD16_eabi.lib : cpy_tbl.c.obj (.text:copy_in)
                  00006060    0000004c     sysbios.aem4f : BIOS.obj (.text:ti_sysbios_family_arm_msp432_Timer_start__E)
                  000060ac    00000004     --HOLE-- [fill = 0]
                  000060b0    0000004c                   : BIOS.obj (.text:ti_sysbios_heaps_HeapMem_getStats__E)
                  000060fc    00000004     --HOLE-- [fill = 0]
                  00006100    0000004c                   : BIOS.obj (.text:ti_sysbios_knl_Swi_runLoop__I)
                  0000614c    00000004     --HOLE-- [fill = 0]
                  00006150    0000004c                   : BIOS.obj (.text:ti_sysbios_knl_Task_allBlockedFunction__I)
                  0000619c    0000004c     ti.targets.arm.rtsarm.aem4f : Assert.oem4f (.text:xdc_runtime_Assert_raise__I)
                  000061e8    00000048     drivers_msp432p401x.aem4f : PowerMSP432.oem4f (.text:Power_releaseConstraint)
                  00006230    00000048     sysbios.aem4f : BIOS.obj (.text:ti_sysbios_family_arm_m3_Hwi_disableInterrupt__E)
                  00006278    00000048                   : BIOS.obj (.text:ti_sysbios_family_arm_m3_Hwi_enableInterrupt__E)
                  000062c0    00000048                   : BIOS.obj (.text:ti_sysbios_family_arm_m3_Hwi_excReserved__I)
                  00006308    00000048                   : BIOS.obj (.text:ti_sysbios_family_arm_m3_Timer_initDevice__I)
                  00006350    00000048                   : BIOS.obj (.text:ti_sysbios_knl_Mailbox_Module_startup__E)
                  00006398    00000048     ti.targets.arm.rtsarm.aem4f : Core-params.oem4f (.text:xdc_runtime_Core_assignParams__I)
                  000063e0    00000044     drivers_msp432p401x.aem4f : I2C.oem4f (.text:I2C_init)
                  00006424    00000044                               : I2CMSP432.oem4f (.text:perfChangeNotifyFxn)
                  00006468    00000044     rtsv7M4_T_le_v4SPD16_eabi.lib : fd_tou_t2.asm.obj (.text)
                  000064ac    00000004     --HOLE-- [fill = 0]
                  000064b0    00000044     sysbios.aem4f : BIOS.obj (.text:ti_sysbios_family_arm_m3_Hwi_getStackInfo__E)
                  000064f4    00000004     --HOLE-- [fill = 0]
                  000064f8    00000044                   : BIOS.obj (.text:ti_sysbios_knl_Mailbox_postInit__I)
                  0000653c    00000044     ti.targets.arm.rtsarm.aem4f : Error.oem4f (.text:xdc_runtime_Error_setX__E)
                  00006580    00000044                                 : SysMin.oem4f (.text:xdc_runtime_SysMin_flush__E)
                  000065c4    00000044                                 : Text.oem4f (.text:xdc_runtime_Text_xprintf__I)
                  00006608    00000040     dpl_msp432p401x.aem4f : HwiP_tirtos.oem4f (.text:HwiP_create)
                  00006648    00000040     drivers_msp432p401x.aem4f : I2C.oem4f (.text:I2C_open)
                  00006688    00000040     rtsv7M4_T_le_v4SPD16_eabi.lib : u_divt2.asm.obj (.text)
                  000066c8    00000040     sysbios.aem4f : BIOS.obj (.text:ti_sysbios_family_arm_msp432_Timer_startup__E)
                  00006708    0000003c     dpl_msp432p401x.aem4f : SemaphoreP_tirtos.oem4f (.text:SemaphoreP_create)
                  00006744    00000004     --HOLE-- [fill = 0]
                  00006748    0000003c     sysbios.aem4f : BIOS.obj (.text:ti_sysbios_family_arm_m3_Hwi_Instance_finalize__E)
                  00006784    00000004     --HOLE-- [fill = 0]
                  00006788    0000003c                   : BIOS.obj (.text:ti_sysbios_family_arm_m3_Hwi_excSvCall__I)
                  000067c4    00000004     --HOLE-- [fill = 0]
                  000067c8    0000003c                   : BIOS.obj (.text:ti_sysbios_knl_Swi_restore__E)
                  00006804    00000038     drivers_msp432p401x.aem4f : PowerMSP432.oem4f (.text:Power_setConstraint)
                  0000683c    00000038     rtsv7M4_T_le_v4SPD16_eabi.lib : trgmsg.c.obj (.text:__TI_writemsg)
                  00006874    00000038     drivers_msp432p401x.aem4f : PowerMSP432.oem4f (.text:notify)
                  000068ac    00000038     rtsv7M4_T_le_v4SPD16_eabi.lib : fs_tod_t2.asm.obj (.text)
                  000068e4    00000004     --HOLE-- [fill = 0]
                  000068e8    00000038     sysbios.aem4f : BIOS.obj (.text:ti_sysbios_family_arm_m3_Hwi_excNoIsr__I)
                  00006920    00000038                   : BIOS.obj (.text:ti_sysbios_knl_Task_processVitalTaskFlag__I)
                  00006958    00000038     ti.targets.arm.rtsarm.aem4f : System.oem4f (.text:xdc_runtime_System_atexit__E)
                  00006990    00000034     rtsv7M4_T_le_v4SPD16_eabi.lib : trgmsg.c.obj (.text:__TI_readmsg)
                  000069c4    00000034     empty_min_pem4f.oem4f (.text:ti_sysbios_BIOS_startFunc__I)
                  000069f8    00000034     sysbios.aem4f : BIOS.obj (.text:ti_sysbios_family_arm_m3_Hwi_excNmi__I)
                  00006a2c    00000004     --HOLE-- [fill = 0]
                  00006a30    00000034                   : BIOS.obj (.text:ti_sysbios_family_arm_m3_Timer_Module_startup__E)
                  00006a64    00000004     --HOLE-- [fill = 0]
                  00006a68    00000034                   : BIOS.obj (.text:ti_sysbios_family_arm_m3_Timer_periodicStub__I)
                  00006a9c    00000004     --HOLE-- [fill = 0]
                  00006aa0    00000034                   : BIOS.obj (.text:ti_sysbios_hal_Hwi_checkStack)
                  00006ad4    00000034     empty_min_pem4f.oem4f (.text:ti_sysbios_knl_Semaphore_create)
                  00006b08    00000034     empty_min_pem4f.oem4f (.text:xdc_runtime_Error_policyLog__I)
                  00006b3c    00000034     ti.targets.arm.rtsarm.aem4f : SysMin.oem4f (.text:xdc_runtime_SysMin_abort__E)
                  00006b70    00000034                                 : SysMin.oem4f (.text:xdc_runtime_SysMin_putch__E)
                  00006ba4    00000004     --HOLE-- [fill = 0]
                  00006ba8    00000032     sysbios.aem4f : BIOS.obj (.text:ti_sysbios_hal_Hwi_initStack)
                  00006bda    00000006     ti.targets.arm.rtsarm.aem4f : System.oem4f (.text:xdc_runtime_System_Module_startup__E)
                  00006be0    00000032     sysbios.aem4f : BIOS.obj (.text:ti_sysbios_knl_Semaphore_pendTimeout__I)
                  00006c12    00000002     --HOLE-- [fill = 0]
                  00006c14    00000030     main.obj (.text:main)
                  00006c44    00000030     drivers_msp432p401x.aem4f : I2CMSP432.oem4f (.text:mapPin)
                  00006c74    00000030     empty_min_pem4f.oem4f (.text:ti_sysbios_BIOS_atExitFunc__I)
                  00006ca4    00000004     --HOLE-- [fill = 0]
                  00006ca8    00000030     sysbios.aem4f : BIOS.obj (.text:ti_sysbios_family_arm_m3_TaskSupport_start__E)
                  00006cd8    00000030     empty_min_pem4f.oem4f (.text:ti_sysbios_gates_GateHwi_Object__create__S)
                  00006d08    00000030     empty_min_pem4f.oem4f (.text:ti_sysbios_gates_GateMutex_Object__create__S)
                  00006d38    00000030     empty_min_pem4f.oem4f (.text:ti_sysbios_heaps_HeapMem_Object__create__S)
                  00006d68    00000030     sysbios.aem4f : BIOS.obj (.text:ti_sysbios_heaps_HeapMem_free__E)
                  00006d98    00000030     empty_min_pem4f.oem4f (.text:ti_sysbios_knl_Semaphore_construct)
                  00006dc8    00000030     sysbios.aem4f : BIOS.obj (.text:ti_sysbios_knl_Task_restore__E)
                  00006df8    00000030     ti.targets.arm.rtsarm.aem4f : System.oem4f (.text:xdc_runtime_System_processAtExit__E)
                  00006e28    0000002f                                 : Text.oem4f (.text:xdc_runtime_Text_printVisFxn__I)
                  00006e57    00000001     --HOLE-- [fill = 0]
                  00006e58    0000002c     dpl_msp432p401x.aem4f : PowerMSP432_tirtos.oem4f (.text:PowerMSP432_updateFreqs)
                  00006e84    0000002c     msp432p4xx_driverlib.lib : rtc_c.o (.text:RTC_C_holdClock)
                  00006eb0    0000002c     dpl_msp432p401x.aem4f : SemaphoreP_tirtos.oem4f (.text:SemaphoreP_createBinary)
                  00006edc    0000002c     main.obj (.text:init_I2C)
                  00006f08    0000002c     empty_min_pem4f.oem4f (.text:ti_sysbios_family_arm_m3_Hwi_Handle__label__S)
                  00006f34    00000004     --HOLE-- [fill = 0]
                  00006f38    0000002c     sysbios.aem4f : BIOS.obj (.text:ti_sysbios_family_arm_m3_TimestampProvider_Module_startup__E)
                  00006f64    0000002c     empty_min_pem4f.oem4f (.text:ti_sysbios_gates_GateHwi_Handle__label__S)
                  00006f90    0000002c     empty_min_pem4f.oem4f (.text:ti_sysbios_gates_GateMutex_Handle__label__S)
                  00006fbc    0000002c     empty_min_pem4f.oem4f (.text:ti_sysbios_heaps_HeapMem_Handle__label__S)
                  00006fe8    0000002c     empty_min_pem4f.oem4f (.text:ti_sysbios_knl_Clock_doTick__I)
                  00007014    0000002c     empty_min_pem4f.oem4f (.text:ti_sysbios_knl_Queue_construct)
                  00007040    0000002c     empty_min_pem4f.oem4f (.text:ti_sysbios_knl_Swi_Handle__label__S)
                  0000706c    0000002c     empty_min_pem4f.oem4f (.text:ti_sysbios_knl_Task_Handle__label__S)
                  00007098    0000002c     ti.targets.arm.rtsarm.aem4f : System.oem4f (.text:xdc_runtime_System_putchar__I)
                  000070c4    00000028     msp432p4xx_driverlib.lib : pcm.o (.text:PCM_gotoLPM0)
                  000070ec    00000028     drivers_msp432p401x.aem4f : PowerMSP432.oem4f (.text:Power_registerNotify)
                  00007114    00000028                               : PowerMSP432.oem4f (.text:disableFaultCounter)
                  0000713c    00000028                               : PowerMSP432.oem4f (.text:disableHFXT)
                  00007164    00000028     sysbios.aem4f : m3_Hwi_asm.obj (.text:ti_sysbios_family_arm_m3_Hwi_excHandlerAsm__I)
                  0000718c    00000004     --HOLE-- [fill = 0]
                  00007190    00000028                   : BIOS.obj (.text:ti_sysbios_knl_Clock_addI__E)
                  000071b8    00000028                   : BIOS.obj (.text:ti_sysbios_knl_Swi_Module_startup__E)
                  000071e0    00000028     ti.targets.arm.rtsarm.aem4f : System.oem4f (.text:xdc_runtime_System_avprintf__E)
                  00007208    00000026     drivers_msp432p401x.aem4f : List.oem4f (.text:List_put)
                  0000722e    00000026                               : List.oem4f (.text:List_remove)
                  00007254    00000026     sysbios.aem4f : m3_Hwi_asm.obj (.text:ti_sysbios_family_arm_m3_Hwi_pendSV__I)
                  0000727a    00000026     ti.targets.arm.rtsarm.aem4f : System.oem4f (.text:xdc_runtime_System_vprintf__E)
                  000072a0    00000024     msp432p4xx_driverlib.lib : wdt_a.o (.text:WDT_A_holdTimer)
                  000072c4    00000024     empty_min_pem4f.oem4f (.text:ti_sysbios_BIOS_errorRaiseHook__I)
                  000072e8    00000024     empty_min_pem4f.oem4f (.text:ti_sysbios_BIOS_registerRTSLock__I)
                  0000730c    00000024     empty_min_pem4f.oem4f (.text:ti_sysbios_BIOS_removeRTSLock__I)
                  00007330    00000024     sysbios.aem4f : BIOS.obj (.text:ti_sysbios_family_arm_m3_Timer_startup__E)
                  00007354    00000004     --HOLE-- [fill = 0]
                  00007358    00000024                   : BIOS.obj (.text:ti_sysbios_family_arm_msp432_ClockFreqs_setFrequency__E)
                  0000737c    00000024     empty_min_pem4f.oem4f (.text:ti_sysbios_gates_GateMutex_Object__delete__S)
                  000073a0    00000024     sysbios.aem4f : BIOS.obj (.text:ti_sysbios_knl_Clock_Module_startup__E)
                  000073c4    00000024     empty_min_pem4f.oem4f (.text:ti_sysbios_knl_Semaphore_Object__delete__S)
                  000073e8    00000024     sysbios.aem4f : BIOS.obj (.text:ti_sysbios_knl_Task_restoreHwi__E)
                  0000740c    00000022     empty_min_pem4f.oem4f (.text:xdc_runtime_SysMin_output__I)
                  0000742e    00000002     --HOLE-- [fill = 0]
                  00007430    00000020     msp432p4xx_driverlib.lib : cs.o (.text:CS_setExternalClockSourceFrequency)
                  00007450    00000020     drivers_msp432p401x.aem4f : PowerMSP432.oem4f (.text:Power_unregisterNotify)
                  00007470    00000020     rtsv7M4_T_le_v4SPD16_eabi.lib : u_tofd_t2.asm.obj (.text)
                  00007490    00000020     empty_min_pem4f.oem4f (.text:ti_sysbios_BIOS_rtsLock__I)
                  000074b0    00000020     empty_min_pem4f.oem4f (.text:ti_sysbios_family_arm_m3_Hwi_Object__delete__S)
                  000074d0    00000020     empty_min_pem4f.oem4f (.text:ti_sysbios_gates_GateHwi_Object__delete__S)
                  000074f0    00000020     empty_min_pem4f.oem4f (.text:ti_sysbios_heaps_HeapMem_Object__delete__S)
                  00007510    00000020     sysbios.aem4f : BIOS.obj (.text:ti_sysbios_knl_Idle_run__E)
                  00007530    00000020     empty_min_pem4f.oem4f (.text:ti_sysbios_knl_Semaphore_destruct)
                  00007550    00000020     ti.targets.arm.rtsarm.aem4f : SysMin.oem4f (.text:xdc_runtime_SysMin_Module_startup__E)
                  00007570    0000001e     sysbios.aem4f : m3_Hwi_asm_switch.obj (.text:ti_sysbios_family_xxx_Hwi_switchAndRunFunc)
                  0000758e    00000002     --HOLE-- [fill = 0]
                  00007590    0000001c                   : BIOS.obj (.text:ti_sysbios_family_arm_m3_Hwi_excHandler__I)
                  000075ac    00000004     --HOLE-- [fill = 0]
                  000075b0    0000001c                   : BIOS.obj (.text:ti_sysbios_gates_GateMutex_Instance_init__E)
                  000075cc    0000001c     empty_min_pem4f.oem4f (.text:ti_sysbios_knl_Queue_destruct)
                  000075e8    0000001c     sysbios.aem4f : BIOS.obj (.text:ti_sysbios_knl_Queue_get__E)
                  00007604    00000004     --HOLE-- [fill = 0]
                  00007608    0000001c                   : BIOS.obj (.text:ti_sysbios_knl_Queue_put__E)
                  00007624    00000004     --HOLE-- [fill = 0]
                  00007628    0000001c                   : BIOS.obj (.text:ti_sysbios_knl_Task_enter__I)
                  00007644    0000001c     ti.targets.arm.rtsarm.aem4f : Error.oem4f (.text:xdc_runtime_Error_check__E)
                  00007660    0000001c                                 : Error.oem4f (.text:xdc_runtime_Error_raiseX__E)
                  0000767c    0000001c                                 : Memory.oem4f (.text:xdc_runtime_Memory_valloc__E)
                  00007698    0000001c                                 : Registry.oem4f (.text:xdc_runtime_Registry_findById__E)
                  000076b4    0000001c                                 : SysMin.oem4f (.text:xdc_runtime_SysMin_exit__E)
                  000076d0    0000001c                                 : System.oem4f (.text:xdc_runtime_System_abort__E)
                  000076ec    0000001c                                 : Text.oem4f (.text:xdc_runtime_Text_ropeText__E)
                  00007708    0000001a     empty_min_pem4f.oem4f (.text:xdc_runtime_System_aprintf__E)
                  00007722    0000001a     empty_min_pem4f.oem4f (.text:xdc_runtime_System_printf__E)
                  0000773c    00000018     empty_min_pem4f.oem4f (.text:.bootCodeSection:ti_sysbios_family_arm_msp432_init_Boot_init__I)
                  00007754    00000018     drivers_msp432p401x.aem4f : I2C.oem4f (.text:I2C_transfer)
                  0000776c    00000018     msp432p4xx_driverlib.lib : sysctl_a.o (.text:SysCtl_A_disableNMISource)
                  00007784    00000018                              : sysctl_a.o (.text:SysCtl_A_enableNMISource)
                  0000779c    00000018     rtsv7M4_T_le_v4SPD16_eabi.lib : args_main.c.obj (.text:_args_main)
                  000077b4    00000018     empty_min_pem4f.oem4f (.text:ti_sysbios_BIOS_rtsUnlock__I)
                  000077cc    00000018     empty_min_pem4f.oem4f (.text:ti_sysbios_family_arm_m3_Hwi_Module__startupDone__F)
                  000077e4    00000018     sysbios.aem4f : m3_TaskSupport_asm.obj (.text:ti_sysbios_family_arm_m3_TaskSupport_swap__E)
                  000077fc    00000018     empty_min_pem4f.oem4f (.text:ti_sysbios_family_arm_m3_Timer_Module__startupDone__F)
                  00007814    00000018     empty_min_pem4f.oem4f (.text:ti_sysbios_family_arm_msp432_Timer_Module__startupDone__F)
                  0000782c    00000004     --HOLE-- [fill = 0]
                  00007830    00000018     sysbios.aem4f : BIOS.obj (.text:ti_sysbios_gates_GateMutex_leave__E)
                  00007848    00000018     ti.targets.arm.rtsarm.aem4f : Error.oem4f (.text:xdc_runtime_Error_init__E)
                  00007860    00000018                                 : System.oem4f (.text:xdc_runtime_System_exit__E)
                  00007878    00000016     empty_min_pem4f.oem4f (.text:ti_sysbios_BIOS_exitFunc__I)
                  0000788e    00000002     --HOLE-- [fill = 0]
                  00007890    00000014     main.obj (.text:DataClock)
                  000078a4    00000014     msp432p4xx_driverlib.lib : pcm.o (.text:PCM_getPowerState)
                  000078b8    00000014     rtsv7M4_T_le_v4SPD16_eabi.lib : strlen.c.obj (.text:strlen)
                  000078cc    00000014     empty_min_pem4f.oem4f (.text:ti_sysbios_family_arm_m3_Hwi_Object__get__S)
                  000078e0    00000014     sysbios.aem4f : BIOS.obj (.text:ti_sysbios_family_arm_m3_Hwi_switchFromBootStack__E)
                  000078f4    00000014     empty_min_pem4f.oem4f (.text:ti_sysbios_heaps_HeapMem_Object__get__S)
                  00007908    00000014     empty_min_pem4f.oem4f (.text:ti_sysbios_knl_Mailbox_Object__get__S)
                  0000791c    00000014     empty_min_pem4f.oem4f (.text:ti_sysbios_knl_Swi_Object__get__S)
                  00007930    00000012     dpl_msp432p401x.aem4f : SemaphoreP_tirtos.oem4f (.text:SemaphoreP_pend)
                  00007942    00000006     --HOLE-- [fill = 0]
                  00007948    00000012     sysbios.aem4f : BIOS.obj (.text:ti_sysbios_hal_Hwi_Module_startup__E)
                  0000795a    00000012     empty_min_pem4f.oem4f (.text:xdc_runtime_Startup_exec__I)
                  0000796c    00000010     dpl_msp432p401x.aem4f : HwiP_tirtos.oem4f (.text:HwiP_Params_init)
                  0000797c    00000010     drivers_msp432p401x.aem4f : I2C.oem4f (.text:I2C_Params_init)
                  0000798c    00000010     msp432p4xx_driverlib.lib : pcm.o (.text:PCM_gotoLPM4)
                  0000799c    00000010                              : pcm.o (.text:PCM_setPowerMode)
                  000079ac    00000010                              : pcm.o (.text:PCM_setPowerState)
                  000079bc    00000010     drivers_msp432p401x.aem4f : PowerMSP432.oem4f (.text:PowerMSP432_getNumPerfLevels)
                  000079cc    00000010     msp432p4xx_driverlib.lib : sysctl_a.o (.text:SysCtl_A_getNMISourceStatus)
                  000079dc    00000010                              : sysctl.o (.text:SysCtl_getNMISourceStatus)
                  000079ec    00000004     --HOLE-- [fill = 0]
                  000079f0    00000010     sysbios.aem4f : BIOS.obj (.text:ti_sysbios_BIOS_getCpuFreq__E)
                  00007a00    00000010                   : BIOS.obj (.text:ti_sysbios_BIOS_setCpuFreq__E)
                  00007a10    00000010                   : BIOS.obj (.text:ti_sysbios_BIOS_setThreadType__E)
                  00007a20    00000010                   : BIOS.obj (.text:ti_sysbios_BIOS_start__E)
                  00007a30    00000010                   : m3_TaskSupport_asm.obj (.text:ti_sysbios_family_arm_m3_TaskSupport_glue)
                  00007a40    00000010                   : BIOS.obj (.text:ti_sysbios_family_arm_msp432_init_Boot_disableWatchdog)
                  00007a50    00000010                   : BIOS.obj (.text:ti_sysbios_gates_GateMutex_Instance_finalize__E)
                  00007a60    00000010                   : BIOS.obj (.text:ti_sysbios_knl_Semaphore_Instance_finalize__E)
                  00007a70    00000010                   : BIOS.obj (.text:ti_sysbios_knl_Swi_disable__E)
                  00007a80    00000010     empty_min_pem4f.oem4f (.text:ti_sysbios_knl_Task_Object__get__S)
                  00007a90    00000010     sysbios.aem4f : BIOS.obj (.text:ti_sysbios_knl_Task_disable__E)
                  00007aa0    00000010     ti.targets.arm.rtsarm.aem4f : Gate.oem4f (.text:xdc_runtime_Gate_leaveSystem__E)
                  00007ab0    00000010                                 : Memory.oem4f (.text:xdc_runtime_Memory_free__E)
                  00007ac0    00000010                                 : SysMin.oem4f (.text:xdc_runtime_SysMin_ready__E)
                  00007ad0    00000010                                 : System.oem4f (.text:xdc_runtime_System_vsnprintf__E)
                  00007ae0    00000010     empty_min_pem4f.oem4f (.text:xdc_runtime_Text_visitRope__I)
                  00007af0    0000000e     rtsv7M4_T_le_v4SPD16_eabi.lib : copy_decompress_none.c.obj (.text:decompress:none:__TI_decompress_none)
                  00007afe    00000002     --HOLE-- [fill = 0]
                  00007b00    0000000e     sysbios.aem4f : BIOS.obj (.text:ti_sysbios_knl_Idle_loop__E)
                  00007b0e    00000002     --HOLE-- [fill = 0]
                  00007b10    0000000e                   : BIOS.obj (.text:ti_sysbios_knl_Queue_empty__E)
                  00007b1e    0000000c     msp432p4xx_driverlib.lib : cpu.o (.text:CPU_cpsid)
                  00007b2a    0000000c                              : cpu.o (.text:CPU_cpsie)
                  00007b36    0000000c     dpl_msp432p401x.aem4f : HwiP_tirtos.oem4f (.text:HwiP_delete)
                  00007b42    00000002     --HOLE-- [fill = 0]
                  00007b44    0000000c     drivers_msp432p401x.aem4f : PowerMSP432.oem4f (.text:Power_getConstraintMask)
                  00007b50    0000000c                               : PowerMSP432.oem4f (.text:Power_getPerformanceLevel)
                  00007b5c    0000000c     dpl_msp432p401x.aem4f : SemaphoreP_tirtos.oem4f (.text:SemaphoreP_delete)
                  00007b68    0000000c     rtsv7M4_T_le_v4SPD16_eabi.lib : _lock.c.obj (.text:_register_lock)
                  00007b74    0000000c                                   : _lock.c.obj (.text:_register_unlock)
                  00007b80    0000000c                                   : copy_zero_init.c.obj (.text:decompress:ZI:__TI_zero_init)
                  00007b8c    0000000c     empty_min_pem4f.oem4f (.text:ti_sysbios_family_arm_m3_Hwi_Params__init__S)
                  00007b98    0000000c     sysbios.aem4f : BIOS.obj (.text:ti_sysbios_family_arm_m3_Hwi_disableFxn__E)
                  00007ba4    00000004     --HOLE-- [fill = 0]
                  00007ba8    0000000c                   : BIOS.obj (.text:ti_sysbios_family_arm_m3_TaskSupport_checkStack__E)
                  00007bb4    00000004     --HOLE-- [fill = 0]
                  00007bb8    0000000c                   : BIOS.obj (.text:ti_sysbios_family_arm_msp432_Timer_getMaxTicks__E)
                  00007bc4    00000004     --HOLE-- [fill = 0]
                  00007bc8    0000000c                   : BIOS.obj (.text:ti_sysbios_gates_GateHwi_enter__E)
                  00007bd4    0000000c     empty_min_pem4f.oem4f (.text:ti_sysbios_knl_Queue_Object__get__S)
                  00007be0    0000000c     empty_min_pem4f.oem4f (.text:ti_sysbios_knl_Semaphore_Params__init__S)
                  00007bec    0000000c     ti.targets.arm.rtsarm.aem4f : Gate.oem4f (.text:xdc_runtime_Gate_enterSystem__E)
                  00007bf8    0000000c                                 : Memory.oem4f (.text:xdc_runtime_Memory_calloc__E)
                  00007c04    0000000c                                 : Memory.oem4f (.text:xdc_runtime_Memory_getMaxDefaultTypeAlign__E)
                  00007c10    0000000c                                 : Startup.oem4f (.text:xdc_runtime_Startup_rtsDone__E)
                  00007c1c    0000000a     empty_min_pem4f.oem4f (.text:xdc_runtime_IHeap_alloc)
                  00007c26    0000000a     empty_min_pem4f.oem4f (.text:xdc_runtime_IHeap_free)
                  00007c30    00000008     MSP_EXP432P401R.obj (.text:Board_init)
                  00007c38    00000008     MSP_EXP432P401R.obj (.text:MSP_EXP432P401R_initGeneral)
                  00007c40    00000008     dpl_msp432p401x.aem4f : SemaphoreP_tirtos.oem4f (.text:SemaphoreP_Params_init)
                  00007c48    00000008     drivers_msp432p401x.aem4f : I2CMSP432.oem4f (.text:blockingTransferCallback)
                  00007c50    00000008     sysbios.aem4f : BIOS.obj (.text:ti_sysbios_family_arm_m3_Hwi_doSwiRestore__I)
                  00007c58    00000008                   : BIOS.obj (.text:ti_sysbios_family_arm_m3_Hwi_startup__E)
                  00007c60    00000006                   : BIOS.obj (.text:ti_sysbios_family_arm_m3_Hwi_doTaskRestore__I)
                  00007c66    00000002     --HOLE-- [fill = 0]
                  00007c68    00000006                   : BIOS.obj (.text:ti_sysbios_family_arm_m3_Hwi_restoreFxn__E)
                  00007c6e    00000002     --HOLE-- [fill = 0]
                  00007c70    00000006                   : BIOS.obj (.text:ti_sysbios_gates_GateHwi_leave__E)
                  00007c76    00000002     --HOLE-- [fill = 0]
                  00007c78    00000006                   : BIOS.obj (.text:ti_sysbios_heaps_HeapMem_isBlocking__E)
                  00007c7e    00000002     --HOLE-- [fill = 0]
                  00007c80    00000006                   : BIOS.obj (.text:ti_sysbios_knl_Queue_Instance_init__E)
                  00007c86    00000002     --HOLE-- [fill = 0]
                  00007c88    00000006                   : BIOS.obj (.text:ti_sysbios_knl_Swi_startup__E)
                  00007c8e    00000002     --HOLE-- [fill = 0]
                  00007c90    00000004                   : BIOS.obj (.text:ti_sysbios_gates_GateHwi_query__E)
                  00007c94    00000004     --HOLE-- [fill = 0]
                  00007c98    00000004                   : BIOS.obj (.text:ti_sysbios_gates_GateMutex_query__E)
                  00007c9c    00000004     --HOLE-- [fill = 0]
                  00007ca0    00000004                   : BIOS.obj (.text:ti_sysbios_knl_Task_startup__E)
                  00007ca4    00000004     --HOLE-- [fill = 0]
                  00007ca8    00000002                   : BIOS.obj (.text:ti_sysbios_BIOS_linkedWithIncorrectBootLibrary__E)
                  00007caa    00000006     --HOLE-- [fill = 0]
                  00007cb0    00000002                   : BIOS.obj (.text:ti_sysbios_family_arm_m3_TimestampProvider_rolloverFunc__E)
                  00007cb2    00000006     --HOLE-- [fill = 0]
                  00007cb8    00000002                   : BIOS.obj (.text:ti_sysbios_gates_GateHwi_Instance_init__E)

.const     0    00007cbc    00001fcf     
                  00007cbc    00001956     empty_min_pem4f.oem4f (.const:xdc_runtime_Text_charTab__A)
                  00009612    000000c4     empty_min_pem4f.oem4f (.const:xdc_runtime_Text_nodeTab__A)
                  000096d6    00000002     empty_min_pem4f.oem4f (.const:ti_sysbios_family_arm_m3_Hwi_Module__id__C)
                  000096d8    00000038     MSP_EXP432P401R.obj (.const:PowerMSP432_config)
                  00009710    00000030     empty_min_pem4f.oem4f (.const:ti_sysbios_family_arm_m3_Hwi_Object__PARAMS__C)
                  00009740    0000002c     empty_min_pem4f.oem4f (.const:xdc_runtime_Startup_sfxnTab__A)
                  0000976c    00000028     MSP_EXP432P401R.obj (.const:i2cMSP432HWAttrs)
                  00009794    00000028     empty_min_pem4f.oem4f (.const:ti_sysbios_heaps_HeapMem_Module__FXNS__C)
                  000097bc    00000024     empty_min_pem4f.oem4f (.const:ti_sysbios_gates_GateHwi_Module__FXNS__C)
                  000097e0    00000024     empty_min_pem4f.oem4f (.const:ti_sysbios_gates_GateMutex_Module__FXNS__C)
                  00009804    00000024     empty_min_pem4f.oem4f (.const:ti_sysbios_heaps_HeapMem_Object__PARAMS__C)
                  00009828    00000024     empty_min_pem4f.oem4f (.const:ti_sysbios_knl_Semaphore_Object__PARAMS__C)
                  0000984c    00000020     empty_min_pem4f.oem4f (.const:ti_sysbios_family_arm_m3_Hwi_Object__DESC__C)
                  0000986c    00000020     empty_min_pem4f.oem4f (.const:ti_sysbios_gates_GateHwi_Object__DESC__C)
                  0000988c    00000020     empty_min_pem4f.oem4f (.const:ti_sysbios_gates_GateMutex_Object__DESC__C)
                  000098ac    00000020     empty_min_pem4f.oem4f (.const:ti_sysbios_heaps_HeapMem_Object__DESC__C)
                  000098cc    00000020     empty_min_pem4f.oem4f (.const:ti_sysbios_knl_Queue_Object__DESC__C)
                  000098ec    00000020     empty_min_pem4f.oem4f (.const:ti_sysbios_knl_Semaphore_Object__DESC__C)
                  0000990c    0000001c     main.obj (.const:$P$T0$1)
                  00009928    00000018     drivers_msp432p401x.aem4f : I2CMSP432.oem4f (.const:I2CMSP432_fxnTable)
                  00009940    00000018     MSP_EXP432P401R.obj (.const:I2C_config)
                  00009958    00000018     empty_min_pem4f.oem4f (.const)
                  00009970    00000018     empty_min_pem4f.oem4f (.const:ti_sysbios_gates_GateHwi_Object__PARAMS__C)
                  00009988    00000018     empty_min_pem4f.oem4f (.const:ti_sysbios_gates_GateMutex_Object__PARAMS__C)
                  000099a0    00000018     empty_min_pem4f.oem4f (.const:ti_sysbios_knl_Queue_Object__PARAMS__C)
                  000099b8    00000016     empty_min_pem4f.oem4f (.const:xdc_runtime_Startup_sfxnRts__A)
                  000099ce    00000002     empty_min_pem4f.oem4f (.const:ti_sysbios_family_arm_m3_Hwi_Module__loggerDefined__C)
                  000099d0    00000014     MSP_EXP432P401R.obj (.const:GPIOMSP432_config)
                  000099e4    00000010     drivers_msp432p401x.aem4f : I2C.oem4f (.const:I2C_defaultParams)
                  000099f4    0000000e     MSP_EXP432P401R.obj (.const)
                  00009a02    00000002     empty_min_pem4f.oem4f (.const:ti_sysbios_family_arm_m3_Timer_Module__id__C)
                  00009a04    0000000c     drivers_msp432p401x.aem4f : I2CMSP432.oem4f (.const:bitRates)
                  00009a10    0000000c     empty_min_pem4f.oem4f (.const:xdc_runtime_Startup_firstFxns__A)
                  00009a1c    00000008     empty_min_pem4f.oem4f (.const:ti_sysbios_family_arm_m3_Hwi_excHookFuncs__A)
                  00009a24    00000008     empty_min_pem4f.oem4f (.const:ti_sysbios_knl_Idle_funcList__C)
                  00009a2c    00000008     empty_min_pem4f.oem4f (.const:xdc_runtime_Startup_firstFxns__C)
                  00009a34    00000008     empty_min_pem4f.oem4f (.const:xdc_runtime_Startup_lastFxns__C)
                  00009a3c    00000006     drivers_msp432p401x.aem4f : GPIOMSP432.oem4f (.const:.string:interruptType)
                  00009a42    00000006                               : GPIOMSP432.oem4f (.const:.string:portInterruptIds)
                  00009a48    00000004     empty_min_pem4f.oem4f (.const:ti_sysbios_family_arm_m3_Hwi_E_NMI__C)
                  00009a4c    00000004     empty_min_pem4f.oem4f (.const:ti_sysbios_family_arm_m3_Hwi_E_alreadyDefined__C)
                  00009a50    00000004     empty_min_pem4f.oem4f (.const:ti_sysbios_family_arm_m3_Hwi_E_badIntNum__C)
                  00009a54    00000004     empty_min_pem4f.oem4f (.const:ti_sysbios_family_arm_m3_Hwi_E_busFault__C)
                  00009a58    00000004     empty_min_pem4f.oem4f (.const:ti_sysbios_family_arm_m3_Hwi_E_debugMon__C)
                  00009a5c    00000004     empty_min_pem4f.oem4f (.const:ti_sysbios_family_arm_m3_Hwi_E_hardFault__C)
                  00009a60    00000004     empty_min_pem4f.oem4f (.const:ti_sysbios_family_arm_m3_Hwi_E_memFault__C)
                  00009a64    00000004     empty_min_pem4f.oem4f (.const:ti_sysbios_family_arm_m3_Hwi_E_noIsr__C)
                  00009a68    00000004     empty_min_pem4f.oem4f (.const:ti_sysbios_family_arm_m3_Hwi_E_reserved__C)
                  00009a6c    00000004     empty_min_pem4f.oem4f (.const:ti_sysbios_family_arm_m3_Hwi_E_svCall__C)
                  00009a70    00000004     empty_min_pem4f.oem4f (.const:ti_sysbios_family_arm_m3_Hwi_E_usageFault__C)
                  00009a74    00000004     empty_min_pem4f.oem4f (.const:ti_sysbios_family_arm_m3_Hwi_LD_end__C)
                  00009a78    00000004     empty_min_pem4f.oem4f (.const:ti_sysbios_family_arm_m3_Hwi_LM_begin__C)
                  00009a7c    00000004     empty_min_pem4f.oem4f (.const:ti_sysbios_family_arm_m3_Hwi_Module__diagsEnabled__C)
                  00009a80    00000004     empty_min_pem4f.oem4f (.const:ti_sysbios_family_arm_m3_Hwi_Module__diagsIncluded__C)
                  00009a84    00000004     empty_min_pem4f.oem4f (.const:ti_sysbios_family_arm_m3_Hwi_Module__diagsMask__C)
                  00009a88    00000004     empty_min_pem4f.oem4f (.const:ti_sysbios_family_arm_m3_Hwi_Module__loggerFxn1__C)
                  00009a8c    00000004     empty_min_pem4f.oem4f (.const:ti_sysbios_family_arm_m3_Hwi_Module__loggerFxn8__C)
                  00009a90    00000004     empty_min_pem4f.oem4f (.const:ti_sysbios_family_arm_m3_Hwi_Module__loggerObj__C)
                  00009a94    00000004     empty_min_pem4f.oem4f (.const:ti_sysbios_family_arm_m3_Hwi_NUM_INTERRUPTS__C)
                  00009a98    00000004     empty_min_pem4f.oem4f (.const:ti_sysbios_family_arm_m3_Hwi_Object__count__C)
                  00009a9c    00000004     empty_min_pem4f.oem4f (.const:ti_sysbios_family_arm_m3_Hwi_ccr__C)
                  00009aa0    00000004     empty_min_pem4f.oem4f (.const:ti_sysbios_family_arm_m3_Hwi_excHandlerFunc__C)
                  00009aa4    00000004     empty_min_pem4f.oem4f (.const:ti_sysbios_family_arm_m3_Hwi_excHookFuncs__C)
                  00009aa8    00000004     empty_min_pem4f.oem4f (.const:ti_sysbios_family_arm_m3_Hwi_nullIsrFunc__C)
                  00009aac    00000004     empty_min_pem4f.oem4f (.const:ti_sysbios_family_arm_m3_Hwi_priGroup__C)
                  00009ab0    00000004     empty_min_pem4f.oem4f (.const:ti_sysbios_family_arm_m3_Hwi_swiDisable__C)
                  00009ab4    00000004     empty_min_pem4f.oem4f (.const:ti_sysbios_family_arm_m3_Hwi_swiRestore__C)
                  00009ab8    00000004     empty_min_pem4f.oem4f (.const:ti_sysbios_family_arm_m3_Timer_E_cannotSupport__C)
                  00009abc    00000004     empty_min_pem4f.oem4f (.const:ti_sysbios_family_arm_m3_Timer_startupNeeded__C)
                  00009ac0    00000004     empty_min_pem4f.oem4f (.const:ti_sysbios_family_arm_msp432_Timer_numTimerDevices__C)
                  00009ac4    00000004     empty_min_pem4f.oem4f (.const:ti_sysbios_family_arm_msp432_Timer_startupNeeded__C)
                  00009ac8    00000004     empty_min_pem4f.oem4f (.const:ti_sysbios_gates_GateMutex_A_badContext__C)
                  00009acc    00000004     empty_min_pem4f.oem4f (.const:ti_sysbios_gates_GateMutex_Instance_State_sem__O)
                  00009ad0    00000004     empty_min_pem4f.oem4f (.const:ti_sysbios_gates_GateMutex_Module__diagsEnabled__C)
                  00009ad4    00000004     empty_min_pem4f.oem4f (.const:ti_sysbios_gates_GateMutex_Module__diagsIncluded__C)
                  00009ad8    00000004     empty_min_pem4f.oem4f (.const:ti_sysbios_gates_GateMutex_Module__diagsMask__C)
                  00009adc    00000004     empty_min_pem4f.oem4f (.const:ti_sysbios_hal_Hwi_E_stackOverflow__C)
                  00009ae0    00000004     empty_min_pem4f.oem4f (.const:ti_sysbios_heaps_HeapMem_A_align__C)
                  00009ae4    00000004     empty_min_pem4f.oem4f (.const:ti_sysbios_heaps_HeapMem_A_heapSize__C)
                  00009ae8    00000004     empty_min_pem4f.oem4f (.const:ti_sysbios_heaps_HeapMem_A_invalidFree__C)
                  00009aec    00000004     empty_min_pem4f.oem4f (.const:ti_sysbios_heaps_HeapMem_A_zeroBlock__C)
                  00009af0    00000004     empty_min_pem4f.oem4f (.const:ti_sysbios_heaps_HeapMem_E_memory__C)
                  00009af4    00000004     empty_min_pem4f.oem4f (.const:ti_sysbios_heaps_HeapMem_Module__diagsEnabled__C)
                  00009af8    00000004     empty_min_pem4f.oem4f (.const:ti_sysbios_heaps_HeapMem_Module__diagsIncluded__C)
                  00009afc    00000004     empty_min_pem4f.oem4f (.const:ti_sysbios_heaps_HeapMem_Module__diagsMask__C)
                  00009b00    00000004     empty_min_pem4f.oem4f (.const:ti_sysbios_heaps_HeapMem_Module__gateObj__C)
                  00009b04    00000004     empty_min_pem4f.oem4f (.const:ti_sysbios_heaps_HeapMem_Object__count__C)
                  00009b08    00000004     empty_min_pem4f.oem4f (.const:ti_sysbios_heaps_HeapMem_primaryHeapBaseAddr__C)
                  00009b0c    00000004     empty_min_pem4f.oem4f (.const:ti_sysbios_heaps_HeapMem_primaryHeapEndAddr__C)
                  00009b10    00000004     empty_min_pem4f.oem4f (.const:ti_sysbios_heaps_HeapMem_reqAlign__C)
                  00009b14    00000004     empty_min_pem4f.oem4f (.const:ti_sysbios_knl_Clock_LM_begin__C)
                  00009b18    00000004     empty_min_pem4f.oem4f (.const:ti_sysbios_knl_Clock_LM_tick__C)
                  00009b1c    00000004     empty_min_pem4f.oem4f (.const:ti_sysbios_knl_Clock_LW_delayed__C)
                  00009b20    00000004     empty_min_pem4f.oem4f (.const:ti_sysbios_knl_Clock_Module_State_clockQ__O)
                  00009b24    00000004     empty_min_pem4f.oem4f (.const:ti_sysbios_knl_Clock_Module__diagsEnabled__C)
                  00009b28    00000004     empty_min_pem4f.oem4f (.const:ti_sysbios_knl_Clock_Module__diagsIncluded__C)
                  00009b2c    00000004     empty_min_pem4f.oem4f (.const:ti_sysbios_knl_Clock_Module__diagsMask__C)
                  00009b30    00000004     empty_min_pem4f.oem4f (.const:ti_sysbios_knl_Clock_Module__loggerFxn1__C)
                  00009b34    00000004     empty_min_pem4f.oem4f (.const:ti_sysbios_knl_Clock_Module__loggerFxn2__C)
                  00009b38    00000004     empty_min_pem4f.oem4f (.const:ti_sysbios_knl_Clock_Module__loggerObj__C)
                  00009b3c    00000004     empty_min_pem4f.oem4f (.const:ti_sysbios_knl_Idle_funcList__A)
                  00009b40    00000004     empty_min_pem4f.oem4f (.const:ti_sysbios_knl_Mailbox_Instance_State_dataQue__O)
                  00009b44    00000004     empty_min_pem4f.oem4f (.const:ti_sysbios_knl_Mailbox_Instance_State_dataSem__O)
                  00009b48    00000004     empty_min_pem4f.oem4f (.const:ti_sysbios_knl_Mailbox_Instance_State_freeQue__O)
                  00009b4c    00000004     empty_min_pem4f.oem4f (.const:ti_sysbios_knl_Mailbox_Instance_State_freeSem__O)
                  00009b50    00000004     empty_min_pem4f.oem4f (.const:ti_sysbios_knl_Mailbox_Object__count__C)
                  00009b54    00000004     empty_min_pem4f.oem4f (.const:ti_sysbios_knl_Mailbox_maxTypeAlign__C)
                  00009b58    00000004     empty_min_pem4f.oem4f (.const:ti_sysbios_knl_Semaphore_A_badContext__C)
                  00009b5c    00000004     empty_min_pem4f.oem4f (.const:ti_sysbios_knl_Semaphore_A_noEvents__C)
                  00009b60    00000004     empty_min_pem4f.oem4f (.const:ti_sysbios_knl_Semaphore_A_overflow__C)
                  00009b64    00000004     empty_min_pem4f.oem4f (.const:ti_sysbios_knl_Semaphore_A_pendTaskDisabled__C)
                  00009b68    00000004     empty_min_pem4f.oem4f (.const:ti_sysbios_knl_Semaphore_Instance_State_pendQ__O)
                  00009b6c    00000004     empty_min_pem4f.oem4f (.const:ti_sysbios_knl_Semaphore_LM_pend__C)
                  00009b70    00000004     empty_min_pem4f.oem4f (.const:ti_sysbios_knl_Semaphore_LM_post__C)
                  00009b74    00000004     empty_min_pem4f.oem4f (.const:ti_sysbios_knl_Semaphore_Module__diagsEnabled__C)
                  00009b78    00000004     empty_min_pem4f.oem4f (.const:ti_sysbios_knl_Semaphore_Module__diagsIncluded__C)
                  00009b7c    00000004     empty_min_pem4f.oem4f (.const:ti_sysbios_knl_Semaphore_Module__diagsMask__C)
                  00009b80    00000004     empty_min_pem4f.oem4f (.const:ti_sysbios_knl_Semaphore_Module__loggerFxn2__C)
                  00009b84    00000004     empty_min_pem4f.oem4f (.const:ti_sysbios_knl_Semaphore_Module__loggerFxn4__C)
                  00009b88    00000004     empty_min_pem4f.oem4f (.const:ti_sysbios_knl_Semaphore_Module__loggerObj__C)
                  00009b8c    00000004     empty_min_pem4f.oem4f (.const:ti_sysbios_knl_Swi_LD_end__C)
                  00009b90    00000004     empty_min_pem4f.oem4f (.const:ti_sysbios_knl_Swi_LM_begin__C)
                  00009b94    00000004     empty_min_pem4f.oem4f (.const:ti_sysbios_knl_Swi_LM_post__C)
                  00009b98    00000004     empty_min_pem4f.oem4f (.const:ti_sysbios_knl_Swi_Module__diagsEnabled__C)
                  00009b9c    00000004     empty_min_pem4f.oem4f (.const:ti_sysbios_knl_Swi_Module__diagsIncluded__C)
                  00009ba0    00000004     empty_min_pem4f.oem4f (.const:ti_sysbios_knl_Swi_Module__diagsMask__C)
                  00009ba4    00000004     empty_min_pem4f.oem4f (.const:ti_sysbios_knl_Swi_Module__loggerFxn1__C)
                  00009ba8    00000004     empty_min_pem4f.oem4f (.const:ti_sysbios_knl_Swi_Module__loggerFxn4__C)
                  00009bac    00000004     empty_min_pem4f.oem4f (.const:ti_sysbios_knl_Swi_Module__loggerObj__C)
                  00009bb0    00000004     empty_min_pem4f.oem4f (.const:ti_sysbios_knl_Swi_Object__count__C)
                  00009bb4    00000004     empty_min_pem4f.oem4f (.const:ti_sysbios_knl_Task_E_spOutOfBounds__C)
                  00009bb8    00000004     empty_min_pem4f.oem4f (.const:ti_sysbios_knl_Task_E_stackOverflow__C)
                  00009bbc    00000004     empty_min_pem4f.oem4f (.const:ti_sysbios_knl_Task_LD_block__C)
                  00009bc0    00000004     empty_min_pem4f.oem4f (.const:ti_sysbios_knl_Task_LD_exit__C)
                  00009bc4    00000004     empty_min_pem4f.oem4f (.const:ti_sysbios_knl_Task_LD_ready__C)
                  00009bc8    00000004     empty_min_pem4f.oem4f (.const:ti_sysbios_knl_Task_LM_switch__C)
                  00009bcc    00000004     empty_min_pem4f.oem4f (.const:ti_sysbios_knl_Task_Module_State_inactiveQ__O)
                  00009bd0    00000004     empty_min_pem4f.oem4f (.const:ti_sysbios_knl_Task_Module__diagsEnabled__C)
                  00009bd4    00000004     empty_min_pem4f.oem4f (.const:ti_sysbios_knl_Task_Module__diagsIncluded__C)
                  00009bd8    00000004     empty_min_pem4f.oem4f (.const:ti_sysbios_knl_Task_Module__diagsMask__C)
                  00009bdc    00000004     empty_min_pem4f.oem4f (.const:ti_sysbios_knl_Task_Module__loggerFxn2__C)
                  00009be0    00000004     empty_min_pem4f.oem4f (.const:ti_sysbios_knl_Task_Module__loggerFxn4__C)
                  00009be4    00000004     empty_min_pem4f.oem4f (.const:ti_sysbios_knl_Task_Module__loggerObj__C)
                  00009be8    00000004     empty_min_pem4f.oem4f (.const:ti_sysbios_knl_Task_Object__count__C)
                  00009bec    00000004     empty_min_pem4f.oem4f (.const:ti_sysbios_knl_Task_allBlockedFunc__C)
                  00009bf0    00000004     empty_min_pem4f.oem4f (.const:ti_sysbios_knl_Task_numConstructedTasks__C)
                  00009bf4    00000004     empty_min_pem4f.oem4f (.const:xdc_runtime_Assert_E_assertFailed__C)
                  00009bf8    00000004     empty_min_pem4f.oem4f (.const:xdc_runtime_Core_A_initializedParams__C)
                  00009bfc    00000004     empty_min_pem4f.oem4f (.const:xdc_runtime_Core_Module__diagsEnabled__C)
                  00009c00    00000004     empty_min_pem4f.oem4f (.const:xdc_runtime_Core_Module__diagsIncluded__C)
                  00009c04    00000004     empty_min_pem4f.oem4f (.const:xdc_runtime_Core_Module__diagsMask__C)
                  00009c08    00000004     empty_min_pem4f.oem4f (.const:xdc_runtime_Error_E_memory__C)
                  00009c0c    00000004     empty_min_pem4f.oem4f (.const:xdc_runtime_Error_policyFxn__C)
                  00009c10    00000004     empty_min_pem4f.oem4f (.const:xdc_runtime_Error_raiseHook__C)
                  00009c14    00000004     empty_min_pem4f.oem4f (.const:xdc_runtime_IGateProvider_Interface__BASE__C)
                  00009c18    00000004     empty_min_pem4f.oem4f (.const:xdc_runtime_IHeap_Interface__BASE__C)
                  00009c1c    00000004     empty_min_pem4f.oem4f (.const:xdc_runtime_IModule_Interface__BASE__C)
                  00009c20    00000004     empty_min_pem4f.oem4f (.const:xdc_runtime_Memory_defaultHeapInstance__C)
                  00009c24    00000004     empty_min_pem4f.oem4f (.const:xdc_runtime_Startup_execImpl__C)
                  00009c28    00000004     empty_min_pem4f.oem4f (.const:xdc_runtime_Startup_maxPasses__C)
                  00009c2c    00000004     empty_min_pem4f.oem4f (.const:xdc_runtime_Startup_sfxnRts__C)
                  00009c30    00000004     empty_min_pem4f.oem4f (.const:xdc_runtime_Startup_sfxnTab__C)
                  00009c34    00000004     empty_min_pem4f.oem4f (.const:xdc_runtime_SysMin_bufSize__C)
                  00009c38    00000004     empty_min_pem4f.oem4f (.const:xdc_runtime_SysMin_outputFunc__C)
                  00009c3c    00000004     empty_min_pem4f.oem4f (.const:xdc_runtime_System_Module__gateObj__C)
                  00009c40    00000004     empty_min_pem4f.oem4f (.const:xdc_runtime_System_abortFxn__C)
                  00009c44    00000004     empty_min_pem4f.oem4f (.const:xdc_runtime_System_exitFxn__C)
                  00009c48    00000004     empty_min_pem4f.oem4f (.const:xdc_runtime_System_extendFxn__C)
                  00009c4c    00000004     empty_min_pem4f.oem4f (.const:xdc_runtime_System_maxAtexitHandlers__C)
                  00009c50    00000004     empty_min_pem4f.oem4f (.const:xdc_runtime_Text_charTab__C)
                  00009c54    00000004     empty_min_pem4f.oem4f (.const:xdc_runtime_Text_nodeTab__C)
                  00009c58    00000004     empty_min_pem4f.oem4f (.const:xdc_runtime_Text_visitRopeFxn__C)
                  00009c5c    00000002     empty_min_pem4f.oem4f (.const:ti_sysbios_family_arm_msp432_init_Boot_bypassHFXT__C)
                  00009c5e    00000002     empty_min_pem4f.oem4f (.const:ti_sysbios_family_arm_msp432_init_Boot_bypassLFXT__C)
                  00009c60    00000002     empty_min_pem4f.oem4f (.const:ti_sysbios_family_arm_msp432_init_Boot_enableHFXT__C)
                  00009c62    00000002     empty_min_pem4f.oem4f (.const:ti_sysbios_family_arm_msp432_init_Boot_enableLFXT__C)
                  00009c64    00000002     empty_min_pem4f.oem4f (.const:ti_sysbios_gates_GateMutex_Module__id__C)
                  00009c66    00000002     empty_min_pem4f.oem4f (.const:ti_sysbios_hal_Hwi_Module__id__C)
                  00009c68    00000002     empty_min_pem4f.oem4f (.const:ti_sysbios_heaps_HeapMem_Module__id__C)
                  00009c6a    00000002     empty_min_pem4f.oem4f (.const:ti_sysbios_knl_Clock_Module__id__C)
                  00009c6c    00000002     empty_min_pem4f.oem4f (.const:ti_sysbios_knl_Clock_Module__loggerDefined__C)
                  00009c6e    00000002     empty_min_pem4f.oem4f (.const:ti_sysbios_knl_Semaphore_Module__id__C)
                  00009c70    00000002     empty_min_pem4f.oem4f (.const:ti_sysbios_knl_Semaphore_Module__loggerDefined__C)
                  00009c72    00000002     empty_min_pem4f.oem4f (.const:ti_sysbios_knl_Swi_Module__id__C)
                  00009c74    00000002     empty_min_pem4f.oem4f (.const:ti_sysbios_knl_Swi_Module__loggerDefined__C)
                  00009c76    00000002     empty_min_pem4f.oem4f (.const:ti_sysbios_knl_Task_Module__id__C)
                  00009c78    00000002     empty_min_pem4f.oem4f (.const:ti_sysbios_knl_Task_Module__loggerDefined__C)
                  00009c7a    00000002     empty_min_pem4f.oem4f (.const:xdc_runtime_Core_Module__id__C)
                  00009c7c    00000002     empty_min_pem4f.oem4f (.const:xdc_runtime_Error_Module__loggerDefined__C)
                  00009c7e    00000002     empty_min_pem4f.oem4f (.const:xdc_runtime_Error_maxDepth__C)
                  00009c80    00000002     empty_min_pem4f.oem4f (.const:xdc_runtime_Memory_Module__id__C)
                  00009c82    00000002     empty_min_pem4f.oem4f (.const:xdc_runtime_SysMin_flushAtExit__C)
                  00009c84    00000002     empty_min_pem4f.oem4f (.const:xdc_runtime_Text_isLoaded__C)
                  00009c86    00000002     empty_min_pem4f.oem4f (.const:xdc_runtime_Text_registryModsLastId__C)
                  00009c88    00000002     empty_min_pem4f.oem4f (.const:xdc_runtime_Text_unnamedModsLastId__C)
                  00009c8a    00000001     empty_min_pem4f.oem4f (.const:xdc_runtime_Error_policy__C)

.cinit     0    00009c90    000002f0     
                  00009c90    000002c9     (.cinit..data.load) [load image, compression = lzss]
                  00009f59    00000003     --HOLE-- [fill = 0]
                  00009f5c    0000000c     (__TI_handler_table)
                  00009f68    00000008     (.cinit..bss.load) [load image, compression = zero_init]
                  00009f70    00000010     (__TI_cinit_table)

.init_array 
*          0    00000000    00000000     UNINITIALIZED

.bss       0    20008140    00000fe8     UNINITIALIZED
                  20008140    00000c00     empty_min_pem4f.oem4f (.bss:taskStackSection)
                  20008d40    00000140     (.common:ti_sysbios_family_arm_m3_Hwi_dispatchTable)
                  20008e80    00000120     rtsv7M4_T_le_v4SPD16_eabi.lib : trgmsg.c.obj (.bss:_CIOBUF_)
                  20008fa0    000000a0     (.common:i2cMSP432Objects)
                  20009040    00000080     (.common:xdc_runtime_SysMin_Module_State_0_outbuf__A)
                  200090c0    00000030     drivers_msp432p401x.aem4f : GPIOMSP432.oem4f (.bss:gpioCallbackInfo)
                  200090f0    00000018     (.common:ti_sysbios_knl_Mailbox_Instance_State_0_allocBuf__A)
                  20009108    00000008     msp432p4xx_driverlib.lib : cs.o (.bss)
                  20009110    00000008     (.common:parmbuf)
                  20009118    00000004     drivers_msp432p401x.aem4f : GPIOMSP432.oem4f (.bss)
                  2000911c    00000004     (.common:tlapse_acc)
                  20009120    00000004     (.common:tlapse_gyro)
                  20009124    00000004     (.common:tstart)

.data      0    20009128    00000773     UNINITIALIZED
                  20009128    00000140     drivers_msp432p401x.aem4f : PowerMSP432.oem4f (.data:PowerMSP432_perfLevels)
                  20009268    000000e4     empty_min_pem4f.oem4f (.data:ti_sysbios_knl_Task_Object__table__V)
                  2000934c    00000080     empty_min_pem4f.oem4f (.data:ti_sysbios_knl_Swi_Module_State_0_readyQ__A)
                  200093cc    00000080     empty_min_pem4f.oem4f (.data:ti_sysbios_knl_Task_Module_State_0_readyQ__A)
                  2000944c    00000050     MSP_EXP432P401R.obj (.data:myPerfLevels)
                  2000949c    00000050     empty_min_pem4f.oem4f (.data:ti_sysbios_knl_Mailbox_Object__table__V)
                  200094ec    00000044     empty_min_pem4f.oem4f (.data:ti_sysbios_family_arm_msp432_Timer_Object__table__V)
                  20009530    00000044     empty_min_pem4f.oem4f (.data:ti_sysbios_knl_Task_Module__state__V)
                  20009574    0000003c     MSP_EXP432P401R.obj (.data:gpioPinConfigs)
                  200095b0    00000038     empty_min_pem4f.oem4f (.data:ti_sysbios_gates_GateMutex_Object__table__V)
                  200095e8    00000034     empty_min_pem4f.oem4f (.data:ti_sysbios_family_arm_m3_Hwi_Module__state__V)
                  2000961c    00000030     empty_min_pem4f.oem4f (.data:ti_sysbios_family_arm_m3_Hwi_Object__table__V)
                  2000964c    00000030     empty_min_pem4f.oem4f (.data:ti_sysbios_family_arm_m3_Timer_Object__table__V)
                  2000967c    00000030     empty_min_pem4f.oem4f (.data:ti_sysbios_knl_Swi_Object__table__V)
                  200096ac    0000002c     drivers_msp432p401x.aem4f : PowerMSP432.oem4f (.data:PowerMSP432_module)
                  200096d8    0000002c     empty_min_pem4f.oem4f (.data:ti_sysbios_knl_Clock_Module__state__V)
                  20009704    00000024     empty_min_pem4f.oem4f (.data:ti_sysbios_BIOS_Module__state__V)
                  20009728    00000020     empty_min_pem4f.oem4f (.data:ti_sysbios_family_arm_msp432_Timer_Module_State_0_device__A)
                  20009748    00000020     empty_min_pem4f.oem4f (.data:ti_sysbios_knl_Clock_Object__table__V)
                  20009768    00000020     empty_min_pem4f.oem4f (.data:xdc_runtime_Error_IgnoreBlock)
                  20009788    0000001c     empty_min_pem4f.oem4f (.data:ti_sysbios_knl_Swi_Module__state__V)
                  200097a4    00000018     empty_min_pem4f.oem4f (.data:ti_sysbios_heaps_HeapMem_Object__table__V)
                  200097bc    00000014     empty_min_pem4f.oem4f (.data:ti_sysbios_knl_Semaphore_Object__table__V)
                  200097d0    00000010     MSP_EXP432P401R.obj (.data:gpioCallbackFunctions)
                  200097e0    00000010     empty_min_pem4f.oem4f (.data:ti_sysbios_family_arm_msp432_Timer_Module_State_0_handles__A)
                  200097f0    0000000c     empty_min_pem4f.oem4f (.data:ti_sysbios_family_arm_m3_Timer_Module__state__V)
                  200097fc    0000000c     empty_min_pem4f.oem4f (.data:ti_sysbios_family_arm_msp432_ClockFreqs_Module__state__V)
                  20009808    0000000c     empty_min_pem4f.oem4f (.data:ti_sysbios_family_arm_msp432_Timer_Module__state__V)
                  20009814    0000000c     empty_min_pem4f.oem4f (.data:xdc_runtime_SysMin_Module__state__V)
                  20009820    00000008     rtsv7M4_T_le_v4SPD16_eabi.lib : _lock.c.obj (.data:$O1$$)
                  20009828    00000008     empty_min_pem4f.oem4f (.data:ti_sysbios_family_arm_m3_Hwi_Module__root__V)
                  20009830    00000008     empty_min_pem4f.oem4f (.data:ti_sysbios_gates_GateHwi_Module__root__V)
                  20009838    00000008     empty_min_pem4f.oem4f (.data:ti_sysbios_gates_GateMutex_Module__root__V)
                  20009840    00000008     empty_min_pem4f.oem4f (.data:ti_sysbios_heaps_HeapMem_Module__root__V)
                  20009848    00000008     empty_min_pem4f.oem4f (.data:ti_sysbios_knl_Queue_Module__root__V)
                  20009850    00000008     empty_min_pem4f.oem4f (.data:ti_sysbios_knl_Semaphore_Module__root__V)
                  20009858    00000008     empty_min_pem4f.oem4f (.data:xdc_runtime_Registry_Module__state__V)
                  20009860    00000008     empty_min_pem4f.oem4f (.data:xdc_runtime_Startup_Module__state__V)
                  20009868    00000008     empty_min_pem4f.oem4f (.data:xdc_runtime_System_Module_State_0_atexitHandlers__A)
                  20009870    00000008     empty_min_pem4f.oem4f (.data:xdc_runtime_System_Module__state__V)
                  20009878    00000004     rtsv7M4_T_le_v4SPD16_eabi.lib : stkdepth_vars.c.obj (.data)
                  2000987c    00000004     empty_min_pem4f.oem4f (.data:ti_sysbios_family_arm_m3_Hwi_Module_State_0_excContext__A)
                  20009880    00000004     empty_min_pem4f.oem4f (.data:ti_sysbios_family_arm_m3_Hwi_Module_State_0_excStack__A)
                  20009884    00000004     empty_min_pem4f.oem4f (.data:ti_sysbios_family_arm_m3_TimestampProvider_Module__state__V)
                  20009888    00000004     empty_min_pem4f.oem4f (.data:ti_sysbios_gates_GateHwi_Object__table__V)
                  2000988c    00000004     empty_min_pem4f.oem4f (.data:ti_sysbios_knl_Task_Module_State_0_idleTask__A)
                  20009890    00000004     empty_min_pem4f.oem4f (.data:xdc_runtime_Memory_Module__state__V)
                  20009894    00000002     drivers_msp432p401x.aem4f : GPIOMSP432.oem4f (.data)
                  20009896    00000002     empty_min_pem4f.oem4f (.data:ti_sysbios_family_arm_m3_Hwi_Module_State_0_excActive__A)
                  20009898    00000002     empty_min_pem4f.oem4f (.data:xdc_runtime_Error_Module__state__V)
                  2000989a    00000001     drivers_msp432p401x.aem4f : I2C.oem4f (.data)

.priheap   0    20000140    00008000     UNINITIALIZED
                  20000140    00008000     --HOLE--

.stack     0    2000fc00    00000400     UNINITIALIZED
                  2000fc00    00000400     --HOLE--

.bootVecs 
*          0    00000000    00000008     DSECT
                  00000000    00000008     boot.aem4f : boot.oem4f (.bootVecs)

.resetVecs 
*          0    00000000    0000003c     
                  00000000    0000003c     empty_min_pem4f.oem4f (.resetVecs)

.vecs      0    20000000    00000140     NOLOAD SECTION
                  20000000    00000140     empty_min_pem4f.oem4f (.vecs)

xdc.meta   0    00000000    000000fc     COPY SECTION
                  00000000    000000fc     empty_min_pem4f.oem4f (xdc.meta)

__llvm_prf_cnts 
*          0    20000000    00000000     UNINITIALIZED

.binit     0    00000000    00000000     

MODULE SUMMARY

       Module                       code    ro data   rw data
       ------                       ----    -------   -------
    .\
       main.obj                     1592    28        24     
       MSP_EXP432P401R.obj          16      154       632    
    +--+----------------------------+-------+---------+---------+
       Total:                       1608    182       656    
                                                             
    C:\Users\arnau\workspace_v10\projecte_2_MSP_EXP432P401R_tirtos_ccs\Debug\configPkg\package\cfg\
       empty_min_pem4f.oem4f        2160    7957      10472  
    +--+----------------------------+-------+---------+---------+
       Total:                       2160    7957      10472  
                                                             
    C:/ti/simplelink_msp432p4_sdk_3_40_01_02/kernel/tirtos/packages/ti/dpl/lib/dpl_msp432p401x.aem4f
       SemaphoreP_tirtos.oem4f      146     0         0      
       PowerMSP432_tirtos.oem4f     122     0         0      
       HwiP_tirtos.oem4f            96      0         0      
    +--+----------------------------+-------+---------+---------+
       Total:                       364     0         0      
                                                             
    C:/ti/simplelink_msp432p4_sdk_3_40_01_02/source/ti/devices/msp432p4xx/driverlib/ccs/msp432p4xx_driverlib.lib
       pcm.o                        1770    0         0      
       cs.o                         704     0         16     
       i2c.o                        108     0         0      
       sysctl_a.o                   64      0         0      
       rtc_c.o                      44      0         0      
       wdt_a.o                      36      0         0      
       cpu.o                        28      0         0      
       sysctl.o                     16      0         0      
    +--+----------------------------+-------+---------+---------+
       Total:                       2770    0         16     
                                                             
    C:/ti/simplelink_msp432p4_sdk_3_40_01_02/source/ti/drivers/lib/drivers_msp432p401x.aem4f
       PowerMSP432.oem4f            2176    0         728    
       I2CMSP432.oem4f              2028    36        0      
       GPIOMSP432.oem4f             740     12        108    
       I2C.oem4f                    172     16        2      
       List.oem4f                   76      0         0      
    +--+----------------------------+-------+---------+---------+
       Total:                       5192    64        838    
                                                             
    C:\Users\arnau\workspace_v10\projecte_2_MSP_EXP432P401R_tirtos_ccs\src\sysbios\sysbios.aem4f
       BIOS.obj                     12916   0         0      
       m3_Hwi_asm.obj               318     0         0      
       m3_TaskSupport_asm.obj       180     0         0      
       m3_Hwi_asm_switch.obj        118     0         0      
    +--+----------------------------+-------+---------+---------+
       Total:                       13532   0         0      
                                                             
    C:\ti\ccs1040\ccs\tools\compiler\ti-cgt-arm_20.2.5.LTS\lib\rtsv7M4_T_le_v4SPD16_eabi.lib
       trgmsg.c.obj                 108     0         576    
       fd_add_t2.asm.obj            438     0         0      
       fd_cmp_t2.asm.obj            268     0         0      
       fd_mul_t2.asm.obj            252     0         0      
       memcpy_t2.asm.obj            156     0         0      
       memset_t2.asm.obj            122     0         0      
       copy_decompress_lzss.c.obj   104     0         0      
       hostwrite.c.obj              88      0         0      
       cpy_tbl.c.obj                76      0         0      
       fd_tou_t2.asm.obj            68      0         0      
       u_divt2.asm.obj              64      0         0      
       fs_tod_t2.asm.obj            56      0         0      
       _lock.c.obj                  26      0         16     
       u_tofd_t2.asm.obj            32      0         0      
       args_main.c.obj              24      0         0      
       strlen.c.obj                 20      0         0      
       hostopen.c.obj               0       0         16     
       copy_decompress_none.c.obj   14      0         0      
       copy_zero_init.c.obj         12      0         0      
       stkdepth_vars.c.obj          0       0         8      
[...]
000099a0  ti_sysbios_knl_Queue_Object__PARAMS__C                          
000099b8  xdc_runtime_Startup_sfxnRts__A                                  
000099ce  ti_sysbios_family_arm_m3_Hwi_Module__loggerDefined__C           
000099d0  GPIOMSP432_config                                               
000099e4  I2C_defaultParams                                               
000099f4  ADC_count                                                       
000099f5  ADCBuf_count                                                    
000099f6  Capture_count                                                   
000099f7  Display_count                                                   
000099f8  I2C_count                                                       
000099f9  I2CSlave_count                                                  
000099fa  NVS_count                                                       
000099fb  PWM_count                                                       
000099fc  SDFatFS_count                                                   
000099fd  SD_count                                                        
000099fe  SPI_count                                                       
000099ff  Timer_count                                                     
00009a00  UART_count                                                      
00009a01  Watchdog_count                                                  
00009a02  ti_sysbios_family_arm_m3_Timer_Module__id__C                    
00009a10  xdc_runtime_Startup_firstFxns__A                                
00009a1c  ti_sysbios_family_arm_m3_Hwi_excHookFuncs__A                    
00009a24  ti_sysbios_knl_Idle_funcList__C                                 
00009a2c  xdc_runtime_Startup_firstFxns__C                                
00009a34  xdc_runtime_Startup_lastFxns__C                                 
00009a48  ti_sysbios_family_arm_m3_Hwi_E_NMI__C                           
00009a4c  ti_sysbios_family_arm_m3_Hwi_E_alreadyDefined__C                
00009a50  ti_sysbios_family_arm_m3_Hwi_E_badIntNum__C                     
00009a54  ti_sysbios_family_arm_m3_Hwi_E_busFault__C                      
00009a58  ti_sysbios_family_arm_m3_Hwi_E_debugMon__C                      
00009a5c  ti_sysbios_family_arm_m3_Hwi_E_hardFault__C                     
00009a60  ti_sysbios_family_arm_m3_Hwi_E_memFault__C                      
00009a64  ti_sysbios_family_arm_m3_Hwi_E_noIsr__C                         
00009a68  ti_sysbios_family_arm_m3_Hwi_E_reserved__C                      
00009a6c  ti_sysbios_family_arm_m3_Hwi_E_svCall__C                        
00009a70  ti_sysbios_family_arm_m3_Hwi_E_usageFault__C                    
00009a74  ti_sysbios_family_arm_m3_Hwi_LD_end__C                          
00009a78  ti_sysbios_family_arm_m3_Hwi_LM_begin__C                        
00009a7c  ti_sysbios_family_arm_m3_Hwi_Module__diagsEnabled__C            
00009a80  ti_sysbios_family_arm_m3_Hwi_Module__diagsIncluded__C           
00009a84  ti_sysbios_family_arm_m3_Hwi_Module__diagsMask__C               
00009a88  ti_sysbios_family_arm_m3_Hwi_Module__loggerFxn1__C              
00009a8c  ti_sysbios_family_arm_m3_Hwi_Module__loggerFxn8__C              
00009a90  ti_sysbios_family_arm_m3_Hwi_Module__loggerObj__C               
00009a94  ti_sysbios_family_arm_m3_Hwi_NUM_INTERRUPTS__C                  
00009a98  ti_sysbios_family_arm_m3_Hwi_Object__count__C                   
00009a9c  ti_sysbios_family_arm_m3_Hwi_ccr__C                             
00009aa0  ti_sysbios_family_arm_m3_Hwi_excHandlerFunc__C                  
00009aa4  ti_sysbios_family_arm_m3_Hwi_excHookFuncs__C                    
00009aa8  ti_sysbios_family_arm_m3_Hwi_nullIsrFunc__C                     
00009aac  ti_sysbios_family_arm_m3_Hwi_priGroup__C                        
00009ab0  ti_sysbios_family_arm_m3_Hwi_swiDisable__C                      
00009ab4  ti_sysbios_family_arm_m3_Hwi_swiRestore__C                      
00009ab8  ti_sysbios_family_arm_m3_Timer_E_cannotSupport__C               
00009abc  ti_sysbios_family_arm_m3_Timer_startupNeeded__C                 
00009ac0  ti_sysbios_family_arm_msp432_Timer_numTimerDevices__C           
00009ac4  ti_sysbios_family_arm_msp432_Timer_startupNeeded__C             
00009ac8  ti_sysbios_gates_GateMutex_A_badContext__C                      
00009acc  ti_sysbios_gates_GateMutex_Instance_State_sem__O                
00009ad0  ti_sysbios_gates_GateMutex_Module__diagsEnabled__C              
00009ad4  ti_sysbios_gates_GateMutex_Module__diagsIncluded__C             
00009ad8  ti_sysbios_gates_GateMutex_Module__diagsMask__C                 
00009adc  ti_sysbios_hal_Hwi_E_stackOverflow__C                           
00009ae0  ti_sysbios_heaps_HeapMem_A_align__C                             
00009ae4  ti_sysbios_heaps_HeapMem_A_heapSize__C                          
00009ae8  ti_sysbios_heaps_HeapMem_A_invalidFree__C                       
00009aec  ti_sysbios_heaps_HeapMem_A_zeroBlock__C                         
00009af0  ti_sysbios_heaps_HeapMem_E_memory__C                            
00009af4  ti_sysbios_heaps_HeapMem_Module__diagsEnabled__C                
00009af8  ti_sysbios_heaps_HeapMem_Module__diagsIncluded__C               
00009afc  ti_sysbios_heaps_HeapMem_Module__diagsMask__C                   
00009b00  ti_sysbios_heaps_HeapMem_Module__gateObj__C                     
00009b04  ti_sysbios_heaps_HeapMem_Object__count__C                       
00009b08  ti_sysbios_heaps_HeapMem_primaryHeapBaseAddr__C                 
00009b0c  ti_sysbios_heaps_HeapMem_primaryHeapEndAddr__C                  
00009b10  ti_sysbios_heaps_HeapMem_reqAlign__C                            
00009b14  ti_sysbios_knl_Clock_LM_begin__C                                
00009b18  ti_sysbios_knl_Clock_LM_tick__C                                 
00009b1c  ti_sysbios_knl_Clock_LW_delayed__C                              
00009b20  ti_sysbios_knl_Clock_Module_State_clockQ__O                     
00009b24  ti_sysbios_knl_Clock_Module__diagsEnabled__C                    
00009b28  ti_sysbios_knl_Clock_Module__diagsIncluded__C                   
00009b2c  ti_sysbios_knl_Clock_Module__diagsMask__C                       
00009b30  ti_sysbios_knl_Clock_Module__loggerFxn1__C                      
00009b34  ti_sysbios_knl_Clock_Module__loggerFxn2__C                      
00009b38  ti_sysbios_knl_Clock_Module__loggerObj__C                       
00009b3c  ti_sysbios_knl_Idle_funcList__A                                 
00009b40  ti_sysbios_knl_Mailbox_Instance_State_dataQue__O                
00009b44  ti_sysbios_knl_Mailbox_Instance_State_dataSem__O                
00009b48  ti_sysbios_knl_Mailbox_Instance_State_freeQue__O                
00009b4c  ti_sysbios_knl_Mailbox_Instance_State_freeSem__O                
00009b50  ti_sysbios_knl_Mailbox_Object__count__C                         
00009b54  ti_sysbios_knl_Mailbox_maxTypeAlign__C                          
00009b58  ti_sysbios_knl_Semaphore_A_badContext__C                        
00009b5c  ti_sysbios_knl_Semaphore_A_noEvents__C                          
00009b60  ti_sysbios_knl_Semaphore_A_overflow__C                          
00009b64  ti_sysbios_knl_Semaphore_A_pendTaskDisabled__C                  
00009b68  ti_sysbios_knl_Semaphore_Instance_State_pendQ__O                
00009b6c  ti_sysbios_knl_Semaphore_LM_pend__C                             
00009b70  ti_sysbios_knl_Semaphore_LM_post__C                             
00009b74  ti_sysbios_knl_Semaphore_Module__diagsEnabled__C                
00009b78  ti_sysbios_knl_Semaphore_Module__diagsIncluded__C               
00009b7c  ti_sysbios_knl_Semaphore_Module__diagsMask__C                   
00009b80  ti_sysbios_knl_Semaphore_Module__loggerFxn2__C                  
00009b84  ti_sysbios_knl_Semaphore_Module__loggerFxn4__C                  
00009b88  ti_sysbios_knl_Semaphore_Module__loggerObj__C                   
00009b8c  ti_sysbios_knl_Swi_LD_end__C                                    
00009b90  ti_sysbios_knl_Swi_LM_begin__C                                  
00009b94  ti_sysbios_knl_Swi_LM_post__C                                   
00009b98  ti_sysbios_knl_Swi_Module__diagsEnabled__C                      
00009b9c  ti_sysbios_knl_Swi_Module__diagsIncluded__C                     
00009ba0  ti_sysbios_knl_Swi_Module__diagsMask__C                         
00009ba4  ti_sysbios_knl_Swi_Module__loggerFxn1__C                        
00009ba8  ti_sysbios_knl_Swi_Module__loggerFxn4__C                        
00009bac  ti_sysbios_knl_Swi_Module__loggerObj__C                         
00009bb0  ti_sysbios_knl_Swi_Object__count__C                             
00009bb4  ti_sysbios_knl_Task_E_spOutOfBounds__C                          
00009bb8  ti_sysbios_knl_Task_E_stackOverflow__C                          
00009bbc  ti_sysbios_knl_Task_LD_block__C                                 
00009bc0  ti_sysbios_knl_Task_LD_exit__C                                  
00009bc4  ti_sysbios_knl_Task_LD_ready__C                                 
00009bc8  ti_sysbios_knl_Task_LM_switch__C                                
00009bcc  ti_sysbios_knl_Task_Module_State_inactiveQ__O                   
00009bd0  ti_sysbios_knl_Task_Module__diagsEnabled__C                     
00009bd4  ti_sysbios_knl_Task_Module__diagsIncluded__C                    
00009bd8  ti_sysbios_knl_Task_Module__diagsMask__C                        
00009bdc  ti_sysbios_knl_Task_Module__loggerFxn2__C                       
00009be0  ti_sysbios_knl_Task_Module__loggerFxn4__C                       
00009be4  ti_sysbios_knl_Task_Module__loggerObj__C                        
00009be8  ti_sysbios_knl_Task_Object__count__C                            
00009bec  ti_sysbios_knl_Task_allBlockedFunc__C                           
00009bf0  ti_sysbios_knl_Task_numConstructedTasks__C                      
00009bf4  xdc_runtime_Assert_E_assertFailed__C                            
00009bf8  xdc_runtime_Core_A_initializedParams__C                         
00009bfc  xdc_runtime_Core_Module__diagsEnabled__C                        
00009c00  xdc_runtime_Core_Module__diagsIncluded__C                       
00009c04  xdc_runtime_Core_Module__diagsMask__C                           
00009c08  xdc_runtime_Error_E_memory__C                                   
00009c0c  xdc_runtime_Error_policyFxn__C                                  
00009c10  xdc_runtime_Error_raiseHook__C                                  
00009c14  xdc_runtime_IGateProvider_Interface__BASE__C                    
00009c18  xdc_runtime_IHeap_Interface__BASE__C                            
00009c1c  xdc_runtime_IModule_Interface__BASE__C                          
00009c20  xdc_runtime_Memory_defaultHeapInstance__C                       
00009c24  xdc_runtime_Startup_execImpl__C                                 
00009c28  xdc_runtime_Startup_maxPasses__C                                
00009c2c  xdc_runtime_Startup_sfxnRts__C                                  
00009c30  xdc_runtime_Startup_sfxnTab__C                                  
00009c34  xdc_runtime_SysMin_bufSize__C                                   
00009c38  xdc_runtime_SysMin_outputFunc__C                                
00009c3c  xdc_runtime_System_Module__gateObj__C                           
00009c40  xdc_runtime_System_abortFxn__C                                  
00009c44  xdc_runtime_System_exitFxn__C                                   
00009c48  xdc_runtime_System_extendFxn__C                                 
00009c4c  xdc_runtime_System_maxAtexitHandlers__C                         
00009c50  xdc_runtime_Text_charTab__C                                     
00009c54  xdc_runtime_Text_nodeTab__C                                     
00009c58  xdc_runtime_Text_visitRopeFxn__C                                
00009c5c  ti_sysbios_family_arm_msp432_init_Boot_bypassHFXT__C            
00009c5e  ti_sysbios_family_arm_msp432_init_Boot_bypassLFXT__C            
00009c60  ti_sysbios_family_arm_msp432_init_Boot_enableHFXT__C            
00009c62  ti_sysbios_family_arm_msp432_init_Boot_enableLFXT__C            
00009c64  ti_sysbios_gates_GateMutex_Module__id__C                        
00009c66  ti_sysbios_hal_Hwi_Module__id__C                                
00009c68  ti_sysbios_heaps_HeapMem_Module__id__C                          
00009c6a  ti_sysbios_knl_Clock_Module__id__C                              
00009c6c  ti_sysbios_knl_Clock_Module__loggerDefined__C                   
00009c6e  ti_sysbios_knl_Semaphore_Module__id__C                          
00009c70  ti_sysbios_knl_Semaphore_Module__loggerDefined__C               
00009c72  ti_sysbios_knl_Swi_Module__id__C                                
00009c74  ti_sysbios_knl_Swi_Module__loggerDefined__C                     
00009c76  ti_sysbios_knl_Task_Module__id__C                               
00009c78  ti_sysbios_knl_Task_Module__loggerDefined__C                    
00009c7a  xdc_runtime_Core_Module__id__C                                  
00009c7c  xdc_runtime_Error_Module__loggerDefined__C                      
00009c7e  xdc_runtime_Error_maxDepth__C                                   
00009c80  xdc_runtime_Memory_Module__id__C                                
00009c82  xdc_runtime_SysMin_flushAtExit__C                               
00009c84  xdc_runtime_Text_isLoaded__C                                    
00009c86  xdc_runtime_Text_registryModsLastId__C                          
00009c88  xdc_runtime_Text_unnamedModsLastId__C                           
00009c8a  xdc_runtime_Error_policy__C                                     
00009c90  __TI_static_base__                                              
00009f5c  __TI_Handler_Table_Base                                         
00009f68  __TI_Handler_Table_Limit                                        
00009f70  __TI_CINIT_Base                                                 
00009f80  __TI_CINIT_Limit                                                
20000000  __start___llvm_prf_cnts                                         
20000000  __stop___llvm_prf_cnts                                          
20000000  ti_sysbios_family_arm_m3_Hwi_ramVectors                         
20000140  __primary_heap_start__                                          
20008140  __primary_heap_end__                                            
20008140  ti_sysbios_knl_Task_Instance_State_0_stack__A                   
20008540  ti_sysbios_knl_Task_Instance_State_1_stack__A                   
20008940  ti_sysbios_knl_Task_Instance_State_2_stack__A                   
20008d40  ti_sysbios_family_arm_m3_Hwi_dispatchTable                      
20008e80  __CIOBUF_                                                       
20008fa0  i2cMSP432Objects                                                
20009040  xdc_runtime_SysMin_Module_State_0_outbuf__A                     
200090f0  ti_sysbios_knl_Mailbox_Instance_State_0_allocBuf__A             
20009110  parmbuf                                                         
2000911c  tlapse_acc                                                      
20009120  tlapse_gyro                                                     
20009124  tstart                                                          
20009128  PowerMSP432_perfLevels                                          
20009268  ti_sysbios_knl_Task_Object__table__V                            
2000934c  ti_sysbios_knl_Swi_Module_State_0_readyQ__A                     
200093cc  ti_sysbios_knl_Task_Module_State_0_readyQ__A                    
2000944c  myPerfLevels                                                    
2000949c  ti_sysbios_knl_Mailbox_Object__table__V                         
200094ec  ti_sysbios_family_arm_msp432_Timer_Object__table__V             
20009530  ti_sysbios_knl_Task_Module__state__V                            
20009574  gpioPinConfigs                                                  
200095b0  ti_sysbios_gates_GateMutex_Object__table__V                     
200095e8  ti_sysbios_family_arm_m3_Hwi_Module__state__V                   
2000961c  ti_sysbios_family_arm_m3_Hwi_Object__table__V                   
2000964c  ti_sysbios_family_arm_m3_Timer_Object__table__V                 
2000967c  ti_sysbios_knl_Swi_Object__table__V                             
200096ac  PowerMSP432_module                                              
200096d8  ti_sysbios_knl_Clock_Module__state__V                           
20009704  ti_sysbios_BIOS_Module__state__V                                
20009728  ti_sysbios_family_arm_msp432_Timer_Module_State_0_device__A     
20009748  ti_sysbios_knl_Clock_Object__table__V                           
20009768  xdc_runtime_Error_IgnoreBlock                                   
20009788  ti_sysbios_knl_Swi_Module__state__V                             
200097a4  ti_sysbios_heaps_HeapMem_Object__table__V                       
200097bc  ti_sysbios_knl_Semaphore_Object__table__V                       
200097d0  gpioCallbackFunctions                                           
200097e0  ti_sysbios_family_arm_msp432_Timer_Module_State_0_handles__A    
200097f0  ti_sysbios_family_arm_m3_Timer_Module__state__V                 
200097fc  ti_sysbios_family_arm_msp432_ClockFreqs_Module__state__V        
20009808  ti_sysbios_family_arm_msp432_Timer_Module__state__V             
20009814  xdc_runtime_SysMin_Module__state__V                             
20009820  _lock                                                           
20009824  _unlock                                                         
20009828  ti_sysbios_family_arm_m3_Hwi_Module__root__V                    
20009830  ti_sysbios_gates_GateHwi_Module__root__V                        
20009838  ti_sysbios_gates_GateMutex_Module__root__V                      
20009840  ti_sysbios_heaps_HeapMem_Module__root__V                        
20009848  ti_sysbios_knl_Queue_Module__root__V                            
20009850  ti_sysbios_knl_Semaphore_Module__root__V                        
20009858  xdc_runtime_Registry_Module__state__V                           
20009860  xdc_runtime_Startup_Module__state__V                            
20009868  xdc_runtime_System_Module_State_0_atexitHandlers__A             
20009870  xdc_runtime_System_Module__state__V                             
20009878  main_func_sp                                                    
2000987c  ti_sysbios_family_arm_m3_Hwi_Module_State_0_excContext__A       
20009880  ti_sysbios_family_arm_m3_Hwi_Module_State_0_excStack__A         
20009884  ti_sysbios_family_arm_m3_TimestampProvider_Module__state__V     
20009888  ti_sysbios_gates_GateHwi_Object__table__V                       
2000988c  ti_sysbios_knl_Task_Module_State_0_idleTask__A                  
20009890  xdc_runtime_Memory_Module__state__V                             
20009896  ti_sysbios_family_arm_m3_Hwi_Module_State_0_excActive__A        
20009898  xdc_runtime_Error_Module__state__V                              
2000fc00  __stack                                                         
20010000  __STACK_END                                                     
4000480c  WDTCTL_SYM                                                      
e000e000  ti_sysbios_family_arm_m3_Hwi_nvic                               
ffffffff  __TI_pprof_out_hndl                                             
ffffffff  __TI_prof_data_size                                             
ffffffff  __TI_prof_data_start                                            
ffffffff  __binit__                                                       
ffffffff  __c_args__                                                      
ffffffff  binit                                                           
UNDEFED   SHT$$INIT_ARRAY$$Base                                           
UNDEFED   SHT$$INIT_ARRAY$$Limit                                          

[701 symbols]
