******************************************************************************
                  TI ARM Linker PC v20.2.5                     
******************************************************************************
>> Linked Mon Nov  1 14:18:11 2021

OUTPUT FILE NAME:   <task_tempSensor_uC_MSP_EXP432P401R_tirtos_ccs6.out>
ENTRY POINT SYMBOL: "_c_int00"  address: 00005481


MEMORY CONFIGURATION

         name            origin    length      used     unused   attr    fill
----------------------  --------  ---------  --------  --------  ----  --------
  MAIN                  00000000   00040000  00009496  00036b6a  R  X
  INFO                  00200000   00004000  00000000  00004000  R  X
  SRAM_CODE             01000000   00010000  0000932f  00006cd1  RW X
  SRAM_DATA             20000000   00010000  0000932f  00006cd1  RW  


SEGMENT ALLOCATION MAP

run origin  load origin   length   init length attrs members
----------  ----------- ---------- ----------- ----- -------
00000000    00000000    000094a0   000094a0    r-x
  00000000    00000000    0000003c   0000003c    r-- .resetVecs
  00000040    00000040    000072a2   000072a2    r-x .text
  000072e4    000072e4    00001f10   00001f10    r-- .const
  000091f8    000091f8    000002a8   000002a8    r-- .cinit
20000140    20000140    00008000   00000000    r--
  20000140    20000140    00008000   00000000    r-- .priheap
20008140    20008140    00000def   00000000    rw-
  20008140    20008140    00000738   00000000    rw- .bss
  20008878    20008878    000006b7   00000000    rw- .data
2000fc00    2000fc00    00000400   00000000    rw-
  2000fc00    2000fc00    00000400   00000000    rw- .stack


SECTION ALLOCATION MAP

 output                                  attributes/
section   page    origin      length       input sections
--------  ----  ----------  ----------   ----------------
.text      0    00000040    000072a2     
                  00000040    00000430     sysbios.aem4f : BIOS.obj (.text:ti_sysbios_family_arm_m3_Hwi_excDumpRegs__I)
                  00000470    00000340     ti.targets.arm.rtsarm.aem4f : System.oem4f (.text:xdc_runtime_System_doPrint__I)
                  000007b0    000002fc     sysbios.aem4f : BIOS.obj (.text:ti_sysbios_knl_Semaphore_pend__E)
                  00000aac    000002f8     drivers_msp432p401x.aem4f : PowerMSP432.oem4f (.text:Power_sleep)
                  00000da4    0000028a     msp432p4xx_driverlib.lib : pcm.o (.text:__PCM_setPowerStateAdvanced)
                  0000102e    00000002     dpl_msp432p401x.aem4f : PowerMSP432_tirtos.oem4f (.text:PowerMSP432_initPolicy)
                  00001030    00000288     drivers_msp432p401x.aem4f : PowerMSP432.oem4f (.text:initPerfControl)
                  000012b8    0000023c     sysbios.aem4f : BIOS.obj (.text:ti_sysbios_heaps_HeapMem_freeUnprotected__E)
                  000014f4    00000004     msp432p4xx_driverlib.lib : cpu.o (.text:CPU_wfi)
                  000014f8    00000200     sysbios.aem4f : BIOS.obj (.text:ti_sysbios_heaps_HeapMem_allocUnprotected__E)
                  000016f8    000001f8     empty_min_pem4f.oem4f (.text:xdc_runtime_System_printfExtend__I)
                  000018f0    000001f4     sysbios.aem4f : BIOS.obj (.text:ti_sysbios_family_arm_m3_Hwi_excHandlerMax__I)
                  00001ae4    000001b6     rtsv7M4_T_le_v4SPD16_eabi.lib : fd_add_t2.asm.obj (.text)
                  00001c9a    00000006     drivers_msp432p401x.aem4f : ADCMSP432.oem4f (.text:ADCMSP432_control)
                  00001ca0    00000174     sysbios.aem4f : BIOS.obj (.text:ti_sysbios_family_arm_m3_Hwi_excBusFault__I)
                  00001e14    00000170     drivers_msp432p401x.aem4f : GPIOMSP432.oem4f (.text:GPIO_setConfig)
                  00001f84    00000004     dpl_msp432p401x.aem4f : HwiP_tirtos.oem4f (.text:HwiP_disable)
                  00001f88    00000164     sysbios.aem4f : BIOS.obj (.text:ti_sysbios_family_arm_m3_Hwi_excUsageFault__I)
                  000020ec    00000160     msp432p4xx_driverlib.lib : adc14.o (.text:_getIndexForMemRegister)
                  0000224c    0000015c                              : pcm.o (.text:__PCM_setPowerModeAdvanced)
                  000023a8    0000014c     main.obj (.text:processTaskFxn)
                  000024f4    00000004     dpl_msp432p401x.aem4f : SemaphoreP_tirtos.oem4f (.text:SemaphoreP_post)
                  000024f8    00000148     sysbios.aem4f : BIOS.obj (.text:ti_sysbios_family_arm_m3_Hwi_excMemFault__I)
                  00002640    00000144                   : BIOS.obj (.text:ti_sysbios_knl_Clock_workFunc__E)
                  00002784    00000004     rtsv7M4_T_le_v4SPD16_eabi.lib : exit.c.obj (.text:abort:abort)
                  00002788    00000140     sysbios.aem4f : BIOS.obj (.text:ti_sysbios_family_arm_m3_Hwi_dispatchC__I)
                  000028c8    0000013c                   : BIOS.obj (.text:ti_sysbios_heaps_HeapMem_Instance_init__E)
                  00002a04    00000004     empty_min_pem4f.oem4f (.text:ti_sysbios_BIOS_RtsGateProxy_enter__E)
                  00002a08    0000013c     sysbios.aem4f : BIOS.obj (.text:ti_sysbios_knl_Semaphore_post__E)
                  00002b44    00000136     rtsv7M4_T_le_v4SPD16_eabi.lib : fd_div_t2.asm.obj (.text)
                  00002c7a    00000006     ti.targets.arm.rtsarm.aem4f : System.oem4f (.text:xdc_runtime_System_Module_startup__E)
                  00002c80    00000120     sysbios.aem4f : BIOS.obj (.text:ti_sysbios_knl_Swi_run__I)
                  00002da0    00000108     msp432p4xx_driverlib.lib : pcm.o (.text:__PCM_setCoreVoltageLevelAdvanced)
                  00002ea8    000000fc     drivers_msp432p401x.aem4f : ADCMSP432.oem4f (.text:ADCMSP432_convert)
                  00002fa4    000000fc     rtsv7M4_T_le_v4SPD16_eabi.lib : fd_mul_t2.asm.obj (.text)
                  000030a0    000000fc     ti.targets.arm.rtsarm.aem4f : Startup.oem4f (.text:xdc_runtime_Startup_startMods__I)
                  0000319c    00000004     empty_min_pem4f.oem4f (.text:ti_sysbios_BIOS_RtsGateProxy_leave__E)
                  000031a0    000000f8     sysbios.aem4f : BIOS.obj (.text:ti_sysbios_family_arm_msp432_init_Boot_configureClocksHigh)
                  00003298    000000f0                   : m3_Hwi_asm.obj (.text:ti_sysbios_family_arm_m3_Hwi_dispatch__I)
                  00003388    000000e8     ti.targets.arm.rtsarm.aem4f : Core-mem.oem4f (.text:xdc_runtime_Core_createObject__I)
                  00003470    000000e8                                 : Error.oem4f (.text:xdc_runtime_Error_policyDefault__E)
                  00003558    000000e4     msp432p4xx_driverlib.lib : cs.o (.text:CS_startHFXTWithTimeout)
                  0000363c    000000e0                              : cs.o (.text:CS_startLFXTWithTimeout)
                  0000371c    000000dc                              : cs.o (.text:_CSGetHFXTFrequency)
                  000037f8    000000d0     sysbios.aem4f : BIOS.obj (.text:ti_sysbios_knl_Task_schedule__I)
                  000038c8    000000cc     ti.targets.arm.rtsarm.aem4f : Core-smem.oem4f (.text:xdc_runtime_Core_constructObject__I)
                  00003994    00000004     empty_min_pem4f.oem4f (.text:ti_sysbios_family_arm_m3_TaskSupport_Module__startupDone__S)
                  00003998    000000bc     sysbios.aem4f : BIOS.obj (.text:ti_sysbios_family_arm_m3_Hwi_excDebugMon__I)
                  00003a54    00000004     empty_min_pem4f.oem4f (.text:ti_sysbios_heaps_HeapMem_Module_GateProxy_enter__E)
                  00003a58    000000bc     sysbios.aem4f : BIOS.obj (.text:ti_sysbios_family_arm_m3_Hwi_excHardFault__I)
                  00003b14    00000004     empty_min_pem4f.oem4f (.text:ti_sysbios_heaps_HeapMem_Module_GateProxy_leave__E)
                  00003b18    000000bc     sysbios.aem4f : BIOS.obj (.text:ti_sysbios_knl_Task_startCore__E)
                  00003bd4    000000b4     msp432p4xx_driverlib.lib : adc14.o (.text:ADC14_configureConversionMemory)
                  00003c88    000000b4     sysbios.aem4f : BIOS.obj (.text:ti_sysbios_gates_GateMutex_enter__E)
                  00003d3c    00000004     empty_min_pem4f.oem4f (.text:ti_sysbios_knl_Clock_TimerProxy_getMaxTicks__E)
                  00003d40    000000b4     sysbios.aem4f : BIOS.obj (.text:ti_sysbios_knl_Task_checkStacks__E)
                  00003df4    000000ac     drivers_msp432p401x.aem4f : GPIOMSP432.oem4f (.text:GPIO_init)
                  00003ea0    000000ac     sysbios.aem4f : BIOS.obj (.text:ti_sysbios_family_arm_m3_Hwi_Instance_init__E)
                  00003f4c    00000004     empty_min_pem4f.oem4f (.text:ti_sysbios_knl_Semaphore_delete)
                  00003f50    000000ac     sysbios.aem4f : BIOS.obj (.text:ti_sysbios_knl_Swi_post__E)
                  00003ffc    00000004     ti.targets.arm.rtsarm.aem4f : Error.oem4f (.text:xdc_runtime_Error_getSite__E)
                  00004000    000000a8     sysbios.aem4f : BIOS.obj (.text:ti_sysbios_family_arm_msp432_Timer_periodicStub__E)
                  000040a8    000000a8                   : BIOS.obj (.text:ti_sysbios_knl_Task_blockI__E)
                  00004150    000000a2     ti.targets.arm.rtsarm.aem4f : Text.oem4f (.text:xdc_runtime_Text_putSite__E)
                  000041f2    00000002     rtsv7M4_T_le_v4SPD16_eabi.lib : _lock.c.obj (.text:_nop)
                  000041f4    000000a0     auto_init.aem4f : auto_init.oem4f (.text)
                  00004294    0000009c     drivers_msp432p401x.aem4f : PowerMSP432.oem4f (.text:Power_init)
                  00004330    0000009c     rtsv7M4_T_le_v4SPD16_eabi.lib : memcpy_t2.asm.obj (.text)
                  000043cc    00000004     empty_min_pem4f.oem4f (.text:xdc_runtime_System_Module_GateProxy_enter__E)
                  000043d0    0000009c     sysbios.aem4f : BIOS.obj (.text:ti_sysbios_knl_Semaphore_Instance_init__E)
                  0000446c    00000004     empty_min_pem4f.oem4f (.text:xdc_runtime_System_Module_GateProxy_leave__E)
                  00004470    0000009c     sysbios.aem4f : BIOS.obj (.text:ti_sysbios_knl_Task_postInit__I)
                  0000450c    00000004     ti.targets.arm.rtsarm.aem4f : System.oem4f (.text:xdc_runtime_System_aprintf_va__F)
                  00004510    00000098     sysbios.aem4f : BIOS.obj (.text:ti_sysbios_knl_Task_exit__E)
                  000045a8    00000094                   : BIOS.obj (.text:ti_sysbios_family_arm_m3_Hwi_initNVIC__E)
                  0000463c    00000004     ti.targets.arm.rtsarm.aem4f : System.oem4f (.text:xdc_runtime_System_printf_va__F)
                  00004640    00000094     sysbios.aem4f : BIOS.obj (.text:ti_sysbios_knl_Task_unblockI__E)
                  000046d4    00000090     main.obj (.text:main)
                  00004764    0000008c     drivers_msp432p401x.aem4f : ADCMSP432.oem4f (.text:ADCMSP432_open)
                  000047f0    0000008c     sysbios.aem4f : m3_TaskSupport_asm.obj (.text:ti_sysbios_family_arm_m3_TaskSupport_buildTaskStack)
                  0000487c    00000002     rtsv7M4_T_le_v4SPD16_eabi.lib : div0.asm.obj (.text)
                  0000487e    00000002     empty_min_pem4f.oem4f (.text:ti_sysbios_BIOS_nullFunc__I)
                  00004880    00000088     sysbios.aem4f : BIOS.obj (.text:ti_sysbios_family_arm_msp432_Timer_Module_startup__E)
                  00004908    00000086     rtsv7M4_T_le_v4SPD16_eabi.lib : fd_cmp_t2.asm.obj (.text:__aeabi_cdcmple)
                  0000498e    00000086                                   : fd_cmp_t2.asm.obj (.text:__aeabi_cdrcmple)
                  00004a14    00000084     msp432p4xx_driverlib.lib : pcm.o (.text:PCM_gotoLPM3)
                  00004a98    00000084     drivers_msp432p401x.aem4f : PowerMSP432.oem4f (.text:restartHFXT)
                  00004b1c    00000004     --HOLE-- [fill = 0]
                  00004b20    00000084     sysbios.aem4f : BIOS.obj (.text:ti_sysbios_family_arm_m3_Hwi_postInit__I)
                  00004ba4    0000007a     rtsv7M4_T_le_v4SPD16_eabi.lib : memset_t2.asm.obj (.text)
                  00004c1e    00000002     --HOLE-- [fill = 0]
                  00004c20    00000078     sysbios.aem4f : BIOS.obj (.text:ti_sysbios_heaps_HeapMem_initPrimary__I)
                  00004c98    00000074     ti.targets.arm.rtsarm.aem4f : Error.oem4f (.text:xdc_runtime_Error_print__E)
                  00004d0c    00000074                                 : Text.oem4f (.text:xdc_runtime_Text_putMod__E)
                  00004d80    00000070                                 : Memory.oem4f (.text:xdc_runtime_Memory_alloc__E)
                  00004df0    0000006e     rtsv7M4_T_le_v4SPD16_eabi.lib : fd_tos_t2.asm.obj (.text)
                  00004e5e    00000002     --HOLE-- [fill = 0]
                  00004e60    0000006d     ti.targets.arm.rtsarm.aem4f : System.oem4f (.text:xdc_runtime_System_formatNum__I)
                  00004ecd    00000003     --HOLE-- [fill = 0]
                  00004ed0    0000006c     sysbios.aem4f : BIOS.obj (.text:ti_sysbios_knl_Swi_restoreHwi__E)
                  00004f3c    00000068     drivers_msp432p401x.aem4f : GPIOMSP432.oem4f (.text:GPIO_hwiIntFxn)
                  00004fa4    00000068     rtsv7M4_T_le_v4SPD16_eabi.lib : copy_decompress_lzss.c.obj (.text:decompress:lzss:__TI_decompress_lzss)
                  0000500c    00000066     ti.targets.arm.rtsarm.aem4f : Core-mem.oem4f (.text:xdc_runtime_Core_deleteObject__I)
                  00005072    00000006     --HOLE-- [fill = 0]
                  00005078    00000064     sysbios.aem4f : BIOS.obj (.text:ti_sysbios_knl_Clock_logTick__E)
                  000050dc    00000060     drivers_msp432p401x.aem4f : ADCMSP432.oem4f (.text:ADCMSP432_convertToMicroVolts)
                  0000513c    00000060                               : GPIOMSP432.oem4f (.text:GPIO_setCallback)
                  0000519c    0000005f     ti.targets.arm.rtsarm.aem4f : Text.oem4f (.text:xdc_runtime_Text_putLab__E)
                  000051fb    00000001     --HOLE-- [fill = 0]
                  000051fc    0000005e     msp432p4xx_driverlib.lib : pcm.o (.text:PCM_getCoreVoltageLevel)
                  0000525a    00000006     --HOLE-- [fill = 0]
                  00005260    0000005c     sysbios.aem4f : BIOS.obj (.text:ti_sysbios_knl_Swi_schedule__I)
                  000052bc    00000004     --HOLE-- [fill = 0]
                  000052c0    0000005c                   : BIOS.obj (.text:ti_sysbios_knl_Task_Module_startup__E)
                  0000531c    0000005a     msp432p4xx_driverlib.lib : pcm.o (.text:PCM_getPowerMode)
                  00005376    0000005a     drivers_msp432p401x.aem4f : ADCMSP432.oem4f (.text:initHw)
                  000053d0    00000058                               : GPIOMSP432.oem4f (.text:GPIO_write)
                  00005428    00000058     rtsv7M4_T_le_v4SPD16_eabi.lib : hostwrite.c.obj (.text:HOSTwrite)
                  00005480    00000058     boot.aem4f : boot.oem4f (.text)
                  000054d8    00000058     sysbios.aem4f : m3_Hwi_asm_switch.obj (.text:ti_sysbios_family_arm_m3_Hwi_initStacks__E)
                  00005530    00000058                   : BIOS.obj (.text:ti_sysbios_heaps_HeapMem_alloc__E)
                  00005588    00000054     msp432p4xx_driverlib.lib : pcm.o (.text:PCM_shutdownDevice)
                  000055dc    00000054     main.obj (.text:sendDataIdleFxn)
                  00005630    00000054     empty_min_pem4f.oem4f (.text:ti_sysbios_family_arm_m3_Hwi_create)
                  00005684    00000004     --HOLE-- [fill = 0]
                  00005688    00000054     sysbios.aem4f : BIOS.obj (.text:ti_sysbios_family_arm_msp432_Timer_initDevice__I)
                  000056dc    00000050     main.obj (.text:initTempSensor)
                  0000572c    00000004     --HOLE-- [fill = 0]
                  00005730    00000050     sysbios.aem4f : BIOS.obj (.text:ti_sysbios_family_arm_m3_Hwi_Module_startup__E)
                  00005780    00000050     ti.targets.arm.rtsarm.aem4f : Startup.oem4f (.text:xdc_runtime_Startup_exec__E)
                  000057d0    00000050                                 : Text.oem4f (.text:xdc_runtime_Text_visitRope2__I)
                  00005820    0000004c     dpl_msp432p401x.aem4f : PowerMSP432_tirtos.oem4f (.text:PowerMSP432_sleepPolicy)
                  0000586c    0000004c     rtsv7M4_T_le_v4SPD16_eabi.lib : cpy_tbl.c.obj (.text:copy_in)
                  000058b8    0000004c     main.obj (.text:switchHwi0ISR)
                  00005904    00000004     --HOLE-- [fill = 0]
                  00005908    0000004c     sysbios.aem4f : BIOS.obj (.text:ti_sysbios_family_arm_msp432_Timer_start__E)
                  00005954    00000004     --HOLE-- [fill = 0]
                  00005958    0000004c                   : BIOS.obj (.text:ti_sysbios_heaps_HeapMem_getStats__E)
                  000059a4    00000004     --HOLE-- [fill = 0]
                  000059a8    0000004c                   : BIOS.obj (.text:ti_sysbios_knl_Swi_runLoop__I)
                  000059f4    00000004     --HOLE-- [fill = 0]
                  000059f8    0000004c                   : BIOS.obj (.text:ti_sysbios_knl_Task_allBlockedFunction__I)
                  00005a44    0000004c     ti.targets.arm.rtsarm.aem4f : Assert.oem4f (.text:xdc_runtime_Assert_raise__I)
                  00005a90    00000048     drivers_msp432p401x.aem4f : PowerMSP432.oem4f (.text:Power_releaseConstraint)
                  00005ad8    00000048     sysbios.aem4f : BIOS.obj (.text:ti_sysbios_family_arm_m3_Hwi_disableInterrupt__E)
                  00005b20    00000048                   : BIOS.obj (.text:ti_sysbios_family_arm_m3_Hwi_enableInterrupt__E)
                  00005b68    00000048                   : BIOS.obj (.text:ti_sysbios_family_arm_m3_Hwi_excReserved__I)
                  00005bb0    00000048     ti.targets.arm.rtsarm.aem4f : Core-params.oem4f (.text:xdc_runtime_Core_assignParams__I)
                  00005bf8    00000044     drivers_msp432p401x.aem4f : ADC.oem4f (.text:ADC_init)
                  00005c3c    00000044     rtsv7M4_T_le_v4SPD16_eabi.lib : fd_tou_t2.asm.obj (.text)
                  00005c80    00000044     sysbios.aem4f : BIOS.obj (.text:ti_sysbios_family_arm_m3_Hwi_getStackInfo__E)
                  00005cc4    00000044     ti.targets.arm.rtsarm.aem4f : Error.oem4f (.text:xdc_runtime_Error_setX__E)
                  00005d08    00000044                                 : SysMin.oem4f (.text:xdc_runtime_SysMin_flush__E)
                  00005d4c    00000044                                 : Text.oem4f (.text:xdc_runtime_Text_xprintf__I)
                  00005d90    00000040     drivers_msp432p401x.aem4f : ADCMSP432.oem4f (.text:ADCMSP432_close)
                  00005dd0    00000040                               : ADC.oem4f (.text:ADC_open)
                  00005e10    00000040     dpl_msp432p401x.aem4f : HwiP_tirtos.oem4f (.text:HwiP_create)
                  00005e50    00000040     rtsv7M4_T_le_v4SPD16_eabi.lib : u_divt2.asm.obj (.text)
                  00005e90    00000040     sysbios.aem4f : BIOS.obj (.text:ti_sysbios_family_arm_msp432_Timer_startup__E)
                  00005ed0    0000003c                   : BIOS.obj (.text:ti_sysbios_family_arm_m3_Hwi_Instance_finalize__E)
                  00005f0c    00000004     --HOLE-- [fill = 0]
                  00005f10    0000003c                   : BIOS.obj (.text:ti_sysbios_family_arm_m3_Hwi_excSvCall__I)
                  00005f4c    00000004     --HOLE-- [fill = 0]
                  00005f50    0000003c                   : BIOS.obj (.text:ti_sysbios_knl_Swi_restore__E)
                  00005f8c    00000038     drivers_msp432p401x.aem4f : GPIOMSP432.oem4f (.text:GPIO_toggle)
                  00005fc4    00000038                               : PowerMSP432.oem4f (.text:Power_setConstraint)
                  00005ffc    00000038     rtsv7M4_T_le_v4SPD16_eabi.lib : trgmsg.c.obj (.text:__TI_writemsg)
                  00006034    00000038     drivers_msp432p401x.aem4f : PowerMSP432.oem4f (.text:notify)
                  0000606c    00000038     rtsv7M4_T_le_v4SPD16_eabi.lib : fs_tod_t2.asm.obj (.text)
                  000060a4    00000004     --HOLE-- [fill = 0]
                  000060a8    00000038     sysbios.aem4f : BIOS.obj (.text:ti_sysbios_family_arm_m3_Hwi_excNoIsr__I)
                  000060e0    00000038                   : BIOS.obj (.text:ti_sysbios_knl_Task_processVitalTaskFlag__I)
                  00006118    00000038     ti.targets.arm.rtsarm.aem4f : System.oem4f (.text:xdc_runtime_System_atexit__E)
                  00006150    00000034     drivers_msp432p401x.aem4f : GPIOMSP432.oem4f (.text:GPIO_clearInt)
                  00006184    00000034                               : GPIOMSP432.oem4f (.text:GPIO_enableInt)
                  000061b8    00000034     rtsv7M4_T_le_v4SPD16_eabi.lib : trgmsg.c.obj (.text:__TI_readmsg)
                  000061ec    00000004     --HOLE-- [fill = 0]
                  000061f0    00000034     sysbios.aem4f : BIOS.obj (.text:ti_sysbios_family_arm_m3_Hwi_excNmi__I)
                  00006224    00000004     --HOLE-- [fill = 0]
                  00006228    00000034                   : BIOS.obj (.text:ti_sysbios_hal_Hwi_checkStack)
                  0000625c    00000034     empty_min_pem4f.oem4f (.text:ti_sysbios_knl_Semaphore_create)
                  00006290    00000034     empty_min_pem4f.oem4f (.text:xdc_runtime_Error_policyLog__I)
                  000062c4    00000034     ti.targets.arm.rtsarm.aem4f : SysMin.oem4f (.text:xdc_runtime_SysMin_abort__E)
                  000062f8    00000034                                 : SysMin.oem4f (.text:xdc_runtime_SysMin_putch__E)
                  0000632c    00000004     --HOLE-- [fill = 0]
                  00006330    00000032     sysbios.aem4f : BIOS.obj (.text:ti_sysbios_hal_Hwi_initStack)
                  00006362    00000006     --HOLE-- [fill = 0]
                  00006368    00000032                   : BIOS.obj (.text:ti_sysbios_knl_Semaphore_pendTimeout__I)
                  0000639a    00000002     --HOLE-- [fill = 0]
                  0000639c    00000030     drivers_msp432p401x.aem4f : ADCMSP432.oem4f (.text:ADCMSP432_init)
                  000063cc    00000030     empty_min_pem4f.oem4f (.text:ti_sysbios_BIOS_atExitFunc__I)
                  000063fc    00000030     empty_min_pem4f.oem4f (.text:ti_sysbios_BIOS_startFunc__I)
                  0000642c    00000004     --HOLE-- [fill = 0]
                  00006430    00000030     sysbios.aem4f : BIOS.obj (.text:ti_sysbios_family_arm_m3_TaskSupport_start__E)
                  00006460    00000030     empty_min_pem4f.oem4f (.text:ti_sysbios_gates_GateHwi_Object__create__S)
                  00006490    00000030     empty_min_pem4f.oem4f (.text:ti_sysbios_gates_GateMutex_Object__create__S)
                  000064c0    00000030     empty_min_pem4f.oem4f (.text:ti_sysbios_heaps_HeapMem_Object__create__S)
                  000064f0    00000030     sysbios.aem4f : BIOS.obj (.text:ti_sysbios_heaps_HeapMem_free__E)
                  00006520    00000030     empty_min_pem4f.oem4f (.text:ti_sysbios_knl_Semaphore_construct)
                  00006550    00000030     sysbios.aem4f : BIOS.obj (.text:ti_sysbios_knl_Task_restore__E)
                  00006580    00000030     ti.targets.arm.rtsarm.aem4f : System.oem4f (.text:xdc_runtime_System_processAtExit__E)
                  000065b0    0000002f                                 : Text.oem4f (.text:xdc_runtime_Text_printVisFxn__I)
                  000065df    00000001     --HOLE-- [fill = 0]
                  000065e0    0000002c     dpl_msp432p401x.aem4f : PowerMSP432_tirtos.oem4f (.text:PowerMSP432_updateFreqs)
                  0000660c    0000002c     msp432p4xx_driverlib.lib : rtc_c.o (.text:RTC_C_holdClock)
                  00006638    0000002c     dpl_msp432p401x.aem4f : SemaphoreP_tirtos.oem4f (.text:SemaphoreP_createBinary)
                  00006664    0000002c     empty_min_pem4f.oem4f (.text:ti_sysbios_family_arm_m3_Hwi_Handle__label__S)
                  00006690    0000002c     empty_min_pem4f.oem4f (.text:ti_sysbios_gates_GateHwi_Handle__label__S)
                  000066bc    0000002c     empty_min_pem4f.oem4f (.text:ti_sysbios_gates_GateMutex_Handle__label__S)
                  000066e8    0000002c     empty_min_pem4f.oem4f (.text:ti_sysbios_heaps_HeapMem_Handle__label__S)
                  00006714    0000002c     empty_min_pem4f.oem4f (.text:ti_sysbios_knl_Clock_doTick__I)
                  00006740    0000002c     empty_min_pem4f.oem4f (.text:ti_sysbios_knl_Queue_construct)
                  0000676c    0000002c     empty_min_pem4f.oem4f (.text:ti_sysbios_knl_Swi_Handle__label__S)
                  00006798    0000002c     empty_min_pem4f.oem4f (.text:ti_sysbios_knl_Task_Handle__label__S)
                  000067c4    0000002c     ti.targets.arm.rtsarm.aem4f : System.oem4f (.text:xdc_runtime_System_putchar__I)
                  000067f0    00000028     msp432p4xx_driverlib.lib : adc14.o (.text:ADC14_getResult)
                  00006818    00000028                              : pcm.o (.text:PCM_gotoLPM0)
                  00006840    00000028     drivers_msp432p401x.aem4f : PowerMSP432.oem4f (.text:disableFaultCounter)
                  00006868    00000028                               : PowerMSP432.oem4f (.text:disableHFXT)
                  00006890    00000028     main.obj (.text:processSwiFxn)
                  000068b8    00000028     sysbios.aem4f : m3_Hwi_asm.obj (.text:ti_sysbios_family_arm_m3_Hwi_excHandlerAsm__I)
                  000068e0    00000028                   : BIOS.obj (.text:ti_sysbios_knl_Swi_Module_startup__E)
                  00006908    00000028     ti.targets.arm.rtsarm.aem4f : System.oem4f (.text:xdc_runtime_System_avprintf__E)
                  00006930    00000026     sysbios.aem4f : m3_Hwi_asm.obj (.text:ti_sysbios_family_arm_m3_Hwi_pendSV__I)
                  00006956    00000026     ti.targets.arm.rtsarm.aem4f : System.oem4f (.text:xdc_runtime_System_vprintf__E)
                  0000697c    00000024     msp432p4xx_driverlib.lib : wdt_a.o (.text:WDT_A_holdTimer)
                  000069a0    00000024     empty_min_pem4f.oem4f (.text:ti_sysbios_BIOS_errorRaiseHook__I)
                  000069c4    00000024     empty_min_pem4f.oem4f (.text:ti_sysbios_BIOS_registerRTSLock__I)
                  000069e8    00000024     empty_min_pem4f.oem4f (.text:ti_sysbios_BIOS_removeRTSLock__I)
                  00006a0c    00000004     --HOLE-- [fill = 0]
                  00006a10    00000024     sysbios.aem4f : BIOS.obj (.text:ti_sysbios_family_arm_msp432_ClockFreqs_setFrequency__E)
                  00006a34    00000024     empty_min_pem4f.oem4f (.text:ti_sysbios_gates_GateMutex_Object__delete__S)
                  00006a58    00000024     sysbios.aem4f : BIOS.obj (.text:ti_sysbios_knl_Clock_Module_startup__E)
                  00006a7c    00000024     empty_min_pem4f.oem4f (.text:ti_sysbios_knl_Semaphore_Object__delete__S)
                  00006aa0    00000024     sysbios.aem4f : BIOS.obj (.text:ti_sysbios_knl_Task_restoreHwi__E)
                  00006ac4    00000022     empty_min_pem4f.oem4f (.text:xdc_runtime_SysMin_output__I)
                  00006ae6    00000002     --HOLE-- [fill = 0]
                  00006ae8    00000020     msp432p4xx_driverlib.lib : cs.o (.text:CS_setExternalClockSourceFrequency)
                  00006b08    00000020                              : ref_a.o (.text:REF_A_setReferenceVoltage)
                  00006b28    00000020     rtsv7M4_T_le_v4SPD16_eabi.lib : u_tofd_t2.asm.obj (.text)
                  00006b48    00000020     empty_min_pem4f.oem4f (.text:ti_sysbios_BIOS_rtsLock__I)
                  00006b68    00000020     empty_min_pem4f.oem4f (.text:ti_sysbios_gates_GateHwi_Object__delete__S)
                  00006b88    00000020     empty_min_pem4f.oem4f (.text:ti_sysbios_heaps_HeapMem_Object__delete__S)
                  00006ba8    00000020     sysbios.aem4f : BIOS.obj (.text:ti_sysbios_knl_Idle_run__E)
                  00006bc8    00000020     empty_min_pem4f.oem4f (.text:ti_sysbios_knl_Semaphore_destruct)
                  00006be8    00000020     ti.targets.arm.rtsarm.aem4f : SysMin.oem4f (.text:xdc_runtime_SysMin_Module_startup__E)
                  00006c08    0000001e     sysbios.aem4f : m3_Hwi_asm_switch.obj (.text:ti_sysbios_family_xxx_Hwi_switchAndRunFunc)
                  00006c26    00000002     --HOLE-- [fill = 0]
                  00006c28    0000001c     msp432p4xx_driverlib.lib : sysctl.o (.text:SysCtl_getTempCalibrationConstant)
                  00006c44    00000004     --HOLE-- [fill = 0]
                  00006c48    0000001c     sysbios.aem4f : BIOS.obj (.text:ti_sysbios_family_arm_m3_Hwi_excHandler__I)
                  00006c64    00000004     --HOLE-- [fill = 0]
                  00006c68    0000001c                   : BIOS.obj (.text:ti_sysbios_gates_GateMutex_Instance_init__E)
                  00006c84    0000001c     empty_min_pem4f.oem4f (.text:ti_sysbios_knl_Queue_destruct)
                  00006ca0    0000001c     sysbios.aem4f : BIOS.obj (.text:ti_sysbios_knl_Queue_put__E)
                  00006cbc    00000004     --HOLE-- [fill = 0]
                  00006cc0    0000001c                   : BIOS.obj (.text:ti_sysbios_knl_Task_enter__I)
                  00006cdc    0000001c     ti.targets.arm.rtsarm.aem4f : Error.oem4f (.text:xdc_runtime_Error_check__E)
                  00006cf8    0000001c                                 : Error.oem4f (.text:xdc_runtime_Error_raiseX__E)
                  00006d14    0000001c                                 : Memory.oem4f (.text:xdc_runtime_Memory_valloc__E)
                  00006d30    0000001c                                 : Registry.oem4f (.text:xdc_runtime_Registry_findById__E)
                  00006d4c    0000001c                                 : SysMin.oem4f (.text:xdc_runtime_SysMin_exit__E)
                  00006d68    0000001c                                 : System.oem4f (.text:xdc_runtime_System_abort__E)
                  00006d84    0000001c                                 : Text.oem4f (.text:xdc_runtime_Text_ropeText__E)
                  00006da0    0000001a     empty_min_pem4f.oem4f (.text:xdc_runtime_System_aprintf__E)
                  00006dba    0000001a     empty_min_pem4f.oem4f (.text:xdc_runtime_System_printf__E)
                  00006dd4    00000018     empty_min_pem4f.oem4f (.text:.bootCodeSection:ti_sysbios_family_arm_msp432_init_Boot_init__I)
                  00006dec    00000018     msp432p4xx_driverlib.lib : sysctl_a.o (.text:SysCtl_A_disableNMISource)
                  00006e04    00000018                              : sysctl_a.o (.text:SysCtl_A_enableNMISource)
                  00006e1c    00000018     rtsv7M4_T_le_v4SPD16_eabi.lib : args_main.c.obj (.text:_args_main)
                  00006e34    00000018     empty_min_pem4f.oem4f (.text:ti_sysbios_BIOS_rtsUnlock__I)
                  00006e4c    00000018     empty_min_pem4f.oem4f (.text:ti_sysbios_family_arm_m3_Hwi_Module__startupDone__F)
                  00006e64    00000018     sysbios.aem4f : m3_TaskSupport_asm.obj (.text:ti_sysbios_family_arm_m3_TaskSupport_swap__E)
                  00006e7c    00000018     empty_min_pem4f.oem4f (.text:ti_sysbios_family_arm_msp432_Timer_Module__startupDone__F)
                  00006e94    00000004     --HOLE-- [fill = 0]
                  00006e98    00000018     sysbios.aem4f : BIOS.obj (.text:ti_sysbios_gates_GateMutex_leave__E)
                  00006eb0    00000018     ti.targets.arm.rtsarm.aem4f : Error.oem4f (.text:xdc_runtime_Error_init__E)
                  00006ec8    00000018                                 : System.oem4f (.text:xdc_runtime_System_exit__E)
                  00006ee0    00000016     empty_min_pem4f.oem4f (.text:ti_sysbios_BIOS_exitFunc__I)
                  00006ef6    00000002     --HOLE-- [fill = 0]
                  00006ef8    00000014     msp432p4xx_driverlib.lib : pcm.o (.text:PCM_getPowerState)
                  00006f0c    00000014     rtsv7M4_T_le_v4SPD16_eabi.lib : strlen.c.obj (.text:strlen)
                  00006f20    00000014     empty_min_pem4f.oem4f (.text:ti_sysbios_family_arm_m3_Hwi_Object__get__S)
                  00006f34    00000004     --HOLE-- [fill = 0]
                  00006f38    00000014     sysbios.aem4f : BIOS.obj (.text:ti_sysbios_family_arm_m3_Hwi_switchFromBootStack__E)
                  00006f4c    00000014     empty_min_pem4f.oem4f (.text:ti_sysbios_heaps_HeapMem_Object__get__S)
                  00006f60    00000014     empty_min_pem4f.oem4f (.text:ti_sysbios_knl_Swi_Object__get__S)
                  00006f74    00000012     dpl_msp432p401x.aem4f : SemaphoreP_tirtos.oem4f (.text:SemaphoreP_pend)
                  00006f86    00000002     --HOLE-- [fill = 0]
                  00006f88    00000012     sysbios.aem4f : BIOS.obj (.text:ti_sysbios_hal_Hwi_Module_startup__E)
                  00006f9a    00000012     empty_min_pem4f.oem4f (.text:xdc_runtime_Startup_exec__I)
                  00006fac    00000010     msp432p4xx_driverlib.lib : adc14.o (.text:ADCIsConversionRunning)
                  00006fbc    00000010     dpl_msp432p401x.aem4f : HwiP_tirtos.oem4f (.text:HwiP_Params_init)
                  00006fcc    00000010     msp432p4xx_driverlib.lib : pcm.o (.text:PCM_gotoLPM4)
                  00006fdc    00000010                              : pcm.o (.text:PCM_setPowerMode)
                  00006fec    00000010                              : pcm.o (.text:PCM_setPowerState)
                  00006ffc    00000010                              : sysctl_a.o (.text:SysCtl_A_getNMISourceStatus)
                  0000700c    00000010                              : sysctl.o (.text:SysCtl_getNMISourceStatus)
                  0000701c    00000004     --HOLE-- [fill = 0]
                  00007020    00000010     sysbios.aem4f : BIOS.obj (.text:ti_sysbios_BIOS_setCpuFreq__E)
                  00007030    00000010                   : BIOS.obj (.text:ti_sysbios_BIOS_setThreadType__E)
                  00007040    00000010                   : BIOS.obj (.text:ti_sysbios_BIOS_start__E)
                  00007050    00000010                   : m3_TaskSupport_asm.obj (.text:ti_sysbios_family_arm_m3_TaskSupport_glue)
                  00007060    00000010                   : BIOS.obj (.text:ti_sysbios_family_arm_msp432_init_Boot_disableWatchdog)
                  00007070    00000010                   : BIOS.obj (.text:ti_sysbios_gates_GateMutex_Instance_finalize__E)
                  00007080    00000010                   : BIOS.obj (.text:ti_sysbios_knl_Semaphore_Instance_finalize__E)
                  00007090    00000010                   : BIOS.obj (.text:ti_sysbios_knl_Swi_disable__E)
                  000070a0    00000010     empty_min_pem4f.oem4f (.text:ti_sysbios_knl_Task_Object__get__S)
                  000070b0    00000010     sysbios.aem4f : BIOS.obj (.text:ti_sysbios_knl_Task_disable__E)
                  000070c0    00000010     ti.targets.arm.rtsarm.aem4f : Gate.oem4f (.text:xdc_runtime_Gate_leaveSystem__E)
                  000070d0    00000010                                 : Memory.oem4f (.text:xdc_runtime_Memory_free__E)
                  000070e0    00000010                                 : SysMin.oem4f (.text:xdc_runtime_SysMin_ready__E)
                  000070f0    00000010                                 : System.oem4f (.text:xdc_runtime_System_vsnprintf__E)
                  00007100    00000010     empty_min_pem4f.oem4f (.text:xdc_runtime_Text_visitRope__I)
                  00007110    0000000e     rtsv7M4_T_le_v4SPD16_eabi.lib : copy_decompress_none.c.obj (.text:decompress:none:__TI_decompress_none)
                  0000711e    00000002     --HOLE-- [fill = 0]
                  00007120    0000000e     sysbios.aem4f : BIOS.obj (.text:ti_sysbios_knl_Idle_loop__E)
                  0000712e    00000002     --HOLE-- [fill = 0]
                  00007130    0000000e                   : BIOS.obj (.text:ti_sysbios_knl_Queue_empty__E)
                  0000713e    0000000c     msp432p4xx_driverlib.lib : cpu.o (.text:CPU_cpsid)
                  0000714a    0000000c                              : cpu.o (.text:CPU_cpsie)
                  00007156    00000002     --HOLE-- [fill = 0]
                  00007158    0000000c     drivers_msp432p401x.aem4f : PowerMSP432.oem4f (.text:Power_getConstraintMask)
                  00007164    0000000c     msp432p4xx_driverlib.lib : ref_a.o (.text:REF_A_enableReferenceVoltage)
                  00007170    0000000c                              : ref_a.o (.text:REF_A_enableTempSensor)
                  0000717c    0000000c     dpl_msp432p401x.aem4f : SemaphoreP_tirtos.oem4f (.text:SemaphoreP_delete)
                  00007188    0000000c     rtsv7M4_T_le_v4SPD16_eabi.lib : _lock.c.obj (.text:_register_lock)
                  00007194    0000000c                                   : _lock.c.obj (.text:_register_unlock)
                  000071a0    0000000c                                   : copy_zero_init.c.obj (.text:decompress:ZI:__TI_zero_init)
                  000071ac    0000000c     empty_min_pem4f.oem4f (.text:ti_sysbios_family_arm_m3_Hwi_Params__init__S)
                  000071b8    0000000c     sysbios.aem4f : BIOS.obj (.text:ti_sysbios_family_arm_m3_Hwi_disableFxn__E)
                  000071c4    00000004     --HOLE-- [fill = 0]
                  000071c8    0000000c                   : BIOS.obj (.text:ti_sysbios_family_arm_m3_TaskSupport_checkStack__E)
                  000071d4    00000004     --HOLE-- [fill = 0]
                  000071d8    0000000c                   : BIOS.obj (.text:ti_sysbios_family_arm_msp432_Timer_getMaxTicks__E)
                  000071e4    00000004     --HOLE-- [fill = 0]
                  000071e8    0000000c                   : BIOS.obj (.text:ti_sysbios_gates_GateHwi_enter__E)
                  000071f4    0000000c     empty_min_pem4f.oem4f (.text:ti_sysbios_knl_Queue_Object__get__S)
                  00007200    0000000c     empty_min_pem4f.oem4f (.text:ti_sysbios_knl_Semaphore_Params__init__S)
                  0000720c    0000000c     ti.targets.arm.rtsarm.aem4f : Gate.oem4f (.text:xdc_runtime_Gate_enterSystem__E)
                  00007218    0000000c                                 : Memory.oem4f (.text:xdc_runtime_Memory_calloc__E)
                  00007224    0000000c                                 : Memory.oem4f (.text:xdc_runtime_Memory_getMaxDefaultTypeAlign__E)
                  00007230    0000000c                                 : Startup.oem4f (.text:xdc_runtime_Startup_rtsDone__E)
                  0000723c    0000000a     drivers_msp432p401x.aem4f : ADC.oem4f (.text:ADC_Params_init)
                  00007246    0000000a                               : ADC.oem4f (.text:ADC_close)
                  00007250    0000000a                               : ADC.oem4f (.text:ADC_convert)
                  0000725a    0000000a     empty_min_pem4f.oem4f (.text:xdc_runtime_IHeap_alloc)
                  00007264    0000000a     empty_min_pem4f.oem4f (.text:xdc_runtime_IHeap_free)
                  0000726e    00000008     MSP_EXP432P401R.obj (.text:Board_init)
                  00007276    00000008     MSP_EXP432P401R.obj (.text:MSP_EXP432P401R_initGeneral)
                  0000727e    00000002     --HOLE-- [fill = 0]
                  00007280    00000008     sysbios.aem4f : BIOS.obj (.text:ti_sysbios_family_arm_m3_Hwi_doSwiRestore__I)
                  00007288    00000008                   : BIOS.obj (.text:ti_sysbios_family_arm_m3_Hwi_startup__E)
                  00007290    00000006                   : BIOS.obj (.text:ti_sysbios_family_arm_m3_Hwi_doTaskRestore__I)
                  00007296    00000002     --HOLE-- [fill = 0]
                  00007298    00000006                   : BIOS.obj (.text:ti_sysbios_family_arm_m3_Hwi_restoreFxn__E)
                  0000729e    00000002     --HOLE-- [fill = 0]
                  000072a0    00000006                   : BIOS.obj (.text:ti_sysbios_gates_GateHwi_leave__E)
                  000072a6    00000002     --HOLE-- [fill = 0]
                  000072a8    00000006                   : BIOS.obj (.text:ti_sysbios_heaps_HeapMem_isBlocking__E)
                  000072ae    00000002     --HOLE-- [fill = 0]
                  000072b0    00000006                   : BIOS.obj (.text:ti_sysbios_knl_Queue_Instance_init__E)
                  000072b6    00000002     --HOLE-- [fill = 0]
                  000072b8    00000006                   : BIOS.obj (.text:ti_sysbios_knl_Swi_startup__E)
                  000072be    00000002     --HOLE-- [fill = 0]
                  000072c0    00000004                   : BIOS.obj (.text:ti_sysbios_gates_GateHwi_query__E)
                  000072c4    00000004     --HOLE-- [fill = 0]
                  000072c8    00000004                   : BIOS.obj (.text:ti_sysbios_gates_GateMutex_query__E)
                  000072cc    00000004     --HOLE-- [fill = 0]
                  000072d0    00000004                   : BIOS.obj (.text:ti_sysbios_knl_Task_startup__E)
                  000072d4    00000004     --HOLE-- [fill = 0]
                  000072d8    00000002                   : BIOS.obj (.text:ti_sysbios_BIOS_linkedWithIncorrectBootLibrary__E)
                  000072da    00000006     --HOLE-- [fill = 0]
                  000072e0    00000002                   : BIOS.obj (.text:ti_sysbios_gates_GateHwi_Instance_init__E)

.const     0    000072e4    00001f10     
                  000072e4    00001897     empty_min_pem4f.oem4f (.const:xdc_runtime_Text_charTab__A)
                  00008b7b    00000001     empty_min_pem4f.oem4f (.const:xdc_runtime_Error_policy__C)
                  00008b7c    000000b0     empty_min_pem4f.oem4f (.const:xdc_runtime_Text_nodeTab__A)
                  00008c2c    00000080     msp432p4xx_driverlib.lib : adc14.o (.const:_ctlRegs)
                  00008cac    00000038     MSP_EXP432P401R.obj (.const:PowerMSP432_config)
                  00008ce4    00000030     empty_min_pem4f.oem4f (.const:ti_sysbios_family_arm_m3_Hwi_Object__PARAMS__C)
                  00008d14    00000028     empty_min_pem4f.oem4f (.const:ti_sysbios_heaps_HeapMem_Module__FXNS__C)
                  00008d3c    00000024     empty_min_pem4f.oem4f (.const:ti_sysbios_gates_GateHwi_Module__FXNS__C)
                  00008d60    00000024     empty_min_pem4f.oem4f (.const:ti_sysbios_gates_GateMutex_Module__FXNS__C)
                  00008d84    00000024     empty_min_pem4f.oem4f (.const:ti_sysbios_heaps_HeapMem_Object__PARAMS__C)
                  00008da8    00000024     empty_min_pem4f.oem4f (.const:ti_sysbios_knl_Semaphore_Object__PARAMS__C)
                  00008dcc    00000020     MSP_EXP432P401R.obj (.const:adcMSP432HWAttrs)
                  00008dec    00000020     empty_min_pem4f.oem4f (.const:ti_sysbios_family_arm_m3_Hwi_Object__DESC__C)
                  00008e0c    00000020     empty_min_pem4f.oem4f (.const:ti_sysbios_gates_GateHwi_Object__DESC__C)
                  00008e2c    00000020     empty_min_pem4f.oem4f (.const:ti_sysbios_gates_GateMutex_Object__DESC__C)
                  00008e4c    00000020     empty_min_pem4f.oem4f (.const:ti_sysbios_heaps_HeapMem_Object__DESC__C)
                  00008e6c    00000020     empty_min_pem4f.oem4f (.const:ti_sysbios_knl_Queue_Object__DESC__C)
                  00008e8c    00000020     empty_min_pem4f.oem4f (.const:ti_sysbios_knl_Semaphore_Object__DESC__C)
                  00008eac    00000020     empty_min_pem4f.oem4f (.const:xdc_runtime_Startup_sfxnTab__A)
                  00008ecc    00000018     drivers_msp432p401x.aem4f : ADCMSP432.oem4f (.const:ADCMSP432_fxnTable)
                  00008ee4    00000018     MSP_EXP432P401R.obj (.const:ADC_config)
                  00008efc    00000018     empty_min_pem4f.oem4f (.const:ti_sysbios_gates_GateHwi_Object__PARAMS__C)
                  00008f14    00000018     empty_min_pem4f.oem4f (.const:ti_sysbios_gates_GateMutex_Object__PARAMS__C)
                  00008f2c    00000018     empty_min_pem4f.oem4f (.const:ti_sysbios_knl_Queue_Object__PARAMS__C)
                  00008f44    00000014     MSP_EXP432P401R.obj (.const:GPIOMSP432_config)
                  00008f58    00000014     empty_min_pem4f.oem4f (.const)
                  00008f6c    00000010     empty_min_pem4f.oem4f (.const:xdc_runtime_Startup_sfxnRts__A)
                  00008f7c    0000000e     MSP_EXP432P401R.obj (.const)
                  00008f8a    00000002     empty_min_pem4f.oem4f (.const:ti_sysbios_family_arm_m3_Hwi_Module__id__C)
                  00008f8c    0000000c     empty_min_pem4f.oem4f (.const:xdc_runtime_Startup_firstFxns__A)
                  00008f98    00000008     drivers_msp432p401x.aem4f : ADC.oem4f (.const:ADC_defaultParams)
                  00008fa0    00000008     empty_min_pem4f.oem4f (.const:ti_sysbios_family_arm_m3_Hwi_excHookFuncs__A)
                  00008fa8    00000008     empty_min_pem4f.oem4f (.const:ti_sysbios_knl_Idle_funcList__A)
                  00008fb0    00000008     empty_min_pem4f.oem4f (.const:ti_sysbios_knl_Idle_funcList__C)
                  00008fb8    00000008     empty_min_pem4f.oem4f (.const:xdc_runtime_Startup_firstFxns__C)
                  00008fc0    00000008     empty_min_pem4f.oem4f (.const:xdc_runtime_Startup_lastFxns__C)
                  00008fc8    00000006     drivers_msp432p401x.aem4f : GPIOMSP432.oem4f (.const:.string:interruptType)
                  00008fce    00000006                               : GPIOMSP432.oem4f (.const:.string:portInterruptIds)
                  00008fd4    00000004     empty_min_pem4f.oem4f (.const:ti_sysbios_family_arm_m3_Hwi_E_NMI__C)
                  00008fd8    00000004     empty_min_pem4f.oem4f (.const:ti_sysbios_family_arm_m3_Hwi_E_alreadyDefined__C)
                  00008fdc    00000004     empty_min_pem4f.oem4f (.const:ti_sysbios_family_arm_m3_Hwi_E_badIntNum__C)
                  00008fe0    00000004     empty_min_pem4f.oem4f (.const:ti_sysbios_family_arm_m3_Hwi_E_busFault__C)
                  00008fe4    00000004     empty_min_pem4f.oem4f (.const:ti_sysbios_family_arm_m3_Hwi_E_debugMon__C)
                  00008fe8    00000004     empty_min_pem4f.oem4f (.const:ti_sysbios_family_arm_m3_Hwi_E_hardFault__C)
                  00008fec    00000004     empty_min_pem4f.oem4f (.const:ti_sysbios_family_arm_m3_Hwi_E_memFault__C)
                  00008ff0    00000004     empty_min_pem4f.oem4f (.const:ti_sysbios_family_arm_m3_Hwi_E_noIsr__C)
                  00008ff4    00000004     empty_min_pem4f.oem4f (.const:ti_sysbios_family_arm_m3_Hwi_E_reserved__C)
                  00008ff8    00000004     empty_min_pem4f.oem4f (.const:ti_sysbios_family_arm_m3_Hwi_E_svCall__C)
                  00008ffc    00000004     empty_min_pem4f.oem4f (.const:ti_sysbios_family_arm_m3_Hwi_E_usageFault__C)
                  00009000    00000004     empty_min_pem4f.oem4f (.const:ti_sysbios_family_arm_m3_Hwi_LD_end__C)
                  00009004    00000004     empty_min_pem4f.oem4f (.const:ti_sysbios_family_arm_m3_Hwi_LM_begin__C)
                  00009008    00000004     empty_min_pem4f.oem4f (.const:ti_sysbios_family_arm_m3_Hwi_Module__diagsEnabled__C)
                  0000900c    00000004     empty_min_pem4f.oem4f (.const:ti_sysbios_family_arm_m3_Hwi_Module__diagsIncluded__C)
                  00009010    00000004     empty_min_pem4f.oem4f (.const:ti_sysbios_family_arm_m3_Hwi_Module__diagsMask__C)
                  00009014    00000004     empty_min_pem4f.oem4f (.const:ti_sysbios_family_arm_m3_Hwi_Module__loggerFxn1__C)
                  00009018    00000004     empty_min_pem4f.oem4f (.const:ti_sysbios_family_arm_m3_Hwi_Module__loggerFxn8__C)
                  0000901c    00000004     empty_min_pem4f.oem4f (.const:ti_sysbios_family_arm_m3_Hwi_Module__loggerObj__C)
                  00009020    00000004     empty_min_pem4f.oem4f (.const:ti_sysbios_family_arm_m3_Hwi_NUM_INTERRUPTS__C)
                  00009024    00000004     empty_min_pem4f.oem4f (.const:ti_sysbios_family_arm_m3_Hwi_Object__count__C)
                  00009028    00000004     empty_min_pem4f.oem4f (.const:ti_sysbios_family_arm_m3_Hwi_ccr__C)
                  0000902c    00000004     empty_min_pem4f.oem4f (.const:ti_sysbios_family_arm_m3_Hwi_excHandlerFunc__C)
                  00009030    00000004     empty_min_pem4f.oem4f (.const:ti_sysbios_family_arm_m3_Hwi_excHookFuncs__C)
                  00009034    00000004     empty_min_pem4f.oem4f (.const:ti_sysbios_family_arm_m3_Hwi_nullIsrFunc__C)
                  00009038    00000004     empty_min_pem4f.oem4f (.const:ti_sysbios_family_arm_m3_Hwi_priGroup__C)
                  0000903c    00000004     empty_min_pem4f.oem4f (.const:ti_sysbios_family_arm_m3_Hwi_swiDisable__C)
                  00009040    00000004     empty_min_pem4f.oem4f (.const:ti_sysbios_family_arm_m3_Hwi_swiRestore__C)
                  00009044    00000004     empty_min_pem4f.oem4f (.const:ti_sysbios_family_arm_msp432_Timer_numTimerDevices__C)
                  00009048    00000004     empty_min_pem4f.oem4f (.const:ti_sysbios_family_arm_msp432_Timer_startupNeeded__C)
                  0000904c    00000004     empty_min_pem4f.oem4f (.const:ti_sysbios_gates_GateMutex_A_badContext__C)
                  00009050    00000004     empty_min_pem4f.oem4f (.const:ti_sysbios_gates_GateMutex_Instance_State_sem__O)
                  00009054    00000004     empty_min_pem4f.oem4f (.const:ti_sysbios_gates_GateMutex_Module__diagsEnabled__C)
                  00009058    00000004     empty_min_pem4f.oem4f (.const:ti_sysbios_gates_GateMutex_Module__diagsIncluded__C)
                  0000905c    00000004     empty_min_pem4f.oem4f (.const:ti_sysbios_gates_GateMutex_Module__diagsMask__C)
                  00009060    00000004     empty_min_pem4f.oem4f (.const:ti_sysbios_hal_Hwi_E_stackOverflow__C)
                  00009064    00000004     empty_min_pem4f.oem4f (.const:ti_sysbios_heaps_HeapMem_A_align__C)
                  00009068    00000004     empty_min_pem4f.oem4f (.const:ti_sysbios_heaps_HeapMem_A_heapSize__C)
                  0000906c    00000004     empty_min_pem4f.oem4f (.const:ti_sysbios_heaps_HeapMem_A_invalidFree__C)
                  00009070    00000004     empty_min_pem4f.oem4f (.const:ti_sysbios_heaps_HeapMem_A_zeroBlock__C)
                  00009074    00000004     empty_min_pem4f.oem4f (.const:ti_sysbios_heaps_HeapMem_E_memory__C)
                  00009078    00000004     empty_min_pem4f.oem4f (.const:ti_sysbios_heaps_HeapMem_Module__diagsEnabled__C)
                  0000907c    00000004     empty_min_pem4f.oem4f (.const:ti_sysbios_heaps_HeapMem_Module__diagsIncluded__C)
                  00009080    00000004     empty_min_pem4f.oem4f (.const:ti_sysbios_heaps_HeapMem_Module__diagsMask__C)
                  00009084    00000004     empty_min_pem4f.oem4f (.const:ti_sysbios_heaps_HeapMem_Module__gateObj__C)
                  00009088    00000004     empty_min_pem4f.oem4f (.const:ti_sysbios_heaps_HeapMem_Object__count__C)
                  0000908c    00000004     empty_min_pem4f.oem4f (.const:ti_sysbios_heaps_HeapMem_primaryHeapBaseAddr__C)
                  00009090    00000004     empty_min_pem4f.oem4f (.const:ti_sysbios_heaps_HeapMem_primaryHeapEndAddr__C)
                  00009094    00000004     empty_min_pem4f.oem4f (.const:ti_sysbios_heaps_HeapMem_reqAlign__C)
                  00009098    00000004     empty_min_pem4f.oem4f (.const:ti_sysbios_knl_Clock_LM_begin__C)
                  0000909c    00000004     empty_min_pem4f.oem4f (.const:ti_sysbios_knl_Clock_LM_tick__C)
                  000090a0    00000004     empty_min_pem4f.oem4f (.const:ti_sysbios_knl_Clock_LW_delayed__C)
                  000090a4    00000004     empty_min_pem4f.oem4f (.const:ti_sysbios_knl_Clock_Module_State_clockQ__O)
                  000090a8    00000004     empty_min_pem4f.oem4f (.const:ti_sysbios_knl_Clock_Module__diagsEnabled__C)
                  000090ac    00000004     empty_min_pem4f.oem4f (.const:ti_sysbios_knl_Clock_Module__diagsIncluded__C)
                  000090b0    00000004     empty_min_pem4f.oem4f (.const:ti_sysbios_knl_Clock_Module__diagsMask__C)
                  000090b4    00000004     empty_min_pem4f.oem4f (.const:ti_sysbios_knl_Clock_Module__loggerFxn1__C)
                  000090b8    00000004     empty_min_pem4f.oem4f (.const:ti_sysbios_knl_Clock_Module__loggerFxn2__C)
                  000090bc    00000004     empty_min_pem4f.oem4f (.const:ti_sysbios_knl_Clock_Module__loggerObj__C)
                  000090c0    00000004     empty_min_pem4f.oem4f (.const:ti_sysbios_knl_Semaphore_A_badContext__C)
                  000090c4    00000004     empty_min_pem4f.oem4f (.const:ti_sysbios_knl_Semaphore_A_noEvents__C)
                  000090c8    00000004     empty_min_pem4f.oem4f (.const:ti_sysbios_knl_Semaphore_A_overflow__C)
                  000090cc    00000004     empty_min_pem4f.oem4f (.const:ti_sysbios_knl_Semaphore_A_pendTaskDisabled__C)
                  000090d0    00000004     empty_min_pem4f.oem4f (.const:ti_sysbios_knl_Semaphore_Instance_State_pendQ__O)
                  000090d4    00000004     empty_min_pem4f.oem4f (.const:ti_sysbios_knl_Semaphore_LM_pend__C)
                  000090d8    00000004     empty_min_pem4f.oem4f (.const:ti_sysbios_knl_Semaphore_LM_post__C)
                  000090dc    00000004     empty_min_pem4f.oem4f (.const:ti_sysbios_knl_Semaphore_Module__diagsEnabled__C)
                  000090e0    00000004     empty_min_pem4f.oem4f (.const:ti_sysbios_knl_Semaphore_Module__diagsIncluded__C)
                  000090e4    00000004     empty_min_pem4f.oem4f (.const:ti_sysbios_knl_Semaphore_Module__diagsMask__C)
                  000090e8    00000004     empty_min_pem4f.oem4f (.const:ti_sysbios_knl_Semaphore_Module__loggerFxn2__C)
                  000090ec    00000004     empty_min_pem4f.oem4f (.const:ti_sysbios_knl_Semaphore_Module__loggerFxn4__C)
                  000090f0    00000004     empty_min_pem4f.oem4f (.const:ti_sysbios_knl_Semaphore_Module__loggerObj__C)
                  000090f4    00000004     empty_min_pem4f.oem4f (.const:ti_sysbios_knl_Swi_LD_end__C)
                  000090f8    00000004     empty_min_pem4f.oem4f (.const:ti_sysbios_knl_Swi_LM_begin__C)
                  000090fc    00000004     empty_min_pem4f.oem4f (.const:ti_sysbios_knl_Swi_LM_post__C)
                  00009100    00000004     empty_min_pem4f.oem4f (.const:ti_sysbios_knl_Swi_Module__diagsEnabled__C)
                  00009104    00000004     empty_min_pem4f.oem4f (.const:ti_sysbios_knl_Swi_Module__diagsIncluded__C)
                  00009108    00000004     empty_min_pem4f.oem4f (.const:ti_sysbios_knl_Swi_Module__diagsMask__C)
                  0000910c    00000004     empty_min_pem4f.oem4f (.const:ti_sysbios_knl_Swi_Module__loggerFxn1__C)
                  00009110    00000004     empty_min_pem4f.oem4f (.const:ti_sysbios_knl_Swi_Module__loggerFxn4__C)
                  00009114    00000004     empty_min_pem4f.oem4f (.const:ti_sysbios_knl_Swi_Module__loggerObj__C)
                  00009118    00000004     empty_min_pem4f.oem4f (.const:ti_sysbios_knl_Swi_Object__count__C)
                  0000911c    00000004     empty_min_pem4f.oem4f (.const:ti_sysbios_knl_Task_E_spOutOfBounds__C)
                  00009120    00000004     empty_min_pem4f.oem4f (.const:ti_sysbios_knl_Task_E_stackOverflow__C)
                  00009124    00000004     empty_min_pem4f.oem4f (.const:ti_sysbios_knl_Task_LD_block__C)
                  00009128    00000004     empty_min_pem4f.oem4f (.const:ti_sysbios_knl_Task_LD_exit__C)
                  0000912c    00000004     empty_min_pem4f.oem4f (.const:ti_sysbios_knl_Task_LD_ready__C)
                  00009130    00000004     empty_min_pem4f.oem4f (.const:ti_sysbios_knl_Task_LM_switch__C)
                  00009134    00000004     empty_min_pem4f.oem4f (.const:ti_sysbios_knl_Task_Module_State_inactiveQ__O)
                  00009138    00000004     empty_min_pem4f.oem4f (.const:ti_sysbios_knl_Task_Module__diagsEnabled__C)
                  0000913c    00000004     empty_min_pem4f.oem4f (.const:ti_sysbios_knl_Task_Module__diagsIncluded__C)
                  00009140    00000004     empty_min_pem4f.oem4f (.const:ti_sysbios_knl_Task_Module__diagsMask__C)
                  00009144    00000004     empty_min_pem4f.oem4f (.const:ti_sysbios_knl_Task_Module__loggerFxn2__C)
                  00009148    00000004     empty_min_pem4f.oem4f (.const:ti_sysbios_knl_Task_Module__loggerFxn4__C)
                  0000914c    00000004     empty_min_pem4f.oem4f (.const:ti_sysbios_knl_Task_Module__loggerObj__C)
                  00009150    00000004     empty_min_pem4f.oem4f (.const:ti_sysbios_knl_Task_Object__count__C)
                  00009154    00000004     empty_min_pem4f.oem4f (.const:ti_sysbios_knl_Task_allBlockedFunc__C)
                  00009158    00000004     empty_min_pem4f.oem4f (.const:ti_sysbios_knl_Task_numConstructedTasks__C)
                  0000915c    00000004     empty_min_pem4f.oem4f (.const:xdc_runtime_Assert_E_assertFailed__C)
                  00009160    00000004     empty_min_pem4f.oem4f (.const:xdc_runtime_Core_A_initializedParams__C)
                  00009164    00000004     empty_min_pem4f.oem4f (.const:xdc_runtime_Core_Module__diagsEnabled__C)
                  00009168    00000004     empty_min_pem4f.oem4f (.const:xdc_runtime_Core_Module__diagsIncluded__C)
                  0000916c    00000004     empty_min_pem4f.oem4f (.const:xdc_runtime_Core_Module__diagsMask__C)
                  00009170    00000004     empty_min_pem4f.oem4f (.const:xdc_runtime_Error_E_memory__C)
                  00009174    00000004     empty_min_pem4f.oem4f (.const:xdc_runtime_Error_policyFxn__C)
                  00009178    00000004     empty_min_pem4f.oem4f (.const:xdc_runtime_Error_raiseHook__C)
                  0000917c    00000004     empty_min_pem4f.oem4f (.const:xdc_runtime_IGateProvider_Interface__BASE__C)
                  00009180    00000004     empty_min_pem4f.oem4f (.const:xdc_runtime_IHeap_Interface__BASE__C)
                  00009184    00000004     empty_min_pem4f.oem4f (.const:xdc_runtime_IModule_Interface__BASE__C)
                  00009188    00000004     empty_min_pem4f.oem4f (.const:xdc_runtime_Memory_defaultHeapInstance__C)
                  0000918c    00000004     empty_min_pem4f.oem4f (.const:xdc_runtime_Startup_execImpl__C)
                  00009190    00000004     empty_min_pem4f.oem4f (.const:xdc_runtime_Startup_maxPasses__C)
                  00009194    00000004     empty_min_pem4f.oem4f (.const:xdc_runtime_Startup_sfxnRts__C)
                  00009198    00000004     empty_min_pem4f.oem4f (.const:xdc_runtime_Startup_sfxnTab__C)
                  0000919c    00000004     empty_min_pem4f.oem4f (.const:xdc_runtime_SysMin_bufSize__C)
                  000091a0    00000004     empty_min_pem4f.oem4f (.const:xdc_runtime_SysMin_outputFunc__C)
                  000091a4    00000004     empty_min_pem4f.oem4f (.const:xdc_runtime_System_Module__gateObj__C)
                  000091a8    00000004     empty_min_pem4f.oem4f (.const:xdc_runtime_System_abortFxn__C)
                  000091ac    00000004     empty_min_pem4f.oem4f (.const:xdc_runtime_System_exitFxn__C)
                  000091b0    00000004     empty_min_pem4f.oem4f (.const:xdc_runtime_System_extendFxn__C)
                  000091b4    00000004     empty_min_pem4f.oem4f (.const:xdc_runtime_System_maxAtexitHandlers__C)
                  000091b8    00000004     empty_min_pem4f.oem4f (.const:xdc_runtime_Text_charTab__C)
                  000091bc    00000004     empty_min_pem4f.oem4f (.const:xdc_runtime_Text_nodeTab__C)
                  000091c0    00000004     empty_min_pem4f.oem4f (.const:xdc_runtime_Text_visitRopeFxn__C)
                  000091c4    00000002     empty_min_pem4f.oem4f (.const:ti_sysbios_family_arm_m3_Hwi_Module__loggerDefined__C)
                  000091c6    00000002     empty_min_pem4f.oem4f (.const:ti_sysbios_family_arm_msp432_init_Boot_bypassHFXT__C)
                  000091c8    00000002     empty_min_pem4f.oem4f (.const:ti_sysbios_family_arm_msp432_init_Boot_bypassLFXT__C)
                  000091ca    00000002     empty_min_pem4f.oem4f (.const:ti_sysbios_family_arm_msp432_init_Boot_enableHFXT__C)
                  000091cc    00000002     empty_min_pem4f.oem4f (.const:ti_sysbios_family_arm_msp432_init_Boot_enableLFXT__C)
                  000091ce    00000002     empty_min_pem4f.oem4f (.const:ti_sysbios_gates_GateMutex_Module__id__C)
                  000091d0    00000002     empty_min_pem4f.oem4f (.const:ti_sysbios_hal_Hwi_Module__id__C)
                  000091d2    00000002     empty_min_pem4f.oem4f (.const:ti_sysbios_heaps_HeapMem_Module__id__C)
                  000091d4    00000002     empty_min_pem4f.oem4f (.const:ti_sysbios_knl_Clock_Module__id__C)
                  000091d6    00000002     empty_min_pem4f.oem4f (.const:ti_sysbios_knl_Clock_Module__loggerDefined__C)
                  000091d8    00000002     empty_min_pem4f.oem4f (.const:ti_sysbios_knl_Semaphore_Module__id__C)
                  000091da    00000002     empty_min_pem4f.oem4f (.const:ti_sysbios_knl_Semaphore_Module__loggerDefined__C)
                  000091dc    00000002     empty_min_pem4f.oem4f (.const:ti_sysbios_knl_Swi_Module__id__C)
                  000091de    00000002     empty_min_pem4f.oem4f (.const:ti_sysbios_knl_Swi_Module__loggerDefined__C)
                  000091e0    00000002     empty_min_pem4f.oem4f (.const:ti_sysbios_knl_Task_Module__id__C)
                  000091e2    00000002     empty_min_pem4f.oem4f (.const:ti_sysbios_knl_Task_Module__loggerDefined__C)
                  000091e4    00000002     empty_min_pem4f.oem4f (.const:xdc_runtime_Core_Module__id__C)
                  000091e6    00000002     empty_min_pem4f.oem4f (.const:xdc_runtime_Error_Module__loggerDefined__C)
                  000091e8    00000002     empty_min_pem4f.oem4f (.const:xdc_runtime_Error_maxDepth__C)
                  000091ea    00000002     empty_min_pem4f.oem4f (.const:xdc_runtime_Memory_Module__id__C)
                  000091ec    00000002     empty_min_pem4f.oem4f (.const:xdc_runtime_SysMin_flushAtExit__C)
                  000091ee    00000002     empty_min_pem4f.oem4f (.const:xdc_runtime_Text_isLoaded__C)
                  000091f0    00000002     empty_min_pem4f.oem4f (.const:xdc_runtime_Text_registryModsLastId__C)
                  000091f2    00000002     empty_min_pem4f.oem4f (.const:xdc_runtime_Text_unnamedModsLastId__C)

.cinit     0    000091f8    000002a8     
                  000091f8    00000282     (.cinit..data.load) [load image, compression = lzss]
                  0000947a    00000002     --HOLE-- [fill = 0]
                  0000947c    0000000c     (__TI_handler_table)
                  00009488    00000008     (.cinit..bss.load) [load image, compression = zero_init]
                  00009490    00000010     (__TI_cinit_table)

.init_array 
*          0    00000000    00000000     UNINITIALIZED

.bss       0    20008140    00000738     UNINITIALIZED
                  20008140    00000400     empty_min_pem4f.oem4f (.bss:taskStackSection)
                  20008540    00000140     (.common:ti_sysbios_family_arm_m3_Hwi_dispatchTable)
                  20008680    00000120     rtsv7M4_T_le_v4SPD16_eabi.lib : trgmsg.c.obj (.bss:_CIOBUF_)
                  200087a0    00000080     (.common:xdc_runtime_SysMin_Module_State_0_outbuf__A)
                  20008820    00000030     drivers_msp432p401x.aem4f : GPIOMSP432.oem4f (.bss:gpioCallbackInfo)
                  20008850    00000008     msp432p4xx_driverlib.lib : cs.o (.bss)
                  20008858    00000008     (.common:parmbuf)
                  20008860    00000004     drivers_msp432p401x.aem4f : GPIOMSP432.oem4f (.bss)
                  20008864    00000004     (.common:adcMSP432Objects)
                  20008868    00000004     (.common:cal30)
                  2000886c    00000004     (.common:cal85)
                  20008870    00000004     (.common:calDifference)
                  20008874    00000004     (.common:temperatureReading)

.data      0    20008878    000006b7     UNINITIALIZED
                  20008878    00000140     drivers_msp432p401x.aem4f : PowerMSP432.oem4f (.data:PowerMSP432_perfLevels)
                  200089b8    00000098     empty_min_pem4f.oem4f (.data:ti_sysbios_knl_Task_Object__table__V)
                  20008a50    00000080     empty_min_pem4f.oem4f (.data:ti_sysbios_knl_Swi_Module_State_0_readyQ__A)
                  20008ad0    00000080     empty_min_pem4f.oem4f (.data:ti_sysbios_knl_Task_Module_State_0_readyQ__A)
                  20008b50    00000060     empty_min_pem4f.oem4f (.data:ti_sysbios_knl_Swi_Object__table__V)
                  20008bb0    00000050     MSP_EXP432P401R.obj (.data:myPerfLevels)
                  20008c00    00000044     empty_min_pem4f.oem4f (.data:ti_sysbios_family_arm_msp432_Timer_Object__table__V)
                  20008c44    00000044     empty_min_pem4f.oem4f (.data:ti_sysbios_knl_Task_Module__state__V)
                  20008c88    00000038     empty_min_pem4f.oem4f (.data:ti_sysbios_gates_GateMutex_Object__table__V)
                  20008cc0    00000034     MSP_EXP432P401R.obj (.data:gpioPinConfigs)
                  20008cf4    00000034     empty_min_pem4f.oem4f (.data:ti_sysbios_family_arm_m3_Hwi_Module__state__V)
                  20008d28    00000030     empty_min_pem4f.oem4f (.data:ti_sysbios_family_arm_m3_Hwi_Object__table__V)
                  20008d58    0000002c     drivers_msp432p401x.aem4f : PowerMSP432.oem4f (.data:PowerMSP432_module)
                  20008d84    0000002c     empty_min_pem4f.oem4f (.data:ti_sysbios_knl_Clock_Module__state__V)
                  20008db0    00000024     empty_min_pem4f.oem4f (.data:ti_sysbios_BIOS_Module__state__V)
                  20008dd4    00000020     empty_min_pem4f.oem4f (.data:ti_sysbios_family_arm_msp432_Timer_Module_State_0_device__A)
                  20008df4    00000020     empty_min_pem4f.oem4f (.data:xdc_runtime_Error_IgnoreBlock)
                  20008e14    0000001c     empty_min_pem4f.oem4f (.data:ti_sysbios_knl_Swi_Module__state__V)
                  20008e30    00000018     empty_min_pem4f.oem4f (.data:ti_sysbios_heaps_HeapMem_Object__table__V)
                  20008e48    00000014     empty_min_pem4f.oem4f (.data:ti_sysbios_knl_Semaphore_Object__table__V)
                  20008e5c    00000010     MSP_EXP432P401R.obj (.data:gpioCallbackFunctions)
                  20008e6c    00000010     empty_min_pem4f.oem4f (.data:ti_sysbios_family_arm_msp432_Timer_Module_State_0_handles__A)
                  20008e7c    0000000c     empty_min_pem4f.oem4f (.data:ti_sysbios_family_arm_msp432_ClockFreqs_Module__state__V)
                  20008e88    0000000c     empty_min_pem4f.oem4f (.data:ti_sysbios_family_arm_msp432_Timer_Module__state__V)
                  20008e94    0000000c     empty_min_pem4f.oem4f (.data:xdc_runtime_SysMin_Module__state__V)
                  20008ea0    00000008     rtsv7M4_T_le_v4SPD16_eabi.lib : _lock.c.obj (.data:$O1$$)
                  20008ea8    00000008     drivers_msp432p401x.aem4f : ADCMSP432.oem4f (.data)
                  20008eb0    00000008     main.obj (.data)
                  20008eb8    00000008     empty_min_pem4f.oem4f (.data:ti_sysbios_family_arm_m3_Hwi_Module__root__V)
                  20008ec0    00000008     empty_min_pem4f.oem4f (.data:ti_sysbios_gates_GateHwi_Module__root__V)
                  20008ec8    00000008     empty_min_pem4f.oem4f (.data:ti_sysbios_gates_GateMutex_Module__root__V)
                  20008ed0    00000008     empty_min_pem4f.oem4f (.data:ti_sysbios_hal_Hwi_Object__table__V)
                  20008ed8    00000008     empty_min_pem4f.oem4f (.data:ti_sysbios_heaps_HeapMem_Module__root__V)
                  20008ee0    00000008     empty_min_pem4f.oem4f (.data:ti_sysbios_knl_Queue_Module__root__V)
                  20008ee8    00000008     empty_min_pem4f.oem4f (.data:ti_sysbios_knl_Semaphore_Module__root__V)
                  20008ef0    00000008     empty_min_pem4f.oem4f (.data:xdc_runtime_Registry_Module__state__V)
                  20008ef8    00000008     empty_min_pem4f.oem4f (.data:xdc_runtime_Startup_Module__state__V)
                  20008f00    00000008     empty_min_pem4f.oem4f (.data:xdc_runtime_System_Module_State_0_atexitHandlers__A)
                  20008f08    00000008     empty_min_pem4f.oem4f (.data:xdc_runtime_System_Module__state__V)
                  20008f10    00000004     rtsv7M4_T_le_v4SPD16_eabi.lib : stkdepth_vars.c.obj (.data)
                  20008f14    00000004     empty_min_pem4f.oem4f (.data:ti_sysbios_family_arm_m3_Hwi_Module_State_0_excContext__A)
                  20008f18    00000004     empty_min_pem4f.oem4f (.data:ti_sysbios_family_arm_m3_Hwi_Module_State_0_excStack__A)
                  20008f1c    00000004     empty_min_pem4f.oem4f (.data:ti_sysbios_gates_GateHwi_Object__table__V)
                  20008f20    00000004     empty_min_pem4f.oem4f (.data:ti_sysbios_knl_Task_Module_State_0_idleTask__A)
                  20008f24    00000004     empty_min_pem4f.oem4f (.data:xdc_runtime_Memory_Module__state__V)
                  20008f28    00000002     drivers_msp432p401x.aem4f : GPIOMSP432.oem4f (.data)
                  20008f2a    00000002     empty_min_pem4f.oem4f (.data:ti_sysbios_family_arm_m3_Hwi_Module_State_0_excActive__A)
                  20008f2c    00000002     empty_min_pem4f.oem4f (.data:xdc_runtime_Error_Module__state__V)
                  20008f2e    00000001     drivers_msp432p401x.aem4f : ADC.oem4f (.data)

.priheap   0    20000140    00008000     UNINITIALIZED
                  20000140    00008000     --HOLE--

.stack     0    2000fc00    00000400     UNINITIALIZED
                  2000fc00    00000400     --HOLE--

.bootVecs 
*          0    00000000    00000008     DSECT
                  00000000    00000008     boot.aem4f : boot.oem4f (.bootVecs)

.resetVecs 
*          0    00000000    0000003c     
                  00000000    0000003c     empty_min_pem4f.oem4f (.resetVecs)

.vecs      0    20000000    00000140     NOLOAD SECTION
                  20000000    00000140     empty_min_pem4f.oem4f (.vecs)

xdc.meta   0    00000000    00000105     COPY SECTION
                  00000000    00000105     empty_min_pem4f.oem4f (xdc.meta)

__llvm_prf_cnts 
*          0    20000000    00000000     UNINITIALIZED

.binit     0    00000000    00000000     

MODULE SUMMARY

       Module                       code    ro data   rw data
       ------                       ----    -------   -------
    .\
       main.obj                     756     0         48     
       MSP_EXP432P401R.obj          16      146       304    
    +--+----------------------------+-------+---------+---------+
       Total:                       772     146       352    
                                                             
    C:\Users\arnau\workspace_v10\task_tempSensor_uC_MSP_EXP432P401R_tirtos_ccs6\Debug\configPkg\package\cfg\
       empty_min_pem4f.oem4f        2076    7694      5936   
    +--+----------------------------+-------+---------+---------+
       Total:                       2076    7694      5936   
                                                             
    C:/ti/simplelink_msp432p4_sdk_3_40_01_02/kernel/tirtos/packages/ti/dpl/lib/dpl_msp432p401x.aem4f
       PowerMSP432_tirtos.oem4f     122     0         0      
       HwiP_tirtos.oem4f            84      0         0      
       SemaphoreP_tirtos.oem4f      78      0         0      
    +--+----------------------------+-------+---------+---------+
       Total:                       284     0         0      
                                                             
    C:/ti/simplelink_msp432p4_sdk_3_40_01_02/source/ti/devices/msp432p4xx/driverlib/ccs/msp432p4xx_driverlib.lib
       pcm.o                        1770    0         0      
       cs.o                         704     0         16     
       adc14.o                      588     128       0      
       sysctl_a.o                   64      0         0      
       ref_a.o                      56      0         0      
       rtc_c.o                      44      0         0      
       sysctl.o                     44      0         0      
       wdt_a.o                      36      0         0      
       cpu.o                        28      0         0      
    +--+----------------------------+-------+---------+---------+
       Total:                       3334    128       16     
                                                             
    C:/ti/simplelink_msp432p4_sdk_3_40_01_02/source/ti/drivers/lib/drivers_msp432p401x.aem4f
       PowerMSP432.oem4f            1972    0         728    
       GPIOMSP432.oem4f             988     12        108    
       ADCMSP432.oem4f              696     24        16     
       ADC.oem4f                    162     8         2      
    +--+----------------------------+-------+---------+---------+
       Total:                       3818    44        854    
                                                             
    C:\Users\arnau\workspace_v10\task_tempSensor_uC_MSP_EXP432P401R_tirtos_ccs6\src\sysbios\sysbios.aem4f
       BIOS.obj                     11810   0         0      
       m3_Hwi_asm.obj               318     0         0      
       m3_TaskSupport_asm.obj       180     0         0      
       m3_Hwi_asm_switch.obj        118     0         0      
    +--+----------------------------+-------+---------+---------+
       Total:                       12426   0         0      
                                                             
    C:\ti\ccs1040\ccs\tools\compiler\ti-cgt-arm_20.2.5.LTS\lib\rtsv7M4_T_le_v4SPD16_eabi.lib
       trgmsg.c.obj                 108     0         576    
       fd_add_t2.asm.obj            438     0         0      
       fd_div_t2.asm.obj            310     0         0      
       fd_cmp_t2.asm.obj            268     0         0      
       fd_mul_t2.asm.obj            252     0         0      
       memcpy_t2.asm.obj            156     0         0      
       memset_t2.asm.obj            122     0         0      
       fd_tos_t2.asm.obj            110     0         0      
       copy_decompress_lzss.c.obj   104     0         0      
       hostwrite.c.obj              88      0         0      
       cpy_tbl.c.obj                76      0         0      
       fd_tou_t2.asm.obj            68      0         0      
       u_divt2.asm.obj              64      0         0      
       fs_tod_t2.asm.obj            56      0         0      
       _lock.c.obj                  26      0         16     
       u_tofd_t2.asm.obj            32      0         0      
       args_main.c.obj              24      0         0      
       strlen.c.obj                 20      0         0      
       hostopen.c.obj               0       0         16     
       copy_decompress_none.c.obj   14      0         0      
       copy_zero_init.c.obj         12      0         0      
       stkdepth_vars.c.obj          0       0         8      
       exit.c.obj                   4       0         0      
       div0.asm.obj                 2       0         0      
    +--+----------------------------+-------+---------+---------+
       Total:                       2354    0         616    
                                                             
    C:\ti\simplelink_msp432p4_sdk_3_40_01_02\kernel\tirtos\packages\ti\targets\arm\rtsarm\lib\auto_init.aem4f
       auto_init.oem4f              160     0         0      
    +--+----------------------------+-------+---------+---------+
       Total:                       160     0         0      
                                                             
    C:\ti\simplelink_msp432p4_sdk_3_40_01_02\kernel\tirtos\packages\ti\targets\arm\rtsarm\lib\boot.aem4f
       boot.oem4f                   88      0         0      
    +--+----------------------------+-------+---------+---------+
       Total:                       88      0         0      
                                                             
    C:\ti\simplelink_msp432p4_sdk_3_40_01_02\kernel\tirtos\packages\ti\targets\arm\rtsarm\lib\ti.targets.arm.rtsarm.aem4f
       System.oem4f                 1249    0         0      
       Text.oem4f                   596     0         0      
       Error.oem4f                  500     0         0      
       Startup.oem4f                344     0         0      
       Core-mem.oem4f               334     0         0      
       SysMin.oem4f                 248     0         0      
       Core-smem.oem4f              204     0         0      
       Memory.oem4f                 180     0         0      
       Assert.oem4f                 76      0         0      
       Core-params.oem4f            72      0         0      
       Gate.oem4f                   28      0         0      
       Registry.oem4f               28      0         0      
    +--+----------------------------+-------+---------+---------+
       Total:                       3859    0         0      
                                                             
       Stack:                       0       0         2048   
       Linker Generated:            0       678       0      
    +--+----------------------------+-------+---------+---------+
       Grand Total:                 29171   8690      9822   


LINKER GENERATED COPY TABLES

__TI_cinit_table @ 00009490 records: 2, size/record: 8, table size: 16
	.data: load addr=000091f8, load size=00000282 bytes, run addr=20008878, run size=000006b7 bytes, compression=lzss
	.bss: load addr=00009488, load size=00000008 bytes, run addr=20008140, run size=00000738 bytes, compression=zero_init


LINKER GENERATED HANDLER TABLE

__TI_handler_table @ 0000947c records: 3, size/record: 4, table size: 12
	index: 0, handler: __TI_decompress_lzss
	index: 1, handler: __TI_decompress_none
	index: 2, handler: __TI_zero_init


GLOBAL SYMBOLS: SORTED ALPHABETICALLY BY Name 

address   name                                                            
-------   ----                                                            
00003bd5  ADC14_configureConversionMemory                                 
000067f1  ADC14_getResult                                                 
00008f7d  ADCBuf_count                                                    
00005d91  ADCMSP432_close                                                 
00001c9b  ADCMSP432_control                                               
00002ea9  ADCMSP432_convert                                               
000050dd  ADCMSP432_convertToMicroVolts                                   
00008ecc  ADCMSP432_fxnTable                                              
0000639d  ADCMSP432_init                                                  
00004765  ADCMSP432_open                                                  
0000723d  ADC_Params_init                                                 
00007247  ADC_close                                                       
00008ee4  ADC_config                                                      
00007251  ADC_convert                                                     
00008f7c  ADC_count                                                       
00008f98  ADC_defaultParams                                               
00005bf9  ADC_init                                                        
00005dd1  ADC_open                                                        
[...]
00008e6c  ti_sysbios_knl_Queue_Object__DESC__C                            
00008e8c  ti_sysbios_knl_Semaphore_Object__DESC__C                        
00008eac  xdc_runtime_Startup_sfxnTab__A                                  
00008ecc  ADCMSP432_fxnTable                                              
00008ee4  ADC_config                                                      
00008efc  ti_sysbios_gates_GateHwi_Object__PARAMS__C                      
00008f14  ti_sysbios_gates_GateMutex_Object__PARAMS__C                    
00008f2c  ti_sysbios_knl_Queue_Object__PARAMS__C                          
00008f44  GPIOMSP432_config                                               
00008f58  heap0                                                           
00008f5c  hwi0                                                            
00008f60  swi0                                                            
00008f64  task0                                                           
00008f68  mySem                                                           
00008f6c  xdc_runtime_Startup_sfxnRts__A                                  
00008f7c  ADC_count                                                       
00008f7d  ADCBuf_count                                                    
00008f7e  Capture_count                                                   
00008f7f  Display_count                                                   
00008f80  I2C_count                                                       
00008f81  I2CSlave_count                                                  
00008f82  NVS_count                                                       
00008f83  PWM_count                                                       
00008f84  SDFatFS_count                                                   
00008f85  SD_count                                                        
00008f86  SPI_count                                                       
00008f87  Timer_count                                                     
00008f88  UART_count                                                      
00008f89  Watchdog_count                                                  
00008f8a  ti_sysbios_family_arm_m3_Hwi_Module__id__C                      
00008f8c  xdc_runtime_Startup_firstFxns__A                                
00008f98  ADC_defaultParams                                               
00008fa0  ti_sysbios_family_arm_m3_Hwi_excHookFuncs__A                    
00008fa8  ti_sysbios_knl_Idle_funcList__A                                 
00008fb0  ti_sysbios_knl_Idle_funcList__C                                 
00008fb8  xdc_runtime_Startup_firstFxns__C                                
00008fc0  xdc_runtime_Startup_lastFxns__C                                 
00008fd4  ti_sysbios_family_arm_m3_Hwi_E_NMI__C                           
00008fd8  ti_sysbios_family_arm_m3_Hwi_E_alreadyDefined__C                
00008fdc  ti_sysbios_family_arm_m3_Hwi_E_badIntNum__C                     
00008fe0  ti_sysbios_family_arm_m3_Hwi_E_busFault__C                      
00008fe4  ti_sysbios_family_arm_m3_Hwi_E_debugMon__C                      
00008fe8  ti_sysbios_family_arm_m3_Hwi_E_hardFault__C                     
00008fec  ti_sysbios_family_arm_m3_Hwi_E_memFault__C                      
00008ff0  ti_sysbios_family_arm_m3_Hwi_E_noIsr__C                         
00008ff4  ti_sysbios_family_arm_m3_Hwi_E_reserved__C                      
00008ff8  ti_sysbios_family_arm_m3_Hwi_E_svCall__C                        
00008ffc  ti_sysbios_family_arm_m3_Hwi_E_usageFault__C                    
00009000  ti_sysbios_family_arm_m3_Hwi_LD_end__C                          
00009004  ti_sysbios_family_arm_m3_Hwi_LM_begin__C                        
00009008  ti_sysbios_family_arm_m3_Hwi_Module__diagsEnabled__C            
0000900c  ti_sysbios_family_arm_m3_Hwi_Module__diagsIncluded__C           
00009010  ti_sysbios_family_arm_m3_Hwi_Module__diagsMask__C               
00009014  ti_sysbios_family_arm_m3_Hwi_Module__loggerFxn1__C              
00009018  ti_sysbios_family_arm_m3_Hwi_Module__loggerFxn8__C              
0000901c  ti_sysbios_family_arm_m3_Hwi_Module__loggerObj__C               
00009020  ti_sysbios_family_arm_m3_Hwi_NUM_INTERRUPTS__C                  
00009024  ti_sysbios_family_arm_m3_Hwi_Object__count__C                   
00009028  ti_sysbios_family_arm_m3_Hwi_ccr__C                             
0000902c  ti_sysbios_family_arm_m3_Hwi_excHandlerFunc__C                  
00009030  ti_sysbios_family_arm_m3_Hwi_excHookFuncs__C                    
00009034  ti_sysbios_family_arm_m3_Hwi_nullIsrFunc__C                     
00009038  ti_sysbios_family_arm_m3_Hwi_priGroup__C                        
0000903c  ti_sysbios_family_arm_m3_Hwi_swiDisable__C                      
00009040  ti_sysbios_family_arm_m3_Hwi_swiRestore__C                      
00009044  ti_sysbios_family_arm_msp432_Timer_numTimerDevices__C           
00009048  ti_sysbios_family_arm_msp432_Timer_startupNeeded__C             
0000904c  ti_sysbios_gates_GateMutex_A_badContext__C                      
00009050  ti_sysbios_gates_GateMutex_Instance_State_sem__O                
00009054  ti_sysbios_gates_GateMutex_Module__diagsEnabled__C              
00009058  ti_sysbios_gates_GateMutex_Module__diagsIncluded__C             
0000905c  ti_sysbios_gates_GateMutex_Module__diagsMask__C                 
00009060  ti_sysbios_hal_Hwi_E_stackOverflow__C                           
00009064  ti_sysbios_heaps_HeapMem_A_align__C                             
00009068  ti_sysbios_heaps_HeapMem_A_heapSize__C                          
0000906c  ti_sysbios_heaps_HeapMem_A_invalidFree__C                       
00009070  ti_sysbios_heaps_HeapMem_A_zeroBlock__C                         
00009074  ti_sysbios_heaps_HeapMem_E_memory__C                            
00009078  ti_sysbios_heaps_HeapMem_Module__diagsEnabled__C                
0000907c  ti_sysbios_heaps_HeapMem_Module__diagsIncluded__C               
00009080  ti_sysbios_heaps_HeapMem_Module__diagsMask__C                   
00009084  ti_sysbios_heaps_HeapMem_Module__gateObj__C                     
00009088  ti_sysbios_heaps_HeapMem_Object__count__C                       
0000908c  ti_sysbios_heaps_HeapMem_primaryHeapBaseAddr__C                 
00009090  ti_sysbios_heaps_HeapMem_primaryHeapEndAddr__C                  
00009094  ti_sysbios_heaps_HeapMem_reqAlign__C                            
00009098  ti_sysbios_knl_Clock_LM_begin__C                                
0000909c  ti_sysbios_knl_Clock_LM_tick__C                                 
000090a0  ti_sysbios_knl_Clock_LW_delayed__C                              
000090a4  ti_sysbios_knl_Clock_Module_State_clockQ__O                     
000090a8  ti_sysbios_knl_Clock_Module__diagsEnabled__C                    
000090ac  ti_sysbios_knl_Clock_Module__diagsIncluded__C                   
000090b0  ti_sysbios_knl_Clock_Module__diagsMask__C                       
000090b4  ti_sysbios_knl_Clock_Module__loggerFxn1__C                      
000090b8  ti_sysbios_knl_Clock_Module__loggerFxn2__C                      
000090bc  ti_sysbios_knl_Clock_Module__loggerObj__C                       
000090c0  ti_sysbios_knl_Semaphore_A_badContext__C                        
000090c4  ti_sysbios_knl_Semaphore_A_noEvents__C                          
000090c8  ti_sysbios_knl_Semaphore_A_overflow__C                          
000090cc  ti_sysbios_knl_Semaphore_A_pendTaskDisabled__C                  
000090d0  ti_sysbios_knl_Semaphore_Instance_State_pendQ__O                
000090d4  ti_sysbios_knl_Semaphore_LM_pend__C                             
000090d8  ti_sysbios_knl_Semaphore_LM_post__C                             
000090dc  ti_sysbios_knl_Semaphore_Module__diagsEnabled__C                
000090e0  ti_sysbios_knl_Semaphore_Module__diagsIncluded__C               
000090e4  ti_sysbios_knl_Semaphore_Module__diagsMask__C                   
000090e8  ti_sysbios_knl_Semaphore_Module__loggerFxn2__C                  
000090ec  ti_sysbios_knl_Semaphore_Module__loggerFxn4__C                  
000090f0  ti_sysbios_knl_Semaphore_Module__loggerObj__C                   
000090f4  ti_sysbios_knl_Swi_LD_end__C                                    
000090f8  ti_sysbios_knl_Swi_LM_begin__C                                  
000090fc  ti_sysbios_knl_Swi_LM_post__C                                   
00009100  ti_sysbios_knl_Swi_Module__diagsEnabled__C                      
00009104  ti_sysbios_knl_Swi_Module__diagsIncluded__C                     
00009108  ti_sysbios_knl_Swi_Module__diagsMask__C                         
0000910c  ti_sysbios_knl_Swi_Module__loggerFxn1__C                        
00009110  ti_sysbios_knl_Swi_Module__loggerFxn4__C                        
00009114  ti_sysbios_knl_Swi_Module__loggerObj__C                         
00009118  ti_sysbios_knl_Swi_Object__count__C                             
0000911c  ti_sysbios_knl_Task_E_spOutOfBounds__C                          
00009120  ti_sysbios_knl_Task_E_stackOverflow__C                          
00009124  ti_sysbios_knl_Task_LD_block__C                                 
00009128  ti_sysbios_knl_Task_LD_exit__C                                  
0000912c  ti_sysbios_knl_Task_LD_ready__C                                 
00009130  ti_sysbios_knl_Task_LM_switch__C                                
00009134  ti_sysbios_knl_Task_Module_State_inactiveQ__O                   
00009138  ti_sysbios_knl_Task_Module__diagsEnabled__C                     
0000913c  ti_sysbios_knl_Task_Module__diagsIncluded__C                    
00009140  ti_sysbios_knl_Task_Module__diagsMask__C                        
00009144  ti_sysbios_knl_Task_Module__loggerFxn2__C                       
00009148  ti_sysbios_knl_Task_Module__loggerFxn4__C                       
0000914c  ti_sysbios_knl_Task_Module__loggerObj__C                        
00009150  ti_sysbios_knl_Task_Object__count__C                            
00009154  ti_sysbios_knl_Task_allBlockedFunc__C                           
00009158  ti_sysbios_knl_Task_numConstructedTasks__C                      
0000915c  xdc_runtime_Assert_E_assertFailed__C                            
00009160  xdc_runtime_Core_A_initializedParams__C                         
00009164  xdc_runtime_Core_Module__diagsEnabled__C                        
00009168  xdc_runtime_Core_Module__diagsIncluded__C                       
0000916c  xdc_runtime_Core_Module__diagsMask__C                           
00009170  xdc_runtime_Error_E_memory__C                                   
00009174  xdc_runtime_Error_policyFxn__C                                  
00009178  xdc_runtime_Error_raiseHook__C                                  
0000917c  xdc_runtime_IGateProvider_Interface__BASE__C                    
00009180  xdc_runtime_IHeap_Interface__BASE__C                            
00009184  xdc_runtime_IModule_Interface__BASE__C                          
00009188  xdc_runtime_Memory_defaultHeapInstance__C                       
0000918c  xdc_runtime_Startup_execImpl__C                                 
00009190  xdc_runtime_Startup_maxPasses__C                                
00009194  xdc_runtime_Startup_sfxnRts__C                                  
00009198  xdc_runtime_Startup_sfxnTab__C                                  
0000919c  xdc_runtime_SysMin_bufSize__C                                   
000091a0  xdc_runtime_SysMin_outputFunc__C                                
000091a4  xdc_runtime_System_Module__gateObj__C                           
000091a8  xdc_runtime_System_abortFxn__C                                  
000091ac  xdc_runtime_System_exitFxn__C                                   
000091b0  xdc_runtime_System_extendFxn__C                                 
000091b4  xdc_runtime_System_maxAtexitHandlers__C                         
000091b8  xdc_runtime_Text_charTab__C                                     
000091bc  xdc_runtime_Text_nodeTab__C                                     
000091c0  xdc_runtime_Text_visitRopeFxn__C                                
000091c4  ti_sysbios_family_arm_m3_Hwi_Module__loggerDefined__C           
000091c6  ti_sysbios_family_arm_msp432_init_Boot_bypassHFXT__C            
000091c8  ti_sysbios_family_arm_msp432_init_Boot_bypassLFXT__C            
000091ca  ti_sysbios_family_arm_msp432_init_Boot_enableHFXT__C            
000091cc  ti_sysbios_family_arm_msp432_init_Boot_enableLFXT__C            
000091ce  ti_sysbios_gates_GateMutex_Module__id__C                        
000091d0  ti_sysbios_hal_Hwi_Module__id__C                                
000091d2  ti_sysbios_heaps_HeapMem_Module__id__C                          
000091d4  ti_sysbios_knl_Clock_Module__id__C                              
000091d6  ti_sysbios_knl_Clock_Module__loggerDefined__C                   
000091d8  ti_sysbios_knl_Semaphore_Module__id__C                          
000091da  ti_sysbios_knl_Semaphore_Module__loggerDefined__C               
000091dc  ti_sysbios_knl_Swi_Module__id__C                                
000091de  ti_sysbios_knl_Swi_Module__loggerDefined__C                     
000091e0  ti_sysbios_knl_Task_Module__id__C                               
000091e2  ti_sysbios_knl_Task_Module__loggerDefined__C                    
000091e4  xdc_runtime_Core_Module__id__C                                  
000091e6  xdc_runtime_Error_Module__loggerDefined__C                      
000091e8  xdc_runtime_Error_maxDepth__C                                   
000091ea  xdc_runtime_Memory_Module__id__C                                
000091ec  xdc_runtime_SysMin_flushAtExit__C                               
000091ee  xdc_runtime_Text_isLoaded__C                                    
000091f0  xdc_runtime_Text_registryModsLastId__C                          
000091f2  xdc_runtime_Text_unnamedModsLastId__C                           
000091f8  __TI_static_base__                                              
0000947c  __TI_Handler_Table_Base                                         
00009488  __TI_Handler_Table_Limit                                        
00009490  __TI_CINIT_Base                                                 
000094a0  __TI_CINIT_Limit                                                
20000000  __start___llvm_prf_cnts                                         
20000000  __stop___llvm_prf_cnts                                          
20000000  ti_sysbios_family_arm_m3_Hwi_ramVectors                         
20000140  __primary_heap_start__                                          
20008140  __primary_heap_end__                                            
20008140  ti_sysbios_knl_Task_Instance_State_0_stack__A                   
20008340  ti_sysbios_knl_Task_Instance_State_1_stack__A                   
20008540  ti_sysbios_family_arm_m3_Hwi_dispatchTable                      
20008680  __CIOBUF_                                                       
200087a0  xdc_runtime_SysMin_Module_State_0_outbuf__A                     
20008858  parmbuf                                                         
20008864  adcMSP432Objects                                                
20008868  cal30                                                           
2000886c  cal85                                                           
20008870  calDifference                                                   
20008874  temperatureReading                                              
20008878  PowerMSP432_perfLevels                                          
200089b8  ti_sysbios_knl_Task_Object__table__V                            
20008a50  ti_sysbios_knl_Swi_Module_State_0_readyQ__A                     
20008ad0  ti_sysbios_knl_Task_Module_State_0_readyQ__A                    
20008b50  ti_sysbios_knl_Swi_Object__table__V                             
20008bb0  myPerfLevels                                                    
20008c00  ti_sysbios_family_arm_msp432_Timer_Object__table__V             
20008c44  ti_sysbios_knl_Task_Module__state__V                            
20008c88  ti_sysbios_gates_GateMutex_Object__table__V                     
20008cc0  gpioPinConfigs                                                  
20008cf4  ti_sysbios_family_arm_m3_Hwi_Module__state__V                   
20008d28  ti_sysbios_family_arm_m3_Hwi_Object__table__V                   
20008d58  PowerMSP432_module                                              
20008d84  ti_sysbios_knl_Clock_Module__state__V                           
20008db0  ti_sysbios_BIOS_Module__state__V                                
20008dd4  ti_sysbios_family_arm_msp432_Timer_Module_State_0_device__A     
20008df4  xdc_runtime_Error_IgnoreBlock                                   
20008e14  ti_sysbios_knl_Swi_Module__state__V                             
20008e30  ti_sysbios_heaps_HeapMem_Object__table__V                       
20008e48  ti_sysbios_knl_Semaphore_Object__table__V                       
20008e5c  gpioCallbackFunctions                                           
20008e6c  ti_sysbios_family_arm_msp432_Timer_Module_State_0_handles__A    
20008e7c  ti_sysbios_family_arm_msp432_ClockFreqs_Module__state__V        
20008e88  ti_sysbios_family_arm_msp432_Timer_Module__state__V             
20008e94  xdc_runtime_SysMin_Module__state__V                             
20008ea0  _lock                                                           
20008ea4  _unlock                                                         
20008eb0  print                                                           
20008eb4  whichSwitch                                                     
20008eb8  ti_sysbios_family_arm_m3_Hwi_Module__root__V                    
20008ec0  ti_sysbios_gates_GateHwi_Module__root__V                        
20008ec8  ti_sysbios_gates_GateMutex_Module__root__V                      
20008ed0  ti_sysbios_hal_Hwi_Object__table__V                             
20008ed8  ti_sysbios_heaps_HeapMem_Module__root__V                        
20008ee0  ti_sysbios_knl_Queue_Module__root__V                            
20008ee8  ti_sysbios_knl_Semaphore_Module__root__V                        
20008ef0  xdc_runtime_Registry_Module__state__V                           
20008ef8  xdc_runtime_Startup_Module__state__V                            
20008f00  xdc_runtime_System_Module_State_0_atexitHandlers__A             
20008f08  xdc_runtime_System_Module__state__V                             
20008f10  main_func_sp                                                    
20008f14  ti_sysbios_family_arm_m3_Hwi_Module_State_0_excContext__A       
20008f18  ti_sysbios_family_arm_m3_Hwi_Module_State_0_excStack__A         
20008f1c  ti_sysbios_gates_GateHwi_Object__table__V                       
20008f20  ti_sysbios_knl_Task_Module_State_0_idleTask__A                  
20008f24  xdc_runtime_Memory_Module__state__V                             
20008f2a  ti_sysbios_family_arm_m3_Hwi_Module_State_0_excActive__A        
20008f2c  xdc_runtime_Error_Module__state__V                              
2000fc00  __stack                                                         
20010000  __STACK_END                                                     
4000480c  WDTCTL_SYM                                                      
e000e000  ti_sysbios_family_arm_m3_Hwi_nvic                               
ffffffff  __TI_pprof_out_hndl                                             
ffffffff  __TI_prof_data_size                                             
ffffffff  __TI_prof_data_start                                            
ffffffff  __binit__                                                       
ffffffff  __c_args__                                                      
ffffffff  binit                                                           
UNDEFED   SHT$$INIT_ARRAY$$Base                                           
UNDEFED   SHT$$INIT_ARRAY$$Limit                                          

[663 symbols]
